******************************************************************************
                  TI ARM Linker PC v15.9.0                     
******************************************************************************
>> Linked Mon Mar 07 16:19:09 2016

OUTPUT FILE NAME:   <multi_role.out>
ENTRY POINT SYMBOL: "ResetISR"  address: 00004ec5


MEMORY CONFIGURATION

         name            origin    length      used     unused   attr    fill
----------------------  --------  ---------  --------  --------  ----  --------
  FLASH                 00000000   0000cfff  000077d3  0000582c  R  X
  FLASH_LAST_PAGE       0001f000   00001000  00000058  00000fa8  R  X
  SRAM                  20000000   00004477  00004356  00000121  RW X


SEGMENT ALLOCATION MAP

run origin  load origin   length   init length attrs members
----------  ----------- ---------- ----------- ----- -------
00000000    00000000    000077e0   000077e0    r-x
  00000000    00000000    0000003c   0000003c    r-- .resetVecs
  0000003c    0000003c    000000c4   000000c4    r-x .text.1
  00000100    00000100    0000003c   0000003c    r-- .const:ti_sysbios_knl_Task_Object__PARAMS__C
  0000013c    0000013c    00000034   00000034    r-- .const:ti_sysbios_knl_Mailbox_Object__PARAMS__C
  00000170    00000170    00000030   00000030    r-- .const:ti_sysbios_family_arm_m3_Hwi_Object__PARAMS__C
  000001a0    000001a0    0000002c   0000002c    r-- .const:ti_sysbios_hal_Hwi_Object__PARAMS__C
  000001cc    000001cc    00000028   00000028    r-- .const:ti_sysbios_heaps_HeapMem_Module__FXNS__C
  000001f4    000001f4    00000028   00000028    r-- .const:ti_sysbios_knl_Swi_Object__PARAMS__C
  0000021c    0000021c    00000024   00000024    r-- .const:ti_sysbios_gates_GateHwi_Module__FXNS__C
  00000240    00000240    00000024   00000024    r-- .const:ti_sysbios_gates_GateMutex_Module__FXNS__C
  00000264    00000264    00000024   00000024    r-- .const:ti_sysbios_heaps_HeapMem_Object__PARAMS__C
  00000288    00000288    00000024   00000024    r-- .const:ti_sysbios_knl_Clock_Object__PARAMS__C
  000002ac    000002ac    00000024   00000024    r-- .const:ti_sysbios_knl_Semaphore_Object__PARAMS__C
  000002d0    000002d0    00000020   00000020    r-- .const:ti_sysbios_family_arm_m3_Hwi_Object__DESC__C
  000002f0    000002f0    00000020   00000020    r-- .const:ti_sysbios_gates_GateHwi_Object__DESC__C
  00000310    00000310    00000020   00000020    r-- .const:ti_sysbios_gates_GateMutex_Object__DESC__C
  00000330    00000330    00000020   00000020    r-- .const:ti_sysbios_hal_Hwi_Object__DESC__C
  00000350    00000350    00000020   00000020    r-- .const:ti_sysbios_heaps_HeapMem_Object__DESC__C
  00000370    00000370    00000020   00000020    r-- .const:ti_sysbios_knl_Clock_Object__DESC__C
  00000390    00000390    00000020   00000020    r-- .const:ti_sysbios_knl_Mailbox_Object__DESC__C
  000003b0    000003b0    00000020   00000020    r-- .const:ti_sysbios_knl_Queue_Object__DESC__C
  000003d0    000003d0    00000020   00000020    r-- .const:ti_sysbios_knl_Semaphore_Object__DESC__C
  000003f0    000003f0    00000020   00000020    r-- .const:ti_sysbios_knl_Swi_Object__DESC__C
  00000410    00000410    00000020   00000020    r-- .const:ti_sysbios_knl_Task_Object__DESC__C
  00000430    00000430    00000018   00000018    r-- .const:ti_sysbios_gates_GateHwi_Object__PARAMS__C
  00000448    00000448    00000018   00000018    r-- .const:ti_sysbios_gates_GateMutex_Object__PARAMS__C
  00000460    00000460    00000018   00000018    r-- .const:ti_sysbios_knl_Queue_Object__PARAMS__C
  00000478    00000478    00000008   00000008    r-- .const:ti_sysbios_knl_Idle_funcList__C
  00000480    00000480    00000004   00000004    r-x .text.2
  00000484    00000484    00000004   00000004    r-- .const:ti_sysbios_family_arm_cc26xx_Timer_startupNeeded__C
  00000488    00000488    00000004   00000004    r-- .const:ti_sysbios_family_arm_m3_Hwi_E_alreadyDefined__C
  0000048c    0000048c    00000004   00000004    r-- .const:ti_sysbios_family_arm_m3_Hwi_E_hwiLimitExceeded__C
  00000490    00000490    00000004   00000004    r-- .const:ti_sysbios_family_arm_m3_Hwi_NUM_INTERRUPTS__C
  00000494    00000494    00000004   00000004    r-- .const:ti_sysbios_family_arm_m3_Hwi_Object__count__C
  00000498    00000498    00000004   00000004    r-- .const:ti_sysbios_family_arm_m3_Hwi_Object__table__C
  0000049c    0000049c    00000004   00000004    r-- .const:ti_sysbios_family_arm_m3_Hwi_ccr__C
  000004a0    000004a0    00000004   00000004    r-- .const:ti_sysbios_family_arm_m3_Hwi_excHandlerFunc__C
  000004a4    000004a4    00000004   00000004    r-- .const:ti_sysbios_family_arm_m3_Hwi_nullIsrFunc__C
  000004a8    000004a8    00000004   00000004    r-- .const:ti_sysbios_family_arm_m3_Hwi_numSparseInterrupts__C
  000004ac    000004ac    00000004   00000004    r-- .const:ti_sysbios_family_arm_m3_Hwi_priGroup__C
  000004b0    000004b0    00000004   00000004    r-- .const:ti_sysbios_family_arm_m3_TaskSupport_stackAlignment__C
  000004b4    000004b4    00000004   00000004    r-- .const:ti_sysbios_heaps_HeapMem_E_memory__C
  000004b8    000004b8    00000004   00000004    r-- .const:ti_sysbios_heaps_HeapMem_Module__gateObj__C
  000004bc    000004bc    00000004   00000004    r-- .const:ti_sysbios_heaps_HeapMem_Object__count__C
  000004c0    000004c0    00000004   00000004    r-- .const:ti_sysbios_heaps_HeapMem_Object__table__C
  000004c4    000004c4    00000004   00000004    r-- .const:ti_sysbios_heaps_HeapMem_reqAlign__C
  000004c8    000004c8    00000004   00000004    r-- .const:ti_sysbios_knl_Clock_serviceMargin__C
  000004cc    000004cc    00000004   00000004    r-- .const:ti_sysbios_knl_Mailbox_Object__count__C
  000004d0    000004d0    00000004   00000004    r-- .const:ti_sysbios_knl_Mailbox_Object__table__C
  000004d4    000004d4    00000004   00000004    r-- .const:ti_sysbios_knl_Queue_Object__count__C
  000004d8    000004d8    00000004   00000004    r-- .const:ti_sysbios_knl_Queue_Object__table__C
  000004dc    000004dc    00000004   00000004    r-- .const:ti_sysbios_knl_Swi_Object__count__C
  000004e0    000004e0    00000004   00000004    r-- .const:ti_sysbios_knl_Swi_Object__table__C
  000004e4    000004e4    00000004   00000004    r-- .const:ti_sysbios_knl_Swi_numPriorities__C
  000004e8    000004e8    00000004   00000004    r-- .const:ti_sysbios_knl_Task_Object__count__C
  000004ec    000004ec    00000004   00000004    r-- .const:ti_sysbios_knl_Task_Object__table__C
  000004f0    000004f0    00000004   00000004    r-- .const:ti_sysbios_knl_Task_allBlockedFunc__C
  000004f4    000004f4    00000004   00000004    r-- .const:ti_sysbios_knl_Task_defaultStackHeap__C
  000004f8    000004f8    00000004   00000004    r-- .const:ti_sysbios_knl_Task_defaultStackSize__C
  000004fc    000004fc    00000004   00000004    r-- .const:ti_sysbios_knl_Task_numConstructedTasks__C
  00000500    00000500    00000002   00000002    r-x .text.3
  00000502    00000502    00000002   00000002    r-- .const:ti_sysbios_family_arm_cc26xx_Timer_Module__id__C
  00000504    00000504    00000002   00000002    r-- .const:ti_sysbios_family_arm_cc26xx_TimestampProvider_useClockTimer__C
  00000506    00000506    00000002   00000002    r-- .const:ti_sysbios_family_arm_m3_Hwi_Module__id__C
  00000508    00000508    00000002   00000002    r-- .const:ti_sysbios_gates_GateHwi_Module__id__C
  0000050a    0000050a    00000002   00000002    r-- .const:ti_sysbios_gates_GateMutex_Module__id__C
  0000050c    0000050c    00000002   00000002    r-- .const:ti_sysbios_heaps_HeapMem_Module__id__C
  0000050e    0000050e    00000002   00000002    r-- .const:ti_sysbios_knl_Task_initStackFlag__C
  00000510    00000510    00000001   00000001    r-- .const:ti_sysbios_knl_Clock_tickMode__C
  00000514    00000514    00000008   00000008    r-- .const:xdc_runtime_Startup_firstFxns__C
  0000051c    0000051c    00000008   00000008    r-- .const:xdc_runtime_Startup_lastFxns__C
  00000524    00000524    00000004   00000004    r-- .const:xdc_runtime_Assert_E_assertFailed__C
  00000528    00000528    00000004   00000004    r-- .const:xdc_runtime_Error_E_memory__C
  0000052c    0000052c    00000004   00000004    r-- .const:xdc_runtime_Error_policyFxn__C
  00000530    00000530    00000004   00000004    r-- .const:xdc_runtime_IGateProvider_Interface__BASE__C
  00000534    00000534    00000004   00000004    r-- .const:xdc_runtime_IHeap_Interface__BASE__C
  00000538    00000538    00000004   00000004    r-- .const:xdc_runtime_IModule_Interface__BASE__C
  0000053c    0000053c    00000004   00000004    r-- .const:xdc_runtime_Main_Module__diagsEnabled__C
  00000540    00000540    00000004   00000004    r-- .const:xdc_runtime_Main_Module__diagsIncluded__C
  00000544    00000544    00000004   00000004    r-- .const:xdc_runtime_Main_Module__diagsMask__C
  00000548    00000548    00000004   00000004    r-- .const:xdc_runtime_Memory_defaultHeapInstance__C
  0000054c    0000054c    00000004   00000004    r-- .const:xdc_runtime_Startup_execImpl__C
  00000550    00000550    00000004   00000004    r-- .const:xdc_runtime_Startup_maxPasses__C
  00000554    00000554    00000004   00000004    r-- .const:xdc_runtime_Startup_sfxnRts__C
  00000558    00000558    00000004   00000004    r-- .const:xdc_runtime_Startup_sfxnTab__C
  0000055c    0000055c    00000004   00000004    r-- .const:xdc_runtime_Startup_startModsFxn__C
  00000560    00000560    00000004   00000004    r-- .const:xdc_runtime_SysCallback_abortFxn__C
  00000564    00000564    00000004   00000004    r-- .const:xdc_runtime_SysCallback_exitFxn__C
  00000568    00000568    00000004   00000004    r-- .const:xdc_runtime_System_abortFxn__C
  0000056c    0000056c    00000004   00000004    r-- .const:xdc_runtime_System_exitFxn__C
  00000570    00000570    00000004   00000004    r-- .const:xdc_runtime_System_maxAtexitHandlers__C
  00000574    00000574    00000004   00000004    r-- .const:xdc_runtime_Text_charTab__C
  00000578    00000578    00000004   00000004    r-- .const:xdc_runtime_Text_nameEmpty__C
  0000057c    0000057c    00000004   00000004    r-- .const:xdc_runtime_Text_nameStatic__C
  00000580    00000580    00000004   00000004    r-- .const:xdc_runtime_Text_nameUnknown__C
  00000584    00000584    00000002   00000002    r-- .const:xdc_runtime_Main_Module__id__C
  00000586    00000586    00000002   00000002    r-- .const:xdc_runtime_Memory_Module__id__C
  00000588    00000588    00000002   00000002    r-- .const:xdc_runtime_Text_charCnt__C
  0000058a    0000058a    00000002   00000002    r-- .const:xdc_runtime_Text_isLoaded__C
  0000058c    0000058c    00000001   00000001    r-- .const:xdc_runtime_Error_policy__C
  00000590    00000590    00000004   00000004    r-- .const:ti_sysbios_rom_ROM_AONRTCChannelEnable
  00000594    00000594    00000004   00000004    r-- .const:ti_sysbios_rom_ROM_AONRTCCompareValueSet
  00000598    00000598    00000004   00000004    r-- .const:ti_sysbios_rom_ROM_AONRTCCurrentCompareValueGet
  0000059c    0000059c    00000004   00000004    r-- .const:ti_sysbios_rom_ROM_AONRTCEventClear
  000005a0    000005a0    00000004   00000004    r-- .const:ti_sysbios_rom_ROM_ti_sysbios_family_arm_cc26xx_Timer_getCount64__E
  000005a4    000005a4    00000004   00000004    r-- .const:ti_sysbios_rom_ROM_ti_sysbios_family_arm_cc26xx_Timer_getCurrentTick__E
  000005a8    000005a8    00000004   00000004    r-- .const:ti_sysbios_rom_ROM_ti_sysbios_family_arm_cc26xx_Timer_getMaxTicks__E
  000005ac    000005ac    00000004   00000004    r-- .const:ti_sysbios_rom_ROM_ti_sysbios_family_arm_cc26xx_Timer_initDevice__I
  000005b0    000005b0    00000004   00000004    r-- .const:ti_sysbios_rom_ROM_ti_sysbios_family_arm_cc26xx_Timer_setNextTick__E
  000005b4    000005b4    00000004   00000004    r-- .const:ti_sysbios_rom_ROM_ti_sysbios_family_arm_cc26xx_Timer_setThreshold__I
  000005b8    000005b8    00000004   00000004    r-- .const:ti_sysbios_rom_ROM_ti_sysbios_family_arm_cc26xx_Timer_start__E
  000005bc    000005bc    00000004   00000004    r-- .const:ti_sysbios_rom_ROM_ti_sysbios_family_arm_cc26xx_TimestampProvider_get32__E
  000005c0    000005c0    00000004   00000004    r-- .const:ti_sysbios_rom_ROM_xdc_runtime_Startup_getState__I
  000005c4    000005c4    00000004   00000004    r-- .const:ti_sysbios_rom_ROM_xdc_runtime_System_SupportProxy_abort__E
  000005c8    000005c8    00000004   00000004    r-- .const:ti_sysbios_rom_ROM_xdc_runtime_System_SupportProxy_exit__E
  000005cc    000005cc    00000004   00000004    r-- .const:ti_sysbios_gates_GateMutex_Instance_State_sem__O
  000005d0    000005d0    00000004   00000004    r-- .const:ti_sysbios_knl_Clock_Module_State_clockQ__O
  000005d4    000005d4    00000004   00000004    r-- .const:ti_sysbios_knl_Mailbox_Instance_State_dataQue__O
  000005d8    000005d8    00000004   00000004    r-- .const:ti_sysbios_knl_Mailbox_Instance_State_dataSem__O
  000005dc    000005dc    00000004   00000004    r-- .const:ti_sysbios_knl_Mailbox_Instance_State_freeQue__O
  000005e0    000005e0    00000004   00000004    r-- .const:ti_sysbios_knl_Mailbox_Instance_State_freeSem__O
  000005e4    000005e4    00000004   00000004    r-- .const:ti_sysbios_knl_Semaphore_Instance_State_pendQ__O
  000005e8    000005e8    00000004   00000004    r-- .const:ti_sysbios_knl_Task_Module_State_inactiveQ__O
  000005ec    000005ec    00006840   00006840    r-x .text.4
  00006e2c    00006e2c    000004ad   000004ad    r-- .const
  000072e0    000072e0    00000500   00000500    r-- .cinit
0001ffa8    0001ffa8    00000058   00000058    r--
  0001ffa8    0001ffa8    00000058   00000058    r-- .ccfg
20000000    20000000    000000c8   00000000    rw-
  20000000    20000000    000000c8   00000000    rw- .vecs
20000100    20000100    00003e98   00000000    rw-
  20000100    20000100    00000044   00000000    rw- .data:ti_sysbios_knl_Task_Module__state__V
  20000144    20000144    00000034   00000000    rw- .data:ti_sysbios_family_arm_m3_Hwi_Module__state__V
  20000178    20000178    0000002c   00000000    rw- .data:ti_sysbios_knl_Clock_Module__state__V
  200001a4    200001a4    00000024   00000000    rw- .data:ti_sysbios_BIOS_Module__state__V
  200001c8    200001c8    0000001c   00000000    rw- .data:ti_sysbios_knl_Swi_Module__state__V
  200001e4    200001e4    00000008   00000000    rw- .data:ti_sysbios_family_arm_cc26xx_Timer_Module__state__V
  200001ec    200001ec    00000004   00000000    rw- .data:ti_sysbios_family_arm_cc26xx_TimestampProvider_Module__state__V
  200001f0    200001f0    00000008   00000000    rw- .data:xdc_runtime_Startup_Module__state__V
  200001f8    200001f8    00000008   00000000    rw- .data:xdc_runtime_System_Module__state__V
  20000200    20000200    00000004   00000000    rw- .data:xdc_runtime_Memory_Module__state__V
  20000208    20000208    000027b2   00000000    rw- .bss
  200029c0    200029c0    000015d8   00000000    rw- .data
20004074    20004074    00000400   00000000    rw-
  20004074    20004074    00000400   00000000    rw- .stack


SECTION ALLOCATION MAP

 output                                  attributes/
section   page    origin      length       input sections
--------  ----  ----------  ----------   ----------------
.resetVecs 
*          0    00000000    0000003c     
                  00000000    0000003c     appBLE_pem3.oem3 (.resetVecs)

.text.1    0    0000003c    000000c4     
                  0000003c    000000bc     UARTCC26XX.obj (.text:UARTCC26XX_initHw$10)
                  000000f8    00000008     (.tramp.ti_sysbios_BIOS_getCpuFreq__E.1)

.const:ti_sysbios_knl_Task_Object__PARAMS__C 
*          0    00000100    0000003c     
                  00000100    0000003c     appBLE_pem3.oem3 (.const:ti_sysbios_knl_Task_Object__PARAMS__C)

.const:ti_sysbios_knl_Mailbox_Object__PARAMS__C 
*          0    0000013c    00000034     
                  0000013c    00000034     appBLE_pem3.oem3 (.const:ti_sysbios_knl_Mailbox_Object__PARAMS__C)

.const:ti_sysbios_family_arm_m3_Hwi_Object__PARAMS__C 
*          0    00000170    00000030     
                  00000170    00000030     appBLE_pem3.oem3 (.const:ti_sysbios_family_arm_m3_Hwi_Object__PARAMS__C)

.const:ti_sysbios_hal_Hwi_Object__PARAMS__C 
*          0    000001a0    0000002c     
                  000001a0    0000002c     appBLE_pem3.oem3 (.const:ti_sysbios_hal_Hwi_Object__PARAMS__C)

.const:ti_sysbios_heaps_HeapMem_Module__FXNS__C 
*          0    000001cc    00000028     
                  000001cc    00000028     appBLE_pem3.oem3 (.const:ti_sysbios_heaps_HeapMem_Module__FXNS__C)

.const:ti_sysbios_knl_Swi_Object__PARAMS__C 
*          0    000001f4    00000028     
                  000001f4    00000028     appBLE_pem3.oem3 (.const:ti_sysbios_knl_Swi_Object__PARAMS__C)

.const:ti_sysbios_gates_GateHwi_Module__FXNS__C 
*          0    0000021c    00000024     
                  0000021c    00000024     appBLE_pem3.oem3 (.const:ti_sysbios_gates_GateHwi_Module__FXNS__C)

.const:ti_sysbios_gates_GateMutex_Module__FXNS__C 
*          0    00000240    00000024     
                  00000240    00000024     appBLE_pem3.oem3 (.const:ti_sysbios_gates_GateMutex_Module__FXNS__C)

.const:ti_sysbios_heaps_HeapMem_Object__PARAMS__C 
*          0    00000264    00000024     
                  00000264    00000024     appBLE_pem3.oem3 (.const:ti_sysbios_heaps_HeapMem_Object__PARAMS__C)

.const:ti_sysbios_knl_Clock_Object__PARAMS__C 
*          0    00000288    00000024     
                  00000288    00000024     appBLE_pem3.oem3 (.const:ti_sysbios_knl_Clock_Object__PARAMS__C)

.const:ti_sysbios_knl_Semaphore_Object__PARAMS__C 
*          0    000002ac    00000024     
                  000002ac    00000024     appBLE_pem3.oem3 (.const:ti_sysbios_knl_Semaphore_Object__PARAMS__C)

.const:ti_sysbios_family_arm_m3_Hwi_Object__DESC__C 
*          0    000002d0    00000020     
                  000002d0    00000020     appBLE_pem3.oem3 (.const:ti_sysbios_family_arm_m3_Hwi_Object__DESC__C)

.const:ti_sysbios_gates_GateHwi_Object__DESC__C 
*          0    000002f0    00000020     
                  000002f0    00000020     appBLE_pem3.oem3 (.const:ti_sysbios_gates_GateHwi_Object__DESC__C)

.const:ti_sysbios_gates_GateMutex_Object__DESC__C 
*          0    00000310    00000020     
                  00000310    00000020     appBLE_pem3.oem3 (.const:ti_sysbios_gates_GateMutex_Object__DESC__C)

.const:ti_sysbios_hal_Hwi_Object__DESC__C 
*          0    00000330    00000020     
                  00000330    00000020     appBLE_pem3.oem3 (.const:ti_sysbios_hal_Hwi_Object__DESC__C)

.const:ti_sysbios_heaps_HeapMem_Object__DESC__C 
*          0    00000350    00000020     
                  00000350    00000020     appBLE_pem3.oem3 (.const:ti_sysbios_heaps_HeapMem_Object__DESC__C)

.const:ti_sysbios_knl_Clock_Object__DESC__C 
*          0    00000370    00000020     
                  00000370    00000020     appBLE_pem3.oem3 (.const:ti_sysbios_knl_Clock_Object__DESC__C)

.const:ti_sysbios_knl_Mailbox_Object__DESC__C 
*          0    00000390    00000020     
                  00000390    00000020     appBLE_pem3.oem3 (.const:ti_sysbios_knl_Mailbox_Object__DESC__C)

.const:ti_sysbios_knl_Queue_Object__DESC__C 
*          0    000003b0    00000020     
                  000003b0    00000020     appBLE_pem3.oem3 (.const:ti_sysbios_knl_Queue_Object__DESC__C)

.const:ti_sysbios_knl_Semaphore_Object__DESC__C 
*          0    000003d0    00000020     
                  000003d0    00000020     appBLE_pem3.oem3 (.const:ti_sysbios_knl_Semaphore_Object__DESC__C)

.const:ti_sysbios_knl_Swi_Object__DESC__C 
*          0    000003f0    00000020     
                  000003f0    00000020     appBLE_pem3.oem3 (.const:ti_sysbios_knl_Swi_Object__DESC__C)

.const:ti_sysbios_knl_Task_Object__DESC__C 
*          0    00000410    00000020     
                  00000410    00000020     appBLE_pem3.oem3 (.const:ti_sysbios_knl_Task_Object__DESC__C)

.const:ti_sysbios_gates_GateHwi_Object__PARAMS__C 
*          0    00000430    00000018     
                  00000430    00000018     appBLE_pem3.oem3 (.const:ti_sysbios_gates_GateHwi_Object__PARAMS__C)

.const:ti_sysbios_gates_GateMutex_Object__PARAMS__C 
*          0    00000448    00000018     
                  00000448    00000018     appBLE_pem3.oem3 (.const:ti_sysbios_gates_GateMutex_Object__PARAMS__C)

.const:ti_sysbios_knl_Queue_Object__PARAMS__C 
*          0    00000460    00000018     
                  00000460    00000018     appBLE_pem3.oem3 (.const:ti_sysbios_knl_Queue_Object__PARAMS__C)

.const:ti_sysbios_knl_Idle_funcList__C 
*          0    00000478    00000008     
                  00000478    00000008     appBLE_pem3.oem3 (.const:ti_sysbios_knl_Idle_funcList__C)

.text.2    0    00000480    00000004     
                  00000480    00000004     ICall.obj (.text:ICall_primAbort$6)

.const:ti_sysbios_family_arm_cc26xx_Timer_startupNeeded__C 
*          0    00000484    00000004     
                  00000484    00000004     appBLE_pem3.oem3 (.const:ti_sysbios_family_arm_cc26xx_Timer_startupNeeded__C)

.const:ti_sysbios_family_arm_m3_Hwi_E_alreadyDefined__C 
*          0    00000488    00000004     
                  00000488    00000004     appBLE_pem3.oem3 (.const:ti_sysbios_family_arm_m3_Hwi_E_alreadyDefined__C)

.const:ti_sysbios_family_arm_m3_Hwi_E_hwiLimitExceeded__C 
*          0    0000048c    00000004     
                  0000048c    00000004     appBLE_pem3.oem3 (.const:ti_sysbios_family_arm_m3_Hwi_E_hwiLimitExceeded__C)

.const:ti_sysbios_family_arm_m3_Hwi_NUM_INTERRUPTS__C 
*          0    00000490    00000004     
                  00000490    00000004     appBLE_pem3.oem3 (.const:ti_sysbios_family_arm_m3_Hwi_NUM_INTERRUPTS__C)

.const:ti_sysbios_family_arm_m3_Hwi_Object__count__C 
*          0    00000494    00000004     
                  00000494    00000004     appBLE_pem3.oem3 (.const:ti_sysbios_family_arm_m3_Hwi_Object__count__C)

.const:ti_sysbios_family_arm_m3_Hwi_Object__table__C 
*          0    00000498    00000004     
                  00000498    00000004     appBLE_pem3.oem3 (.const:ti_sysbios_family_arm_m3_Hwi_Object__table__C)

.const:ti_sysbios_family_arm_m3_Hwi_ccr__C 
*          0    0000049c    00000004     
                  0000049c    00000004     appBLE_pem3.oem3 (.const:ti_sysbios_family_arm_m3_Hwi_ccr__C)

.const:ti_sysbios_family_arm_m3_Hwi_excHandlerFunc__C 
*          0    000004a0    00000004     
                  000004a0    00000004     appBLE_pem3.oem3 (.const:ti_sysbios_family_arm_m3_Hwi_excHandlerFunc__C)

.const:ti_sysbios_family_arm_m3_Hwi_nullIsrFunc__C 
*          0    000004a4    00000004     
                  000004a4    00000004     appBLE_pem3.oem3 (.const:ti_sysbios_family_arm_m3_Hwi_nullIsrFunc__C)

.const:ti_sysbios_family_arm_m3_Hwi_numSparseInterrupts__C 
*          0    000004a8    00000004     
                  000004a8    00000004     appBLE_pem3.oem3 (.const:ti_sysbios_family_arm_m3_Hwi_numSparseInterrupts__C)

.const:ti_sysbios_family_arm_m3_Hwi_priGroup__C 
*          0    000004ac    00000004     
                  000004ac    00000004     appBLE_pem3.oem3 (.const:ti_sysbios_family_arm_m3_Hwi_priGroup__C)

.const:ti_sysbios_family_arm_m3_TaskSupport_stackAlignment__C 
*          0    000004b0    00000004     
                  000004b0    00000004     appBLE_pem3.oem3 (.const:ti_sysbios_family_arm_m3_TaskSupport_stackAlignment__C)

.const:ti_sysbios_heaps_HeapMem_E_memory__C 
*          0    000004b4    00000004     
                  000004b4    00000004     appBLE_pem3.oem3 (.const:ti_sysbios_heaps_HeapMem_E_memory__C)

.const:ti_sysbios_heaps_HeapMem_Module__gateObj__C 
*          0    000004b8    00000004     
                  000004b8    00000004     appBLE_pem3.oem3 (.const:ti_sysbios_heaps_HeapMem_Module__gateObj__C)

.const:ti_sysbios_heaps_HeapMem_Object__count__C 
*          0    000004bc    00000004     
                  000004bc    00000004     appBLE_pem3.oem3 (.const:ti_sysbios_heaps_HeapMem_Object__count__C)

.const:ti_sysbios_heaps_HeapMem_Object__table__C 
*          0    000004c0    00000004     
                  000004c0    00000004     appBLE_pem3.oem3 (.const:ti_sysbios_heaps_HeapMem_Object__table__C)

.const:ti_sysbios_heaps_HeapMem_reqAlign__C 
*          0    000004c4    00000004     
                  000004c4    00000004     appBLE_pem3.oem3 (.const:ti_sysbios_heaps_HeapMem_reqAlign__C)

.const:ti_sysbios_knl_Clock_serviceMargin__C 
*          0    000004c8    00000004     
                  000004c8    00000004     appBLE_pem3.oem3 (.const:ti_sysbios_knl_Clock_serviceMargin__C)

.const:ti_sysbios_knl_Mailbox_Object__count__C 
*          0    000004cc    00000004     
                  000004cc    00000004     appBLE_pem3.oem3 (.const:ti_sysbios_knl_Mailbox_Object__count__C)

.const:ti_sysbios_knl_Mailbox_Object__table__C 
*          0    000004d0    00000004     
                  000004d0    00000004     appBLE_pem3.oem3 (.const:ti_sysbios_knl_Mailbox_Object__table__C)

.const:ti_sysbios_knl_Queue_Object__count__C 
*          0    000004d4    00000004     
                  000004d4    00000004     appBLE_pem3.oem3 (.const:ti_sysbios_knl_Queue_Object__count__C)

.const:ti_sysbios_knl_Queue_Object__table__C 
*          0    000004d8    00000004     
                  000004d8    00000004     appBLE_pem3.oem3 (.const:ti_sysbios_knl_Queue_Object__table__C)

.const:ti_sysbios_knl_Swi_Object__count__C 
*          0    000004dc    00000004     
                  000004dc    00000004     appBLE_pem3.oem3 (.const:ti_sysbios_knl_Swi_Object__count__C)

.const:ti_sysbios_knl_Swi_Object__table__C 
*          0    000004e0    00000004     
                  000004e0    00000004     appBLE_pem3.oem3 (.const:ti_sysbios_knl_Swi_Object__table__C)

.const:ti_sysbios_knl_Swi_numPriorities__C 
*          0    000004e4    00000004     
                  000004e4    00000004     appBLE_pem3.oem3 (.const:ti_sysbios_knl_Swi_numPriorities__C)

.const:ti_sysbios_knl_Task_Object__count__C 
*          0    000004e8    00000004     
                  000004e8    00000004     appBLE_pem3.oem3 (.const:ti_sysbios_knl_Task_Object__count__C)

.const:ti_sysbios_knl_Task_Object__table__C 
*          0    000004ec    00000004     
                  000004ec    00000004     appBLE_pem3.oem3 (.const:ti_sysbios_knl_Task_Object__table__C)

.const:ti_sysbios_knl_Task_allBlockedFunc__C 
*          0    000004f0    00000004     
                  000004f0    00000004     appBLE_pem3.oem3 (.const:ti_sysbios_knl_Task_allBlockedFunc__C)

.const:ti_sysbios_knl_Task_defaultStackHeap__C 
*          0    000004f4    00000004     
                  000004f4    00000004     appBLE_pem3.oem3 (.const:ti_sysbios_knl_Task_defaultStackHeap__C)

.const:ti_sysbios_knl_Task_defaultStackSize__C 
*          0    000004f8    00000004     
                  000004f8    00000004     appBLE_pem3.oem3 (.const:ti_sysbios_knl_Task_defaultStackSize__C)

.const:ti_sysbios_knl_Task_numConstructedTasks__C 
*          0    000004fc    00000004     
                  000004fc    00000004     appBLE_pem3.oem3 (.const:ti_sysbios_knl_Task_numConstructedTasks__C)

.text.3    0    00000500    00000002     
                  00000500    00000002     multi.obj (.text:gapRole_abort$3)

.const:ti_sysbios_family_arm_cc26xx_Timer_Module__id__C 
*          0    00000502    00000002     
                  00000502    00000002     appBLE_pem3.oem3 (.const:ti_sysbios_family_arm_cc26xx_Timer_Module__id__C)

.const:ti_sysbios_family_arm_cc26xx_TimestampProvider_useClockTimer__C 
*          0    00000504    00000002     
                  00000504    00000002     appBLE_pem3.oem3 (.const:ti_sysbios_family_arm_cc26xx_TimestampProvider_useClockTimer__C)

.const:ti_sysbios_family_arm_m3_Hwi_Module__id__C 
*          0    00000506    00000002     
                  00000506    00000002     appBLE_pem3.oem3 (.const:ti_sysbios_family_arm_m3_Hwi_Module__id__C)

.const:ti_sysbios_gates_GateHwi_Module__id__C 
*          0    00000508    00000002     
                  00000508    00000002     appBLE_pem3.oem3 (.const:ti_sysbios_gates_GateHwi_Module__id__C)

.const:ti_sysbios_gates_GateMutex_Module__id__C 
*          0    0000050a    00000002     
                  0000050a    00000002     appBLE_pem3.oem3 (.const:ti_sysbios_gates_GateMutex_Module__id__C)

.const:ti_sysbios_heaps_HeapMem_Module__id__C 
*          0    0000050c    00000002     
                  0000050c    00000002     appBLE_pem3.oem3 (.const:ti_sysbios_heaps_HeapMem_Module__id__C)

.const:ti_sysbios_knl_Task_initStackFlag__C 
*          0    0000050e    00000002     
                  0000050e    00000002     appBLE_pem3.oem3 (.const:ti_sysbios_knl_Task_initStackFlag__C)

.const:ti_sysbios_knl_Clock_tickMode__C 
*          0    00000510    00000001     
                  00000510    00000001     appBLE_pem3.oem3 (.const:ti_sysbios_knl_Clock_tickMode__C)

.const:xdc_runtime_Startup_firstFxns__C 
*          0    00000514    00000008     
                  00000514    00000008     appBLE_pem3.oem3 (.const:xdc_runtime_Startup_firstFxns__C)

.const:xdc_runtime_Startup_lastFxns__C 
*          0    0000051c    00000008     
                  0000051c    00000008     appBLE_pem3.oem3 (.const:xdc_runtime_Startup_lastFxns__C)

.const:xdc_runtime_Assert_E_assertFailed__C 
*          0    00000524    00000004     
                  00000524    00000004     appBLE_pem3.oem3 (.const:xdc_runtime_Assert_E_assertFailed__C)

.const:xdc_runtime_Error_E_memory__C 
*          0    00000528    00000004     
                  00000528    00000004     appBLE_pem3.oem3 (.const:xdc_runtime_Error_E_memory__C)

.const:xdc_runtime_Error_policyFxn__C 
*          0    0000052c    00000004     
                  0000052c    00000004     appBLE_pem3.oem3 (.const:xdc_runtime_Error_policyFxn__C)

.const:xdc_runtime_IGateProvider_Interface__BASE__C 
*          0    00000530    00000004     
                  00000530    00000004     appBLE_pem3.oem3 (.const:xdc_runtime_IGateProvider_Interface__BASE__C)

.const:xdc_runtime_IHeap_Interface__BASE__C 
*          0    00000534    00000004     
                  00000534    00000004     appBLE_pem3.oem3 (.const:xdc_runtime_IHeap_Interface__BASE__C)

.const:xdc_runtime_IModule_Interface__BASE__C 
*          0    00000538    00000004     
                  00000538    00000004     appBLE_pem3.oem3 (.const:xdc_runtime_IModule_Interface__BASE__C)

.const:xdc_runtime_Main_Module__diagsEnabled__C 
*          0    0000053c    00000004     
                  0000053c    00000004     appBLE_pem3.oem3 (.const:xdc_runtime_Main_Module__diagsEnabled__C)

.const:xdc_runtime_Main_Module__diagsIncluded__C 
*          0    00000540    00000004     
                  00000540    00000004     appBLE_pem3.oem3 (.const:xdc_runtime_Main_Module__diagsIncluded__C)

.const:xdc_runtime_Main_Module__diagsMask__C 
*          0    00000544    00000004     
                  00000544    00000004     appBLE_pem3.oem3 (.const:xdc_runtime_Main_Module__diagsMask__C)

.const:xdc_runtime_Memory_defaultHeapInstance__C 
*          0    00000548    00000004     
                  00000548    00000004     appBLE_pem3.oem3 (.const:xdc_runtime_Memory_defaultHeapInstance__C)

.const:xdc_runtime_Startup_execImpl__C 
*          0    0000054c    00000004     
                  0000054c    00000004     appBLE_pem3.oem3 (.const:xdc_runtime_Startup_execImpl__C)

.const:xdc_runtime_Startup_maxPasses__C 
*          0    00000550    00000004     
                  00000550    00000004     appBLE_pem3.oem3 (.const:xdc_runtime_Startup_maxPasses__C)

.const:xdc_runtime_Startup_sfxnRts__C 
*          0    00000554    00000004     
                  00000554    00000004     appBLE_pem3.oem3 (.const:xdc_runtime_Startup_sfxnRts__C)

.const:xdc_runtime_Startup_sfxnTab__C 
*          0    00000558    00000004     
                  00000558    00000004     appBLE_pem3.oem3 (.const:xdc_runtime_Startup_sfxnTab__C)

.const:xdc_runtime_Startup_startModsFxn__C 
*          0    0000055c    00000004     
                  0000055c    00000004     appBLE_pem3.oem3 (.const:xdc_runtime_Startup_startModsFxn__C)

.const:xdc_runtime_SysCallback_abortFxn__C 
*          0    00000560    00000004     
                  00000560    00000004     appBLE_pem3.oem3 (.const:xdc_runtime_SysCallback_abortFxn__C)

.const:xdc_runtime_SysCallback_exitFxn__C 
*          0    00000564    00000004     
                  00000564    00000004     appBLE_pem3.oem3 (.const:xdc_runtime_SysCallback_exitFxn__C)

.const:xdc_runtime_System_abortFxn__C 
*          0    00000568    00000004     
                  00000568    00000004     appBLE_pem3.oem3 (.const:xdc_runtime_System_abortFxn__C)

.const:xdc_runtime_System_exitFxn__C 
*          0    0000056c    00000004     
                  0000056c    00000004     appBLE_pem3.oem3 (.const:xdc_runtime_System_exitFxn__C)

.const:xdc_runtime_System_maxAtexitHandlers__C 
*          0    00000570    00000004     
                  00000570    00000004     appBLE_pem3.oem3 (.const:xdc_runtime_System_maxAtexitHandlers__C)

.const:xdc_runtime_Text_charTab__C 
*          0    00000574    00000004     
                  00000574    00000004     appBLE_pem3.oem3 (.const:xdc_runtime_Text_charTab__C)

.const:xdc_runtime_Text_nameEmpty__C 
*          0    00000578    00000004     
                  00000578    00000004     appBLE_pem3.oem3 (.const:xdc_runtime_Text_nameEmpty__C)

.const:xdc_runtime_Text_nameStatic__C 
*          0    0000057c    00000004     
                  0000057c    00000004     appBLE_pem3.oem3 (.const:xdc_runtime_Text_nameStatic__C)

.const:xdc_runtime_Text_nameUnknown__C 
*          0    00000580    00000004     
                  00000580    00000004     appBLE_pem3.oem3 (.const:xdc_runtime_Text_nameUnknown__C)

.const:xdc_runtime_Main_Module__id__C 
*          0    00000584    00000002     
                  00000584    00000002     appBLE_pem3.oem3 (.const:xdc_runtime_Main_Module__id__C)

.const:xdc_runtime_Memory_Module__id__C 
*          0    00000586    00000002     
                  00000586    00000002     appBLE_pem3.oem3 (.const:xdc_runtime_Memory_Module__id__C)

.const:xdc_runtime_Text_charCnt__C 
*          0    00000588    00000002     
                  00000588    00000002     appBLE_pem3.oem3 (.const:xdc_runtime_Text_charCnt__C)

.const:xdc_runtime_Text_isLoaded__C 
*          0    0000058a    00000002     
                  0000058a    00000002     appBLE_pem3.oem3 (.const:xdc_runtime_Text_isLoaded__C)

.const:xdc_runtime_Error_policy__C 
*          0    0000058c    00000001     
                  0000058c    00000001     appBLE_pem3.oem3 (.const:xdc_runtime_Error_policy__C)

.const:ti_sysbios_rom_ROM_AONRTCChannelEnable 
*          0    00000590    00000004     
                  00000590    00000004     appBLE_pem3.oem3 (.const:ti_sysbios_rom_ROM_AONRTCChannelEnable)

.const:ti_sysbios_rom_ROM_AONRTCCompareValueSet 
*          0    00000594    00000004     
                  00000594    00000004     appBLE_pem3.oem3 (.const:ti_sysbios_rom_ROM_AONRTCCompareValueSet)

.const:ti_sysbios_rom_ROM_AONRTCCurrentCompareValueGet 
*          0    00000598    00000004     
                  00000598    00000004     appBLE_pem3.oem3 (.const:ti_sysbios_rom_ROM_AONRTCCurrentCompareValueGet)

.const:ti_sysbios_rom_ROM_AONRTCEventClear 
*          0    0000059c    00000004     
                  0000059c    00000004     appBLE_pem3.oem3 (.const:ti_sysbios_rom_ROM_AONRTCEventClear)

.const:ti_sysbios_rom_ROM_ti_sysbios_family_arm_cc26xx_Timer_getCount64__E 
*          0    000005a0    00000004     
                  000005a0    00000004     appBLE_pem3.oem3 (.const:ti_sysbios_rom_ROM_ti_sysbios_family_arm_cc26xx_Timer_getCount64__E)

.const:ti_sysbios_rom_ROM_ti_sysbios_family_arm_cc26xx_Timer_getCurrentTick__E 
*          0    000005a4    00000004     
                  000005a4    00000004     appBLE_pem3.oem3 (.const:ti_sysbios_rom_ROM_ti_sysbios_family_arm_cc26xx_Timer_getCurrentTick__E)

.const:ti_sysbios_rom_ROM_ti_sysbios_family_arm_cc26xx_Timer_getMaxTicks__E 
*          0    000005a8    00000004     
                  000005a8    00000004     appBLE_pem3.oem3 (.const:ti_sysbios_rom_ROM_ti_sysbios_family_arm_cc26xx_Timer_getMaxTicks__E)

.const:ti_sysbios_rom_ROM_ti_sysbios_family_arm_cc26xx_Timer_initDevice__I 
*          0    000005ac    00000004     
                  000005ac    00000004     appBLE_pem3.oem3 (.const:ti_sysbios_rom_ROM_ti_sysbios_family_arm_cc26xx_Timer_initDevice__I)

.const:ti_sysbios_rom_ROM_ti_sysbios_family_arm_cc26xx_Timer_setNextTick__E 
*          0    000005b0    00000004     
                  000005b0    00000004     appBLE_pem3.oem3 (.const:ti_sysbios_rom_ROM_ti_sysbios_family_arm_cc26xx_Timer_setNextTick__E)

.const:ti_sysbios_rom_ROM_ti_sysbios_family_arm_cc26xx_Timer_setThreshold__I 
*          0    000005b4    00000004     
                  000005b4    00000004     appBLE_pem3.oem3 (.const:ti_sysbios_rom_ROM_ti_sysbios_family_arm_cc26xx_Timer_setThreshold__I)

.const:ti_sysbios_rom_ROM_ti_sysbios_family_arm_cc26xx_Timer_start__E 
*          0    000005b8    00000004     
                  000005b8    00000004     appBLE_pem3.oem3 (.const:ti_sysbios_rom_ROM_ti_sysbios_family_arm_cc26xx_Timer_start__E)

.const:ti_sysbios_rom_ROM_ti_sysbios_family_arm_cc26xx_TimestampProvider_get32__E 
*          0    000005bc    00000004     
                  000005bc    00000004     appBLE_pem3.oem3 (.const:ti_sysbios_rom_ROM_ti_sysbios_family_arm_cc26xx_TimestampProvider_get32__E)

.const:ti_sysbios_rom_ROM_xdc_runtime_Startup_getState__I 
*          0    000005c0    00000004     
                  000005c0    00000004     appBLE_pem3.oem3 (.const:ti_sysbios_rom_ROM_xdc_runtime_Startup_getState__I)

.const:ti_sysbios_rom_ROM_xdc_runtime_System_SupportProxy_abort__E 
*          0    000005c4    00000004     
                  000005c4    00000004     appBLE_pem3.oem3 (.const:ti_sysbios_rom_ROM_xdc_runtime_System_SupportProxy_abort__E)

.const:ti_sysbios_rom_ROM_xdc_runtime_System_SupportProxy_exit__E 
*          0    000005c8    00000004     
                  000005c8    00000004     appBLE_pem3.oem3 (.const:ti_sysbios_rom_ROM_xdc_runtime_System_SupportProxy_exit__E)

.const:ti_sysbios_gates_GateMutex_Instance_State_sem__O 
*          0    000005cc    00000004     
                  000005cc    00000004     appBLE_pem3.oem3 (.const:ti_sysbios_gates_GateMutex_Instance_State_sem__O)

.const:ti_sysbios_knl_Clock_Module_State_clockQ__O 
*          0    000005d0    00000004     
                  000005d0    00000004     appBLE_pem3.oem3 (.const:ti_sysbios_knl_Clock_Module_State_clockQ__O)

.const:ti_sysbios_knl_Mailbox_Instance_State_dataQue__O 
*          0    000005d4    00000004     
                  000005d4    00000004     appBLE_pem3.oem3 (.const:ti_sysbios_knl_Mailbox_Instance_State_dataQue__O)

.const:ti_sysbios_knl_Mailbox_Instance_State_dataSem__O 
*          0    000005d8    00000004     
                  000005d8    00000004     appBLE_pem3.oem3 (.const:ti_sysbios_knl_Mailbox_Instance_State_dataSem__O)

.const:ti_sysbios_knl_Mailbox_Instance_State_freeQue__O 
*          0    000005dc    00000004     
                  000005dc    00000004     appBLE_pem3.oem3 (.const:ti_sysbios_knl_Mailbox_Instance_State_freeQue__O)

.const:ti_sysbios_knl_Mailbox_Instance_State_freeSem__O 
*          0    000005e0    00000004     
                  000005e0    00000004     appBLE_pem3.oem3 (.const:ti_sysbios_knl_Mailbox_Instance_State_freeSem__O)

.const:ti_sysbios_knl_Semaphore_Instance_State_pendQ__O 
*          0    000005e4    00000004     
                  000005e4    00000004     appBLE_pem3.oem3 (.const:ti_sysbios_knl_Semaphore_Instance_State_pendQ__O)

.const:ti_sysbios_knl_Task_Module_State_inactiveQ__O 
*          0    000005e8    00000004     
                  000005e8    00000004     appBLE_pem3.oem3 (.const:ti_sysbios_knl_Task_Module_State_inactiveQ__O)

.text.4    0    000005ec    00006840     
                  000005ec    00000440     sysbios.aem3 : mangled__BIOS_lib.obj (.text:xdc_runtime_System_doPrint__I)
                  00000a2c    00000376     driverlib.lib : setup.obj (.text:HapiTrimDeviceShutDown$51)
                  00000da2    00000002     rtsv7M3_T_le_eabi.lib : i_div0.obj (.text)
                  00000da4    0000034c     sysbios.aem3 : mangled__BIOS_lib.obj (.text:ti_sysbios_family_arm_cc26xx_Power_auxISR__E)
                  000010f0    000002f4                  : mangled__BIOS_lib.obj (.text:ti_sysbios_family_arm_cc26xx_Power_sleep__E)
                  000013e4    0000021c     rtsv7M3_T_le_eabi.lib : trgdrv.obj (.text)
                  00001600    000001f4                           : ull_div_t2.obj (.text)
                  000017f4    000001c8     driverlib.lib : sys_ctrl.obj (.text:SysCtrlSetRechargeBeforePowerDown)
                  000019bc    000001a4     multi.obj (.text:GAPRole_SetParameter)
                  00001b60    00000198     multi_role.obj (.text:simpleTopology_processRoleEvent$18)
                  00001cf8    00000188     PINCC26XX.obj (.text:PIN_init)
                  00001e80    00000174     UARTCC26XX.obj (.text:UARTCC26XX_open)
                  00001ff4    00000138     multi.obj (.text:gapRole_processGAPMsg$3)
                  0000212c    00000130     rtsv7M3_T_le_eabi.lib : lowlev.obj (.text)
                  0000225c    00000130     sysbios.aem3 : mangled__BIOS_lib.obj (.text:xdc_runtime_Text_putSite__E)
                  0000238c    0000010c     ICall.obj (.text:ICall_heapMalloc)
                  00002498    00000104     sysbios.aem3 : mangled__BIOS_lib.obj (.text:calibrateRcoscHf1$28)
                  0000259c    00000100     UARTCC26XX.obj (.text:UARTCC26XX_write)
                  0000269c    000000fc     sysbios.aem3 : mangled__BIOS_lib.obj (.text:xdc_runtime_Text_putLab__E)
                  00002798    000000f8                  : mangled__BIOS_lib.obj (.text:ti_sysbios_family_arm_cc26xx_Power_startFirstMeasurement__E)
                  00002890    000000f8     appBLE_pem3.oem3 (.text:xdc_runtime_System_printfExtend__I)
                  00002988    000000f2     driverlib.lib : setup.obj (.text:GetTrimForAnabypassValue1$51)
                  00002a7a    00000002     appBLE_pem3.oem3 (.text:ti_sysbios_BIOS_nullFunc__I)
                  00002a7c    000000f0     sysbios.aem3 : mangled__BIOS_lib.obj (.text:ti_sysbios_family_arm_cc26xx_Power_standbyPolicy__E)
                  00002b6c    000000ec     ICall.obj (.text:ICall_primWaitMatch$6)
                  00002c58    000000e8     multi_role.obj (.text:simpleTopology_init$18)
                  00002d40    000000e2     UARTCC26XX.obj (.text:UARTCC26XX_hwiIntFxn)
                  00002e22    00000002     sysbios.aem3 : mangled__BIOS_lib.obj (.text:ti_sysbios_family_arm_cc26xx_Power_defaultClockFunc__E)
                  00002e24    000000d8                  : mangled__BIOS_lib.obj (.text:ti_sysbios_family_arm_cc26xx_Power_setDependency__E)
                  00002efc    000000d0     rtsv7M3_T_le_eabi.lib : setvbuf.obj (.text)
                  00002fcc    000000d0     sysbios.aem3 : mangled__BIOS_lib.obj (.text:ti_sysbios_family_arm_cc26xx_Power_releaseDependency__E)
                  0000309c    000000cc     multi.obj (.text:gapRole_taskFxn$3)
                  00003168    000000b4     UARTCC26XX.obj (.text:UARTCC26XX_read)
                  0000321c    000000b4     rtsv7M3_T_le_eabi.lib : fflush.obj (.text)
                  000032d0    000000b4     driverlib.lib : setup.obj (.text:trimDevice)
                  00003384    000000b0     PINCC26XX.obj (.text:PINCC26XX_setIoCfg$13)
                  00003434    000000b0     sysbios.aem3 : mangled__BIOS_lib.obj (.text:ti_sysbios_knl_Clock_workFuncDynamic__E)
                  000034e4    000000a4     multi_role.obj (.text:simpleTopology_taskFxn$18)
                  00003588    000000a4     sysbios.aem3 : mangled__BIOS_lib.obj (.text:ti_sysbios_family_arm_cc26xx_Power_initiateCalibration__E)
                  0000362c    000000a0     auto_init.aem3 : auto_init.oem3 (.text)
                  000036cc    0000009c     LCDDogm1286.obj (.text:LCD_doBufferPrintString$14)
                  00003768    0000009c     rtsv7M3_T_le_eabi.lib : memcpy_t2.obj (.text)
                  00003804    00000094     driverlib.lib : osc.obj (.text:OSCHF_GetStartupTime)
                  00003898    00000094     UARTCC26XX.obj (.text:UARTCC26XX_initIO$10)
                  0000392c    00000094     rtsv7M3_T_le_eabi.lib : fputc.obj (.text)
                  000039c0    00000090     driverlib.lib : setup.obj (.text:GetTrimForAmpcompCtrl$51)
                  00003a50    00000090     PINCC26XX.obj (.text:PIN_open)
                  00003ae0    00000090     multi.obj (.text:gapRole_init$3)
                  00003b70    00000090     UARTCC26XX.obj (.text:writeFinishedDoCallback$10)
                  00003c00    0000008c     sysbios.aem3 : mangled__BIOS_lib.obj (.text:ti_sysbios_family_arm_cc26xx_Power_LF_clockFunc__E)
                  00003c8c    0000008c                  : mangled__BIOS_lib.obj (.text:ti_sysbios_family_arm_cc26xx_Power_Module_startup__E)
                  00003d18    00000088     UARTCC26XX.obj (.text:UARTCC26XX_writeCancel)
                  00003da0    00000088     sysbios.aem3 : mangled__BIOS_lib.obj (.text:ti_sysbios_family_arm_cc26xx_Timer_start__E)
                  00003e28    00000084     ICall.obj (.text:ICall_primSetTimer$6)
                  00003eac    0000007c     UARTCC26XX.obj (.text:writeTxFifoFlush$10)
                  00003f28    0000007a     rtsv7M3_T_le_eabi.lib : memset_t2.obj (.text)
                  00003fa2    00000002     sysbios.aem3 : mangled__BIOS_lib.obj (.text:ti_sysbios_family_arm_cc26xx_Power_defaultNotifyTrapFunc__E)
                  00003fa4    00000074     ICall.obj (.text:ICall_primSend$6)
                  00004018    00000074     UARTCC26XX.obj (.text:UARTCC26XX_close)
                  0000408c    00000072     driverlib.lib : chipinfo.obj (.text:ChipInfo_GetHwRevision)
                  000040fe    00000002     appBLE_pem3.oem3 (.text:ti_sysbios_rom_cortexm_cc26xx_CC26xx_badRomRevision__E)
                  00004100    00000070     UARTCC26XX.obj (.text:UARTCC26XX_readCancel)
                  00004170    0000006c     ICallCC2650.obj (.text:ICallPlatform_pwrUpdActivityCounter)
                  000041dc    0000006c     ICall.obj (.text:ICall_createRemoteTasks)
                  00004248    0000006c     driverlib.lib : sys_ctrl.obj (.text:SysCtrl_DCDC_VoltageConditionalControl)
                  000042b4    0000006c     rtsv7M3_T_le_eabi.lib : fclose.obj (.text)
                  00004320    0000006a                           : copy_decompress_rle.obj (.text)
                  0000438a    00000002     sysbios.aem3 : mangled__BIOS_lib.obj (.text:xdc_runtime_SysCallback_defaultAbort)
                  0000438c    00000068     rtsv7M3_T_le_eabi.lib : trgmsg.obj (.text)
                  000043f4    00000066     LCDDogm1286.obj (.text:LCD_doUpdate$14)
                  0000445a    00000064     driverlib.lib : osc.obj (.text:OSCHF_AttemptToSwitchToXosc)
                  000044be    00000062                   : sys_ctrl.obj (.text:SysCtrlAdjustRechargeAfterPowerDown)
                  00004520    00000062     rtsv7M3_T_le_eabi.lib : _io_perm.obj (.text)
                  00004582    00000002     sysbios.aem3 : mangled__BIOS_lib.obj (.text:xdc_runtime_SysCallback_defaultExit)
                  00004584    00000060     appBLE_pem3.oem3 (.text:ti_sysbios_family_arm_cc26xx_Power_XOSC_HF_clockFunc__E)
                  000045e4    00000060     sysbios.aem3 : mangled__BIOS_lib.obj (.text:ti_sysbios_family_arm_cc26xx_Timer_setNextTick__E)
                  00004644    0000005c     appBLE_pem3.oem3 (.text:xdc_runtime_Startup_getState__I)
                  000046a0    0000005a     driverlib.lib : ddi.obj (.text:NOROM_DDI16BitfieldWrite)
                  000046fa    00000002     --HOLE-- [fill = 0]
                  000046fc    00000058     ICall.obj (.text:ICall_primEnroll$6)
                  00004754    00000058     util.obj (.text:Util_constructClock)
                  000047ac    00000058     sysbios.aem3 : mangled__BIOS_lib.obj (.text:ti_sysbios_family_arm_cc26xx_Power_notify__I)
                  00004804    00000054     ICall.obj (.text:ICall_primThreadServes$6)
                  00004858    00000054     LCDDogm1286.obj (.text:LCD_sendCommand$14)
                  000048ac    00000054     LCDDogm1286.obj (.text:LCD_sendData$14)
                  00004900    00000054     uart_printf.obj (.text:uartPrintf_flush)
                  00004954    00000052     ICall.obj (.text:ICall_primWait$6)
                  000049a6    00000052     driverlib.lib : osc.obj (.text:NOROM_OSCClockSourceSet)
                  000049f8    00000050     ICallBleAPI.obj (.text:GAP_DeviceInit)
                  00004a48    00000050     ICallBleAPI.obj (.text:GAP_UpdateAdvertisingData)
                  00004a98    00000050     ICall.obj (.text:ICall_primGetEntityId$6)
                  00004ae8    00000050     ICall.obj (.text:ICall_primRegisterApp$6)
                  00004b38    00000050     PINCC26XX.obj (.text:PIN_remove)
                  00004b88    00000050     util.obj (.text:Util_convertBdAddr2Str)
                  00004bd8    00000050     UARTCC26XX.obj (.text:startTxFifoEmptyClk$10)
                  00004c28    0000004c     ICall.obj (.text:ICall_newTask$6)
                  00004c74    0000004c     UARTCC26XX.obj (.text:readFinishedDoCallback$10)
                  00004cc0    0000004c     rtsv7M3_T_le_eabi.lib : cpy_tbl.obj (.text)
                  00004d0c    0000004c                           : fseek.obj (.text)
                  00004d58    0000004c     sysbios.aem3 : mangled__BIOS_lib.obj (.text:xdc_runtime_Text_xprintf__I)
                  00004da4    00000048     PINCC26XX.obj (.text:PIN_Isr$13)
                  00004dec    00000048     ICallBleAPI.obj (.text:gapSendParamAndPtrCmd$4)
                  00004e34    00000048     multi_role.obj (.text:isRUThNode$18)
                  00004e7c    00000046     driverlib.lib : ddi.obj (.text:NOROM_DDI16BitfieldRead)
                  00004ec2    00000002     --HOLE-- [fill = 0]
                  00004ec4    00000044     boot.aem3 : boot.oem3 (.text)
                  00004f08    00000044     rtsv7M3_T_le_eabi.lib : exit.obj (.text)
                  00004f4c    00000044     sysbios.aem3 : mangled__BIOS_lib.obj (.text:ti_sysbios_family_arm_cc26xx_Timer_initDevice__I)
                  00004f90    00000042     ICall.obj (.text:ICall_primCreateSemaphore$6)
                  00004fd2    00000042     ICall.obj (.text:ICall_primCreateTask$6)
                  00005014    00000040     driverlib.lib : osc.obj (.text:NOROM_OSCInterfaceEnable)
                  00005054    00000040     util.obj (.text:Util_restartClock)
                  00005094    00000040     multi.obj (.text:gapRoleInfo_Add)
                  000050d4    00000040     rtsv7M3_T_le_eabi.lib : u_divt2.obj (.text)
                  00005114    00000040     appBLE_pem3.oem3 (.text:ti_sysbios_family_arm_cc26xx_Power_XOSC_HF)
                  00005154    00000040     sysbios.aem3 : mangled__BIOS_lib.obj (.text:ti_sysbios_family_arm_cc26xx_Power_isStableXOSC_HF__E)
                  00005194    00000040                  : mangled__BIOS_lib.obj (.text:ti_sysbios_family_arm_cc26xx_Timer_getCurrentTick__E)
                  000051d4    0000003c     multi.obj (.text:GAPRole_createTask)
                  00005210    0000003c     ICallCC2650.obj (.text:ICallPlatform_pwrConfigACAction)
                  0000524c    0000003c     ICall.obj (.text:ICall_heapFree)
                  00005288    0000003c     LCDDogm1286.obj (.text:LCD_doBufferClearPage$14)
                  000052c4    0000003c     multi_role.obj (.text:SimpleTopology_createTask)
                  00005300    0000003c     ICallBleAPI.obj (.text:sendWaitMatchCS$4)
                  0000533c    0000003c     ICallBleAPI.obj (.text:sendWaitMatchValueCS$4)
                  00005378    0000003c     sysbios.aem3 : mangled__BIOS_lib.obj (.text:ti_sysbios_family_arm_cc26xx_Power_releaseConstraint__E)
                  000053b4    0000003c     UARTCC26XX.obj (.text:writeData$10)
                  000053f0    0000003c     sysbios.aem3 : mangled__BIOS_lib.obj (.text:xdc_runtime_System_printf__E)
                  0000542c    0000003a     main.obj (.text:main)
                  00005466    00000002     --HOLE-- [fill = 0]
                  00005468    00000038     ICall.obj (.text:ICall_heapInit)
                  000054a0    00000038     ICall.obj (.text:ICall_primGetMaxMSecs$6)
                  000054d8    00000038     PINCC26XX.obj (.text:PIN_setOutputEnable)
                  00005510    00000038     ICallBleAPI.obj (.text:linkDB_NumConns)
                  00005548    00000038     UARTCC26XX.obj (.text:readData$10)
                  00005580    00000038     sysbios.aem3 : mangled__BIOS_lib.obj (.text:ti_sysbios_family_arm_cc26xx_Power_setConstraint__E)
                  000055b8    00000038                  : mangled__BIOS_lib.obj (.text:ti_sysbios_family_arm_cc26xx_Timer_setThreshold__I)
                  000055f0    00000036     ICallCC2650.obj (.text:ICallPlatform_pwrDispenseImpl$7)
                  00005626    00000036     ICallCC2650.obj (.text:ICallPlatform_pwrRequireImpl$7)
                  0000565c    00000036     ICall.obj (.text:ICall_primWaitSemaphore$6)
                  00005692    00000034     driverlib.lib : chipinfo.obj (.text:ChipInfo_GetChipFamily)
                  000056c6    00000002     --HOLE-- [fill = 0]
                  000056c8    00000034     ICallBleAPI.obj (.text:GAP_SetParamValue)
                  000056fc    00000034     ICallCC2650.obj (.text:ICallPlatform_pwrRegisterNotify)
                  00005730    00000034     ICall.obj (.text:ICall_primEntityId2ServiceId$6)
                  00005764    00000034     ICall.obj (.text:ICall_primFetchMsg$6)
                  00005798    00000034     ICall.obj (.text:ICall_primRegisterISR$6)
                  000057cc    00000034     ICall.obj (.text:ICall_primRegisterISR_Ext$6)
                  00005800    00000034     ICall.obj (.text:ICall_searchServiceEntity$6)
                  00005834    00000034     driverlib.lib : setup.obj (.text:SetAonRtcSubSecInc$51)
                  00005868    00000034     ICallBleAPI.obj (.text:osal_snv_read)
                  0000589c    00000034     ICallBleAPI.obj (.text:osal_snv_write)
                  000058d0    00000034     ICallBleAPI.obj (.text:registerTask$4)
                  00005904    00000034     rtsv7M3_T_le_eabi.lib : fopen.obj (.text)
                  00005938    00000033     sysbios.aem3 : mangled__BIOS_lib.obj (.text:xdc_runtime_Text_printVisFxn__I)
                  0000596b    00000001     --HOLE-- [fill = 0]
                  0000596c    00000032     driverlib.lib : osc.obj (.text:OSCHF_SwitchToRcOscTurnOffXosc)
                  0000599e    00000032     ICallBleAPI.obj (.text:gapSendPtrParamsCmd$4)
                  000059d0    00000032     ICallBleAPI.obj (.text:matchGapSetGetParamCS$4)
                  00005a02    00000032     ICallBleAPI.obj (.text:matchUtilNvCS$4)
                  00005a34    00000030     ICallCC2650.obj (.text:ICallPlatform_pwrNotify$7)
                  00005a64    00000030     ICall.obj (.text:ICall_msecs2Ticks$6)
                  00005a94    00000030     PINCC26XX.obj (.text:PIN_setOutputValue)
                  00005ac4    00000030     appBLE_pem3.oem3 (.text:ti_sysbios_BIOS_atExitFunc__I)
                  00005af4    00000030     sysbios.aem3 : mangled__BIOS_lib.obj (.text:ti_sysbios_family_arm_cc26xx_Power_registerNotify__E)
                  00005b24    00000030                  : mangled__BIOS_lib.obj (.text:ti_sysbios_family_arm_cc26xx_Power_switchXOSC_HF__E)
                  00005b54    0000002e     driverlib.lib : setup.obj (.text:GetTrimForRadcExtCfg$51)
                  00005b82    0000002e     multi_role.obj (.text:ICall_fetchServiceMsg$18)
                  00005bb0    0000002e     multi.obj (.text:ICall_fetchServiceMsg$3)
                  00005bde    0000002e     ICall.obj (.text:ICall_msgDequeue$6)
                  00005c0c    0000002e     util.obj (.text:Util_enqueueMsg)
                  00005c3a    0000002e     appBLE_pem3.oem3 (.text:malloc)
                  00005c68    0000002e     rtsv7M3_T_le_eabi.lib : strncpy.obj (.text)
                  00005c96    0000002c     driverlib.lib : aon_batmon.obj (.text:AONBatMonTemperatureGetDegC)
                  00005cc2    00000002     --HOLE-- [fill = 0]
                  00005cc4    0000002c     multi.obj (.text:ICall_getLocalMsgEntityId$3)
                  00005cf0    0000002c     ICall.obj (.text:ICall_msgEnqueue$6)
                  00005d1c    0000002c     ICall.obj (.text:ICall_primAllocMsg$6)
                  00005d48    0000002c     ICall.obj (.text:ICall_primFetchServiceMsg$6)
                  00005d74    0000002c     ICall.obj (.text:ICall_searchTask$6)
                  00005da0    0000002c     ICallBleAPI.obj (.text:ICall_sendServiceMsg$4)
                  00005dcc    0000002c     driverlib.lib : aon_rtc.obj (.text:NOROM_AONRTCCurrentCompareValueGet)
                  00005df8    0000002c     PINCC26XX.obj (.text:PIN_setConfig)
                  00005e24    0000002c     multi_role.obj (.text:simpleTopology_enqueueMsg$18)
                  00005e50    0000002a     ICallBleAPI.obj (.text:ICall_waitMatch$4)
                  00005e7a    0000002a     ICallBleAPI.obj (.text:matchProfileCS$4)
                  00005ea4    00000028     driverlib.lib : setup.obj (.text:GetTrimForAmpcompTh2$51)
                  00005ecc    00000028     ICall.obj (.text:ICall_init)
                  00005ef4    00000028     ICall.obj (.text:ICall_msgPrepend$6)
                  00005f1c    00000028     multi_role.obj (.text:ICall_registerApp$18)
                  00005f44    00000028     multi.obj (.text:ICall_registerApp$3)
                  00005f6c    00000028     LCDDogm1286.obj (.text:LCD_sendArray$14)
                  00005f94    00000028     multi.obj (.text:gapRoleNumLinks)
                  00005fbc    00000028     multi_role.obj (.text:memcomp$18)
                  00005fe4    00000028     appBLE_pem3.oem3 (.text:ti_sysbios_family_arm_cc26xx_Power_isDependencyActive)
                  0000600c    00000028     sysbios.aem3 : mangled__BIOS_lib.obj (.text:ti_sysbios_family_arm_cc26xx_Timer_getMaxTicks__E)
                  00006034    00000026     driverlib.lib : osc.obj (.text:NOROM_OSCClockSourceGet)
                  0000605a    00000002     --HOLE-- [fill = 0]
                  0000605c    00000024     board_lcd.obj (.text:Board_writeString)
                  00006080    00000024     ICallBleAPI.obj (.text:GAPBondMgr_LinkTerm)
                  000060a4    00000024     ICallBleAPI.obj (.text:GAPBondMgr_SlaveReqSecurity)
                  000060c8    00000024     ICallBleAPI.obj (.text:ICall_getLocalMsgEntityId$4)
                  000060ec    00000024     ICall.obj (.text:ICall_searchService$6)
                  00006110    00000024     ICallBleAPI.obj (.text:ICall_threadServes$4)
                  00006134    00000024     LCDDogm1286.obj (.text:LCD_gotoXY$14)
                  00006158    00000024     PINCC26XX.obj (.text:PINCC26XX_setMux)
                  0000617c    00000024     UARTCC26XX.obj (.text:UARTCC26XX_control)
                  000061a0    00000024     appBLE_pem3.oem3 (.text:ti_sysbios_BIOS_registerRTSLock__I)
                  000061c4    00000024     appBLE_pem3.oem3 (.text:ti_sysbios_BIOS_removeRTSLock__I)
                  000061e8    00000024     appBLE_pem3.oem3 (.text:ti_sysbios_BIOS_startFunc__I)
                  0000620c    00000024     sysbios.aem3 : mangled__BIOS_lib.obj (.text:ti_sysbios_family_arm_cc26xx_Timer_dynamicStub__E)
                  00006230    00000022     multi.obj (.text:GAPRole_StartDiscovery)
                  00006252    00000022     driverlib.lib : setup.obj (.text:GetTrimForAmpcompTh1$51)
                  00006274    00000022     ICall.obj (.text:ICall_dispatch$6)
                  00006296    00000022     util.obj (.text:ICall_malloc$20)
                  000062b8    00000020     driverlib.lib : setup.obj (.text:GetTrimForRcOscLfRtuneCtuneTrim$51)
                  000062d8    00000020                   : setup.obj (.text:GetTrimForXoscHfCtl$51)
                  000062f8    00000020     ICallBleAPI.obj (.text:ICall_allocMsg$4)
                  00006318    00000020     ICallBleAPI.obj (.text:ICall_getEntityId$4)
                  00006338    00000020     multi_role.obj (.text:ICall_malloc$18)
                  00006358    00000020     ICall.obj (.text:ICall_primService$6)
                  00006378    00000020     util.obj (.text:Util_dequeueMsg)
                  00006398    00000020     multi.obj (.text:gapRoleInfo_Find)
                  000063b8    00000020     appBLE_pem3.oem3 (.text:ti_sysbios_BIOS_rtsLock__I)
                  000063d8    00000020     sysbios.aem3 : mangled__BIOS_lib.obj (.text:ti_sysbios_family_arm_cc26xx_TimestampProvider_get32__E)
                  000063f8    00000020                  : mangled__BIOS_lib.obj (.text:xdc_runtime_SysStd_abort__E)
                  00006418    0000001e     ICall.obj (.text:ICall_primSendServiceMsg$6)
                  00006436    0000001e     PINCC26XX.obj (.text:PIN_close)
                  00006454    0000001e     ICallBleAPI.obj (.text:waitMatchCS$4)
                  00006472    0000001c     multi_role.obj (.text:ICall_wait$18)
                  0000648e    0000001c     multi.obj (.text:ICall_wait$3)
                  000064aa    00000002     --HOLE-- [fill = 0]
                  000064ac    0000001c     PINCC26XX.obj (.text:PINCC26XX_setIoCfgMux$13)
                  000064c8    0000001c     ICallBleAPI.obj (.text:getStatusValueFromErrNo$4)
                  000064e4    0000001c     sysbios.aem3 : mangled__BIOS_lib.obj (.text:ti_sysbios_family_arm_cc26xx_Power_unregisterNotify__E)
                  00006500    0000001a     ICall.obj (.text:ICall_enterCSImpl)
                  0000651a    0000001a     ICall.obj (.text:ICall_primSetTimerMSecs$6)
                  00006534    0000001a     driverlib.lib : osc.obj (.text:OSCHF_TurnOnXosc)
                  0000654e    00000018                   : chipinfo.obj (.text:ChipInfo_GetPackageType)
                  00006566    00000018                   : setup.obj (.text:GetTrimForAdcShModeEn$51)
                  0000657e    00000018                   : setup.obj (.text:GetTrimForAdcShVbufEn$51)
                  00006596    00000018                   : setup.obj (.text:GetTrimForDblrLoopFilterResetVoltage$51)
                  000065ae    00000018                   : setup.obj (.text:GetTrimForRcOscLfIBiasTrim$51)
                  000065c6    00000018                   : setup.obj (.text:GetTrimForXoscHfIbiastherm$51)
                  000065de    00000018                   : setup.obj (.text:GetTrimForXoscLfRegulatorAndCmirrwrRatio$51)
                  000065f6    00000018     ICallCC2650.obj (.text:ICallPlatform_pwrDispense)
                  0000660e    00000018     ICallCC2650.obj (.text:ICallPlatform_pwrRequire)
                  00006626    00000018     multi_role.obj (.text:ICall_free$18)
                  0000663e    00000018     util.obj (.text:ICall_free$20)
                  00006656    00000018     multi_role.obj (.text:ICall_freeMsg$18)
                  0000666e    00000018     multi.obj (.text:ICall_freeMsg$3)
                  00006686    00000018     ICallBleAPI.obj (.text:ICall_freeMsg$4)
                  0000669e    00000018     ICall.obj (.text:ICall_freeMsg$6)
                  000066b6    00000002     --HOLE-- [fill = 0]
                  000066b8    00000018     ICall.obj (.text:ICall_initPrim$6)
                  000066d0    00000018     ICall.obj (.text:ICall_primMalloc$6)
                  000066e8    00000018     LCDDogm1286.obj (.text:LCD_bufferPrintString)
                  00006700    00000018     UART.obj (.text:UART_Params_init)
                  00006718    00000018     util.obj (.text:Util_constructQueue)
                  00006730    00000018     util.obj (.text:Util_isActive)
                  00006748    00000018     appBLE_pem3.oem3 (.text:free)
                  00006760    00000018     multi.obj (.text:gapRole_setEvent$3)
                  00006778    00000018     rtsv7M3_T_le_eabi.lib : args_main.obj (.text)
                  00006790    00000018                           : ll_mul_t2.obj (.text)
                  000067a8    00000018                           : strcmp.obj (.text)
                  000067c0    00000018     multi_role.obj (.text:simpleTopology_processAppMsg$18)
                  000067d8    00000018     appBLE_pem3.oem3 (.text:ti_sysbios_BIOS_rtsUnlock__I)
                  000067f0    00000018     appBLE_pem3.oem3 (.text:ti_sysbios_family_arm_cc26xx_Power_RFCORECLKS)
                  00006808    00000018     sysbios.aem3 : mangled__BIOS_lib.obj (.text:ti_sysbios_family_arm_cc26xx_Timer_getCount64__E)
                  00006820    00000018     appBLE_pem3.oem3 (.text:ti_sysbios_rom_cortexm_cc26xx_CC26xx_checkRevision__E)
                  00006838    00000016     driverlib.lib : setup.obj (.text:GetTrimForXoscHfFastStart$51)
                  0000684e    00000016     ICall.obj (.text:ICall_abort$6)
                  00006864    00000016     ICall.obj (.text:ICall_leaveCSImpl)
                  0000687a    00000016     ICall.obj (.text:ICall_primStopTimer$6)
                  00006890    00000016     rtsv7M3_T_le_eabi.lib : strchr.obj (.text)
                  000068a6    00000016     appBLE_pem3.oem3 (.text:ti_sysbios_BIOS_exitFunc__I)
                  000068bc    00000014     multi.obj (.text:GAPRole_StartDevice)
                  000068d0    00000014     ICallCC2650.obj (.text:ICallPlatform_pwrIsStableXOSCHF)
                  000068e4    00000014     multi_role.obj (.text:SensorTagMultiRoleTest_scanStartHandler$18)
                  000068f8    00000014     driverlib.lib : chipinfo.obj (.text:ThisCodeIsBuiltForCC26xxHwRev22AndLater_HaltIfViolated)
                  0000690c    00000014     UART.obj (.text:UART_open)
                  00006920    00000014     rtsv7M3_T_le_eabi.lib : _lock.obj (.text)
                  00006934    00000014                           : strlen.obj (.text)
                  00006948    00000014     ICallBleAPI.obj (.text:setICallCmdEvtHdr$4)
                  0000695c    00000014     appBLE_pem3.oem3 (.text:ti_sysbios_knl_Clock_doTick__I)
                  00006970    00000012     LCDDogm1286.obj (.text:LCD_bufferClearPage)
                  00006982    00000012     LCDDogm1286_util.obj (.text:LCD_getStringLength)
                  00006994    00000012     rtsv7M3_T_le_eabi.lib : strcpy.obj (.text)
                  000069a6    00000012     appBLE_pem3.oem3 (.text:xdc_runtime_Startup_exec__I)
                  000069b8    00000010     ICallBleAPI.obj (.text:GAP_EndDiscoverable)
                  000069c8    00000010     ICallCC2650.obj (.text:ICallPlatform_pwrGetXOSCStartupTime)
                  000069d8    00000010     ICall.obj (.text:ICall_primGetTickPeriod$6)
                  000069e8    00000010     ICall.obj (.text:ICall_taskEntry$6)
                  000069f8    00000010     LCDDogm1286.obj (.text:LCD_update)
                  00006a08    00000010     UARTCC26XX.obj (.text:UARTCC26XX_init)
                  00006a18    00000010     multi_role.obj (.text:simpleTopology_eventCB$18)
                  00006a28    00000010     multi_role.obj (.text:simpleTopology_processStackMsg$18)
                  00006a38    00000010     UARTCC26XX.obj (.text:uartPostNotify$10)
                  00006a48    0000000e     ICallCC2650.obj (.text:ICallPlatform_pwrGetTransitionState)
                  00006a56    0000000e     ICall.obj (.text:ICall_primDisableMInt$6)
                  00006a64    0000000e     ICall.obj (.text:ICall_primEnableMInt$6)
                  00006a72    0000000e     ICall.obj (.text:ICall_primFreeMsg$6)
                  00006a80    0000000e     ICall.obj (.text:ICall_primGetTicks$6)
                  00006a8e    0000000e     driverlib.lib : vims.obj (.text:NOROM_VIMSModeGet)
                  00006a9c    0000000e                   : setup.obj (.text:SignExtendVddrTrimValue$51)
                  00006aaa    0000000e     rtsv7M3_T_le_eabi.lib : copy_decompress_none.obj (.text:decompress:none)
                  00006ab8    0000000e     multi.obj (.text:gapRole_processStackMsg$3)
                  00006ac6    0000000e     ICallBleAPI.obj (.text:matchLinkDBNumConnsCS$4)
                  00006ad4    0000000e     ICallBleAPI.obj (.text:setDispatchCmdEvtHdr$4)
                  00006ae2    00000002     --HOLE-- [fill = 0]
                  00006ae4    0000000c     ICallBleAPI.obj (.text:GAP_DeviceDiscoveryRequest)
                  00006af0    0000000c     ICallBleAPI.obj (.text:GAP_MakeDiscoverable)
                  00006afc    0000000c     ICall.obj (.text:ICall_clockFunc$6)
                  00006b08    0000000c     ICall.obj (.text:ICall_primDisableInt$6)
                  00006b14    0000000c     ICall.obj (.text:ICall_primEnableInt$6)
                  00006b20    0000000c     ICall.obj (.text:ICall_primFree$6)
                  00006b2c    0000000c     ICall.obj (.text:ICall_primSignal$6)
                  00006b38    0000000c     driverlib.lib : cpu.obj (.text:NOROM_CPUcpsid)
                  00006b44    0000000c                   : cpu.obj (.text:NOROM_CPUcpsie)
                  00006b50    0000000c     uart_printf.obj (.text:UartPrintf_init)
                  00006b5c    0000000c     rtsv7M3_T_le_eabi.lib : copy_zero_init.obj (.text:decompress:ZI)
                  00006b68    0000000c     sysbios.aem3 : mangled__BIOS_lib.obj (.text:ti_sysbios_BIOS_getThreadType__E)
                  00006b74    0000000c                  : mangled__BIOS_lib.obj (.text:ti_sysbios_family_arm_cc26xx_Power_getTransitionState__E)
                  00006b80    0000000c                  : mangled__BIOS_lib.obj (.text:ti_sysbios_hal_Hwi_Params__init__S)
                  00006b8c    0000000c     appBLE_pem3.oem3 (.text:xdc_runtime_Startup_reset__I)
                  00006b98    0000000c     sysbios.aem3 : mangled__BIOS_lib.obj (.text:xdc_runtime_SysStd_exit__E)
                  00006ba4    0000000a     ICallCC2650.obj (.text:ICallPlatform_pwrSwitchXOSCHF)
                  00006bae    0000000a     ICall.obj (.text:ICall_primE2S$6)
                  00006bb8    0000000a     SPI.obj (.text:SPI_transfer)
                  00006bc2    0000000a     UART.obj (.text:UART_write)
                  00006bcc    00000008     UARTCC26XX.obj (.text:readSemCallback$10)
                  00006bd4    00000008     UARTCC26XX.obj (.text:writeSemCallback$10)
                  00006bdc    00000008     appBLE_pem3.oem3 (.text:xdc_runtime_Text_visitRope__I)
                  00006be4    00000006     ICallBleAPI.obj (.text:GAP_RegisterForMsgs)
                  00006bea    00000006     ICall.obj (.text:ICall_mallocImpl)
                  00006bf0    00000006     UARTCC26XX.obj (.text:UARTCC26XX_readPolling)
                  00006bf6    00000006     UARTCC26XX.obj (.text:UARTCC26XX_writePolling)
                  00006bfc    00000006     sysbios.aem3 : mangled__BIOS_lib.obj (.text:__xdc__init)
                  00006c02    00000006     rtsv7M3_T_le_eabi.lib : copy_decompress_rle.obj (.text:decompress:rle24)
                  00006c08    00000006     ICallBleAPI.obj (.text:matchGapDevDiscReqCS$4)
                  00006c0e    00000006     ICallBleAPI.obj (.text:matchGapDeviceInitCS$4)
                  00006c14    00000006     ICallBleAPI.obj (.text:matchGapEndDiscoverableCS$4)
                  00006c1a    00000006     ICallBleAPI.obj (.text:matchGapMakeDiscoverableCS$4)
                  00006c20    00000006     ICallBleAPI.obj (.text:matchGapSetParamCS$4)
                  00006c26    00000006     ICallBleAPI.obj (.text:matchGapUpdateAdvDataCS$4)
                  00006c2c    00000006     ICallBleAPI.obj (.text:matchUtilNvReadCS$4)
                  00006c32    00000006     ICallBleAPI.obj (.text:matchUtilNvWriteCS$4)
                  00006c38    00000004     multi.obj (.text:gapRole_SetupGAP$3)
                  00006c3c    00000004     appBLE_pem3.oem3 (.text:ti_sysbios_family_arm_cc26xx_Power_NOP)
                  00006c40    00000004     sysbios.aem3 : mangled__BIOS_lib.obj (.text:ti_sysbios_knl_Clock_isActive__E)
                  00006c44    00000004                  : mangled__BIOS_lib.obj (.text:xdc_runtime_SysStd_putch__E)
                  00006c48    00000004                  : mangled__BIOS_lib.obj (.text:xdc_runtime_SysStd_ready__E)
                  00006c4c    00000008     (.tramp.xdc_runtime_Core_assignParams__I.1)
                  00006c54    00000008     (.tramp.ti_sysbios_hal_Hwi_enableInterrupt__E.1)
                  00006c5c    00000008     (.tramp.ti_sysbios_hal_Hwi_disableInterrupt__E.1)
                  00006c64    00000008     (.tramp.ti_sysbios_knl_Task_enable__E.1)
                  00006c6c    00000008     (.tramp.ti_sysbios_family_arm_m3_Hwi_enableFxn__E.1)
                  00006c74    00000008     (.tramp.xdc_runtime_Startup_startMods__I.1)
                  00006c7c    00000008     (.tramp.ti_sysbios_knl_Swi_post__E.1)
                  00006c84    00000008     (.tramp.ti_sysbios_knl_Clock_logTick__E.1)
                  00006c8c    00000008     (.tramp.ti_sysbios_BIOS_RtsGateProxy_leave__E.1)
                  00006c94    00000008     (.tramp.xdc_runtime_Memory_free__E.1)
                  00006c9c    00000008     (.tramp.ti_sysbios_knl_Queue_construct.1)
                  00006ca4    00000008     (.tramp.ti_sysbios_knl_Queue_remove__E.1)
                  00006cac    00000008     (.tramp.ti_sysbios_BIOS_RtsGateProxy_enter__E.1)
                  00006cb4    00000008     (.tramp.ti_sysbios_knl_Queue_dequeue__E.1)
                  00006cbc    00000008     (.tramp.ti_sysbios_knl_Task_startup__E.1)
                  00006cc4    00000008     (.tramp.ti_sysbios_knl_Swi_startup__E.1)
                  00006ccc    00000008     (.tramp.ti_sysbios_hal_Hwi_startup__E.1)
                  00006cd4    00000008     (.tramp.ti_sysbios_family_arm_cc26xx_Timer_startup__E.1)
                  00006cdc    00000008     (.tramp.xdc_runtime_System_atexit__E.1)
                  00006ce4    00000008     (.tramp.xdc_runtime_Memory_alloc__E.1)
                  00006cec    00000008     (.tramp.xdc_runtime_Error_init__E.1)
                  00006cf4    00000008     (.tramp.ti_sysbios_knl_Queue_enqueue__E.1)
                  00006cfc    00000008     (.tramp.ti_sysbios_knl_Queue_put__E.1)
                  00006d04    00000008     (.tramp.ti_sysbios_BIOS_setThreadType__E.1)
                  00006d0c    00000008     (.tramp.ti_sysbios_hal_Hwi_create.1)
                  00006d14    00000008     (.tramp.ti_sysbios_BIOS_start__E.1)
                  00006d1c    00000008     (.tramp.ti_sysbios_knl_Task_construct.1)
                  00006d24    00000008     (.tramp.xdc_runtime_System_exit__E.1)
                  00006d2c    00000008     (.tramp.ti_sysbios_knl_Semaphore_create.1)
                  00006d34    00000008     (.tramp.ti_sysbios_knl_Task_create.1)
                  00006d3c    00000008     (.tramp.ti_sysbios_knl_Task_Params__init__S.1)
                  00006d44    00000008     (.tramp.ti_sysbios_knl_Clock_destruct.1)
                  00006d4c    00000008     (.tramp.ti_sysbios_knl_Semaphore_destruct.1)
                  00006d54    00000008     (.tramp.ti_sysbios_family_arm_m3_Hwi_destruct.1)
                  00006d5c    00000008     (.tramp.ti_sysbios_knl_Clock_create.1)
                  00006d64    00000008     (.tramp.ti_sysbios_knl_Clock_scheduleNextTick__E.1)
                  00006d6c    00000008     (.tramp.ti_sysbios_knl_Clock_walkQueueDynamic__E.1)
                  00006d74    00000008     (.tramp.ti_sysbios_knl_Semaphore_post__E.1)
                  00006d7c    00000008     (.tramp.ti_sysbios_knl_Clock_getTicks__E.1)
                  00006d84    00000008     (.tramp.ti_sysbios_knl_Task_self__E.1)
                  00006d8c    00000008     (.tramp.ti_sysbios_knl_Clock_start__E.1)
                  00006d94    00000008     (.tramp.ti_sysbios_knl_Clock_setTimeout__E.1)
                  00006d9c    00000008     (.tramp.ti_sysbios_knl_Clock_TimerProxy_getCurrentTick__E.1)
                  00006da4    00000008     (.tramp.ti_sysbios_knl_Semaphore_pend__E.1)
                  00006dac    00000008     (.tramp.ti_sysbios_knl_Clock_stop__E.1)
                  00006db4    00000008     (.tramp.ti_sysbios_knl_Clock_construct.1)
                  00006dbc    00000008     (.tramp.ti_sysbios_knl_Clock_Params__init__S.1)
                  00006dc4    00000008     (.tramp.ti_sysbios_family_arm_m3_Hwi_restoreFxn__E.1)
                  00006dcc    00000008     (.tramp.ti_sysbios_family_arm_m3_Hwi_disableFxn__E.1)
                  00006dd4    00000008     (.tramp.ti_sysbios_family_arm_m3_Hwi_construct.1)
                  00006ddc    00000008     (.tramp.ti_sysbios_family_arm_m3_Hwi_Params__init__S.1)
                  00006de4    00000008     (.tramp.ti_sysbios_knl_Semaphore_construct.1)
                  00006dec    00000008     (.tramp.ti_sysbios_knl_Semaphore_Params__init__S.1)
                  00006df4    00000008     (.tramp.ti_sysbios_knl_Task_restore__E.1)
                  00006dfc    00000008     (.tramp.ti_sysbios_knl_Swi_restore__E.1)
                  00006e04    00000008     (.tramp.ti_sysbios_knl_Swi_disable__E.1)
                  00006e0c    00000008     (.tramp.ti_sysbios_knl_Queue_next__E.1)
                  00006e14    00000008     (.tramp.ti_sysbios_knl_Queue_head__E.1)
                  00006e1c    00000008     (.tramp.ti_sysbios_knl_Queue_empty__E.1)
                  00006e24    00000008     (.tramp.ti_sysbios_knl_Task_disable__E.1)

.const     0    00006e2c    000004ad     
                  00006e2c    000001dc     LCDDogm1286.obj (.const)
                  00007008    000000bc     ICall.obj (.const)
                  000070c4    0000004c     appBLE_pem3.oem3 (.const:ti_sysbios_family_arm_cc26xx_Power_db)
                  00007110    00000048     appBLE_pem3.oem3 (.const:.string)
                  00007158    00000040     UARTCC26XX.obj (.const)
                  00007198    00000028     UARTCC26XX.obj (.const:UARTCC26XX_fxnTable)
[...]
1001c275  ti_sysbios_gates_GateMutex_query__E                                       
1001c275  ti_sysbios_heaps_HeapMem_Module_GateProxy_query__E                        
1001c279  ti_sysbios_hal_Hwi_HwiProxy_Module__startupDone__S                        
1001c27d  ti_sysbios_hal_Hwi_HwiProxy_delete                                        
1001c281  ti_sysbios_hal_Hwi_HwiProxy_disableInterrupt__E                           
1001c281  ti_sysbios_hal_Hwi_disableInterrupt__E                                    
1001c285  ti_sysbios_hal_Hwi_HwiProxy_enableInterrupt__E                            
1001c285  ti_sysbios_hal_Hwi_enableInterrupt__E                                     
1001c289  ti_sysbios_hal_Hwi_HwiProxy_getStackInfo__E                               
1001c289  ti_sysbios_hal_Hwi_getStackInfo__E                                        
1001c28d  ti_sysbios_hal_Hwi_HwiProxy_startup__E                                    
1001c28d  ti_sysbios_hal_Hwi_startup__E                                             
1001c291  ti_sysbios_hal_Hwi_HwiProxy_switchFromBootStack__E                        
1001c295  ti_sysbios_hal_Hwi_delete                                                 
1001c299  ti_sysbios_hal_Hwi_switchFromBootStack__E                                 
1001c29d  ti_sysbios_heaps_HeapMem_Module_GateProxy_enter__E                        
1001c2a1  ti_sysbios_heaps_HeapMem_Module_GateProxy_leave__E                        
1001c2a5  ti_sysbios_heaps_HeapMem_isBlocking__E                                    
1001c2a9  ti_sysbios_knl_Clock_TimerProxy_Module__startupDone__S                    
1001c2ad  ti_sysbios_knl_Clock_TimerProxy_getExpiredTicks__E                        
1001c2b1  ti_sysbios_knl_Clock_TimerProxy_getPeriod__E                              
1001c2b5  ti_sysbios_knl_Clock_delete                                               
1001c2b9  ti_sysbios_knl_Clock_destruct                                             
1001c2bd  ti_sysbios_knl_Clock_removeI__E                                           
1001c2c1  ti_sysbios_knl_Clock_setTimeout__E                                        
1001c2c5  ti_sysbios_knl_Mailbox_delete                                             
1001c2c9  ti_sysbios_knl_Mailbox_destruct                                           
1001c2cd  ti_sysbios_knl_Queue_delete                                               
1001c2d1  ti_sysbios_knl_Queue_destruct                                             
1001c2d5  ti_sysbios_knl_Queue_head__E                                              
1001c2d9  ti_sysbios_knl_Queue_next__E                                              
1001c2dd  ti_sysbios_knl_Semaphore_delete                                           
1001c2e1  ti_sysbios_knl_Semaphore_destruct                                         
1001c2e5  ti_sysbios_knl_Swi_delete                                                 
1001c2e9  ti_sysbios_knl_Swi_destruct                                               
1001c2ed  ti_sysbios_knl_Swi_postInit__I                                            
1001c2f1  ti_sysbios_knl_Task_SupportProxy_Module__startupDone__S                   
1001c2f5  ti_sysbios_knl_Task_SupportProxy_getStackAlignment__E                     
1001c2f9  ti_sysbios_knl_Task_SupportProxy_start__E                                 
1001c2fd  ti_sysbios_knl_Task_SupportProxy_swap__E                                  
1001c301  ti_sysbios_knl_Task_delete                                                
1001c305  ti_sysbios_knl_Task_destruct                                              
1001c309  ti_sysbios_knl_Task_startup__E                                            
1001c30d  xdc_runtime_Startup_startMods__I                                          
1001c405  xdc_runtime_Core_createObject__I                                          
1001c487  xdc_runtime_Error_policySpin__E                                           
1001c489  xdc_runtime_Memory_alloc__E                                               
1001c4f9  xdc_runtime_Core_deleteObject__I                                          
1001c559  xdc_runtime_Startup_exec__E                                               
1001c5a9  xdc_runtime_Assert_raise__I                                               
1001c5f1  xdc_runtime_Core_assignParams__I                                          
1001c639  xdc_runtime_Core_constructObject__I                                       
1001c681  xdc_runtime_System_atexit__E                                              
1001c6b9  xdc_runtime_System_processAtExit__E                                       
1001c6ed  xdc_runtime_Core_assignLabel__I                                           
1001c71d  xdc_runtime_Text_cordText__E                                              
1001c749  xdc_runtime_System_abort__E                                               
1001c769  xdc_runtime_Error_raiseX__E                                               
1001c785  xdc_runtime_Memory_valloc__E                                              
1001c7a1  xdc_runtime_Core_destructObject__I                                        
1001c7b9  xdc_runtime_Error_check__E                                                
1001c7d1  xdc_runtime_System_exit__E                                                
1001c7e9  xdc_runtime_Text_ropeText__E                                              
1001c801  xdc_runtime_Memory_free__E                                                
1001c811  xdc_runtime_SysCallback_abort__E                                          
1001c821  xdc_runtime_SysCallback_exit__E                                           
1001c831  xdc_runtime_Timestamp_SupportProxy_get32__E                               
1001c831  xdc_runtime_Timestamp_get32__E                                            
1001c841  xdc_runtime_Error_init__E                                                 
1001c84d  xdc_runtime_Memory_calloc__E                                              
1001c859  xdc_runtime_Memory_getMaxDefaultTypeAlign__E                              
1001c879  xdc_runtime_Gate_leaveSystem__E                                           
1001c87f  xdc_runtime_System_Module_startup__E                                      
1001c885  xdc_runtime_Gate_enterSystem__E                                           
1001c889  xdc_runtime_Memory_HeapProxy_alloc__E                                     
1001c88d  xdc_runtime_Memory_HeapProxy_free__E                                      
1001c891  xdc_runtime_System_Module_GateProxy_enter__E                              
1001c895  xdc_runtime_System_Module_GateProxy_leave__E                              
1001c899  xdc_runtime_System_abortSpin__E                                           
1001c89b  xdc_runtime_System_exitSpin__E                                            
1001c89d  ti_sysbios_family_arm_m3_Hwi_dispatch__I                                  
1001c96d  ti_sysbios_family_arm_m3_TaskSupport_buildTaskStack                       
1001c9b9  ti_sysbios_family_arm_m3_Hwi_initStacks__E                                
1001ca01  ti_sysbios_family_arm_m3_Hwi_excHandlerAsm__I                             
1001ca21  ti_sysbios_family_xxx_Hwi_switchAndRunFunc                                
1001ca3f  ti_sysbios_family_arm_m3_Hwi_pendSV__I                                    
1001ca57  ti_sysbios_family_arm_m3_Hwi_return                                       
1001ca59  ti_sysbios_family_arm_m3_TaskSupport_glue                                 
1001ca69  ti_sysbios_family_arm_m3_TaskSupport_swap__E                              
1001ca71  ti_sysbios_knl_Task_swapReturn                                            
1001ca9b  ti_sysbios_rom_cortexm_cc26xx_CC26xx_getRevision__E                       
20000000  ti_sysbios_family_arm_m3_Hwi_ramVectors                                   
20000100  ti_sysbios_knl_Task_Module__state__V                                      
20000144  ti_sysbios_family_arm_m3_Hwi_Module__state__V                             
20000178  ti_sysbios_knl_Clock_Module__state__V                                     
200001a4  ti_sysbios_BIOS_Module__state__V                                          
200001c8  ti_sysbios_knl_Swi_Module__state__V                                       
200001e4  ti_sysbios_family_arm_cc26xx_Timer_Module__state__V                       
200001ec  ti_sysbios_family_arm_cc26xx_TimestampProvider_Module__state__V           
200001f0  xdc_runtime_Startup_Module__state__V                                      
200001f8  xdc_runtime_System_Module__state__V                                       
20000200  xdc_runtime_Memory_Module__state__V                                       
20001d60  ti_sysbios_heaps_HeapMem_Instance_State_0_buf__A                          
200023e0  ti_sysbios_knl_Task_Instance_State_0_stack__A                             
200025e0  __CIOBUF_                                                                 
20002700  PIN_NumPins                                                               
20002760  PIN_HandleTable                                                           
200027dc  uartCC26XXObjects                                                         
200028ac  ti_sysbios_family_arm_m3_Hwi_dispatchTable                                
200029b8  driverlib_release_0_43243                                                 
20002dc8  lcdBuffer0                                                                
200031c8  linkDBNumConns                                                            
20003280  gapRoleTask                                                               
200032d0  multiConnInfo                                                             
20003340  gapRoleTaskStack                                                          
20003558  hGpioPin                                                                  
20003578  pinGpioState                                                              
200035c8  sbmTask                                                                   
20003618  sbmTaskStack                                                              
2000389c  __aeabi_stdin                                                             
200038a0  __aeabi_stdout                                                            
200038a4  __aeabi_stderr                                                            
200038a8  __TI_ft_end                                                               
200038ac  __TI_tmpnams                                                              
2000394c  _ftable                                                                   
20003b0c  ti_sysbios_family_arm_cc26xx_Power_refCount                               
20003b1f  ti_sysbios_family_arm_cc26xx_Power_constraintCounts                       
20003b24  ti_sysbios_family_arm_cc26xx_Power_resourceHandlers                       
20003b30  ti_sysbios_family_arm_cc26xx_Timer_Module__root__V                        
20003b38  ti_sysbios_family_arm_m3_Hwi_Module__root__V                              
20003b40  ti_sysbios_family_arm_m3_Hwi_Module_State_0_excActive__A                  
20003b44  ti_sysbios_family_arm_m3_Hwi_Module_State_0_excContext__A                 
20003b48  ti_sysbios_family_arm_m3_Hwi_Module_State_0_excStack__A                   
20003b4c  ti_sysbios_gates_GateHwi_Module__root__V                                  
20003b54  ti_sysbios_gates_GateHwi_Object__table__V                                 
20003b58  ti_sysbios_gates_GateMutex_Module__root__V                                
20003b60  ti_sysbios_hal_Hwi_Module__root__V                                        
20003b68  ti_sysbios_heaps_HeapMem_Module__root__V                                  
20003b70  ti_sysbios_heaps_HeapMem_Object__table__V                                 
20003b88  ti_sysbios_knl_Clock_Module__root__V                                      
20003b90  ti_sysbios_knl_Event_Module__root__V                                      
20003b98  ti_sysbios_knl_Mailbox_Module__root__V                                    
20003ba0  ti_sysbios_knl_Queue_Module__root__V                                      
20003ba8  ti_sysbios_knl_Semaphore_Module__root__V                                  
20003bb0  ti_sysbios_knl_Swi_Module__root__V                                        
20003bb8  ti_sysbios_knl_Task_Module__root__V                                       
20003bc0  ti_sysbios_knl_Task_Module_State_0_idleTask__A                            
20003bc4  __xdc__init__addr                                                         
20003bc8  heapmgrBlkMax                                                             
20003bca  heapmgrBlkCnt                                                             
20003bcc  heapmgrBlkFree                                                            
20003bce  heapmgrMemAlo                                                             
20003bd0  heapmgrMemMax                                                             
20003bd2  heapmgrMemUB                                                              
20003bd4  heapmgrMemFail                                                            
20003bd8  ICall_dispatcher                                                          
20003be0  ICall_enterCriticalSection                                                
20003be4  ICall_leaveCriticalSection                                                
20003c70  ti_sysbios_family_arm_cc26xx_Power_Module__state__V                       
20003ce0  TSK_idle                                                                  
20003ce0  ti_sysbios_knl_Task_Object__table__V                                      
20003d2c  main_func_sp                                                              
20003d30  ti_sysbios_family_arm_cc26xx_Timer_Object__table__V                       
20003d7c  hLCDPins                                                                  
20003d80  LCDPinTable                                                               
20003d88  LCDPinState                                                               
20003d94  lcdBuffers                                                                
20003db8  BoardGpioInitTable                                                        
20003df4  ti_sysbios_gates_GateMutex_Object__table__V                               
20003e2c  rfRegTbl                                                                  
20003e60  ti_sysbios_family_arm_m3_Hwi_Object__table__V                             
20003e90  ti_sysbios_knl_Swi_Module_State_0_readyQ__A                               
20003ec0  ti_sysbios_knl_Swi_Object__table__V                                       
20003ef0  ti_sysbios_knl_Task_Module_State_0_readyQ__A                              
20003f20  user0Cfg                                                                  
20003f6c  lastAppOpcodeSent                                                         
20003f70  pfnBMAlloc                                                                
20003f74  pfnBMFree                                                                 
20003f80  _lock                                                                     
20003f84  _unlock                                                                   
20003f88  __TI_cleanup_ptr                                                          
20003f8c  __TI_dtors_ptr                                                            
20003f90  xdc_runtime_Registry_Module__state__V                                     
20004074  __stack                                                                   
20004474  __STACK_END                                                               
20004474  __STACK_TOP                                                               
e000e000  ti_sysbios_family_arm_m3_Hwi_nvic                                         
ffffffff  __binit__                                                                 
ffffffff  __c_args__                                                                
ffffffff  binit                                                                     
UNDEFED   SHT$$INIT_ARRAY$$Base                                                     
UNDEFED   SHT$$INIT_ARRAY$$Limit                                                    
UNDEFED   ti_sysbios_BIOS_RtsGateProxy_Handle__label__S__mangled__                  
UNDEFED   ti_sysbios_BIOS_RtsGateProxy_Object__delete__S__mangled__                 
UNDEFED   ti_sysbios_BIOS_RtsGateProxy_Params__init__S__mangled__                   
UNDEFED   ti_sysbios_BIOS_RtsGateProxy_query__E__mangled__                          
UNDEFED   ti_sysbios_hal_Hwi_HwiProxy_Module__startupDone__S__mangled__             
UNDEFED   ti_sysbios_hal_Hwi_HwiProxy_Object__delete__S__mangled__                  
UNDEFED   ti_sysbios_hal_Hwi_HwiProxy_Params__init__S__mangled__                    
UNDEFED   ti_sysbios_hal_Hwi_HwiProxy_disableInterrupt__E__mangled__                
UNDEFED   ti_sysbios_hal_Hwi_HwiProxy_enableInterrupt__E__mangled__                 
UNDEFED   ti_sysbios_hal_Hwi_HwiProxy_getStackInfo__E__mangled__                    
UNDEFED   ti_sysbios_hal_Hwi_HwiProxy_startup__E__mangled__                         
UNDEFED   ti_sysbios_hal_Hwi_HwiProxy_switchFromBootStack__E__mangled__             
UNDEFED   ti_sysbios_hal_Hwi_disableInterrupt__E__mangled__                         
UNDEFED   ti_sysbios_hal_Hwi_enableInterrupt__E__mangled__                          
UNDEFED   ti_sysbios_hal_Hwi_getStackInfo__E__mangled__                             
UNDEFED   ti_sysbios_hal_Hwi_startup__E__mangled__                                  
UNDEFED   ti_sysbios_hal_Hwi_switchFromBootStack__E__mangled__                      
UNDEFED   ti_sysbios_heaps_HeapMem_Module_GateProxy_Handle__label__S__mangled__     
UNDEFED   ti_sysbios_heaps_HeapMem_Module_GateProxy_Object__delete__S__mangled__    
UNDEFED   ti_sysbios_heaps_HeapMem_Module_GateProxy_Params__init__S__mangled__      
UNDEFED   ti_sysbios_heaps_HeapMem_Module_GateProxy_query__E__mangled__             
UNDEFED   ti_sysbios_knl_Clock_TimerProxy_Module__startupDone__S__mangled__         
UNDEFED   ti_sysbios_knl_Clock_TimerProxy_startup__E__mangled__                     
UNDEFED   ti_sysbios_knl_Task_SupportProxy_Module__startupDone__S__mangled__        
UNDEFED   ti_sysbios_knl_Task_SupportProxy_getStackAlignment__E__mangled__          
UNDEFED   ti_sysbios_knl_Task_SupportProxy_start__E__mangled__                      
UNDEFED   ti_sysbios_knl_Task_SupportProxy_swap__E__mangled__                       
UNDEFED   xdc_runtime_Main_Module_GateProxy_Handle__label__S                        
UNDEFED   xdc_runtime_Main_Module_GateProxy_Object__delete__S                       
UNDEFED   xdc_runtime_Main_Module_GateProxy_query__E                                
UNDEFED   xdc_runtime_Memory_HeapProxy_Handle__label__S__mangled__                  
UNDEFED   xdc_runtime_Memory_HeapProxy_Object__delete__S__mangled__                 
UNDEFED   xdc_runtime_System_Module_GateProxy_Handle__label__S__mangled__           
UNDEFED   xdc_runtime_System_Module_GateProxy_Object__delete__S__mangled__          
UNDEFED   xdc_runtime_System_Module_GateProxy_query__E__mangled__                   
UNDEFED   xdc_runtime_Timestamp_SupportProxy_get64__E__mangled__                    
UNDEFED   xdc_runtime_Timestamp_SupportProxy_getFreq__E__mangled__                  
UNDEFED   xdc_runtime_Timestamp_get32__E__mangled__                                 
UNDEFED   xdc_runtime_Timestamp_get64__E__mangled__                                 
UNDEFED   xdc_runtime_Timestamp_getFreq__E__mangled__                               

[836 symbols]
