******************************************************************************
                  TI ARM Linker PC v15.9.0                     
******************************************************************************
>> Linked Wed Feb 17 09:18:11 2016

OUTPUT FILE NAME:   <multi_role.out>
ENTRY POINT SYMBOL: "ResetISR"  address: 00003489


MEMORY CONFIGURATION

         name            origin    length      used     unused   attr    fill
----------------------  --------  ---------  --------  --------  ----  --------
  FLASH                 00000000   0000cfff  0000580e  000077f1  R  X
  FLASH_LAST_PAGE       0001f000   00001000  00000058  00000fa8  R  X
  SRAM                  20000000   00004477  00003aa1  000009d6  RW X


SEGMENT ALLOCATION MAP

run origin  load origin   length   init length attrs members
----------  ----------- ---------- ----------- ----- -------
00000000    00000000    00005818   00005818    r-x
  00000000    00000000    0000003c   0000003c    r-- .resetVecs
  0000003c    0000003c    000000c4   000000c4    r-x .text.1
  00000100    00000100    0000003c   0000003c    r-- .const:ti_sysbios_knl_Task_Object__PARAMS__C
  0000013c    0000013c    00000034   00000034    r-- .const:ti_sysbios_knl_Mailbox_Object__PARAMS__C
  00000170    00000170    00000030   00000030    r-- .const:ti_sysbios_family_arm_m3_Hwi_Object__PARAMS__C
  000001a0    000001a0    0000002c   0000002c    r-- .const:ti_sysbios_hal_Hwi_Object__PARAMS__C
  000001cc    000001cc    00000028   00000028    r-- .const:ti_sysbios_heaps_HeapMem_Module__FXNS__C
  000001f4    000001f4    00000028   00000028    r-- .const:ti_sysbios_knl_Swi_Object__PARAMS__C
  0000021c    0000021c    00000024   00000024    r-- .const:ti_sysbios_gates_GateHwi_Module__FXNS__C
  00000240    00000240    00000024   00000024    r-- .const:ti_sysbios_gates_GateMutex_Module__FXNS__C
  00000264    00000264    00000024   00000024    r-- .const:ti_sysbios_heaps_HeapMem_Object__PARAMS__C
  00000288    00000288    00000024   00000024    r-- .const:ti_sysbios_knl_Clock_Object__PARAMS__C
  000002ac    000002ac    00000024   00000024    r-- .const:ti_sysbios_knl_Semaphore_Object__PARAMS__C
  000002d0    000002d0    00000020   00000020    r-- .const:ti_sysbios_family_arm_m3_Hwi_Object__DESC__C
  000002f0    000002f0    00000020   00000020    r-- .const:ti_sysbios_gates_GateHwi_Object__DESC__C
  00000310    00000310    00000020   00000020    r-- .const:ti_sysbios_gates_GateMutex_Object__DESC__C
  00000330    00000330    00000020   00000020    r-- .const:ti_sysbios_hal_Hwi_Object__DESC__C
  00000350    00000350    00000020   00000020    r-- .const:ti_sysbios_heaps_HeapMem_Object__DESC__C
  00000370    00000370    00000020   00000020    r-- .const:ti_sysbios_knl_Clock_Object__DESC__C
  00000390    00000390    00000020   00000020    r-- .const:ti_sysbios_knl_Mailbox_Object__DESC__C
  000003b0    000003b0    00000020   00000020    r-- .const:ti_sysbios_knl_Queue_Object__DESC__C
  000003d0    000003d0    00000020   00000020    r-- .const:ti_sysbios_knl_Semaphore_Object__DESC__C
  000003f0    000003f0    00000020   00000020    r-- .const:ti_sysbios_knl_Swi_Object__DESC__C
  00000410    00000410    00000020   00000020    r-- .const:ti_sysbios_knl_Task_Object__DESC__C
  00000430    00000430    00000018   00000018    r-- .const:ti_sysbios_gates_GateHwi_Object__PARAMS__C
  00000448    00000448    00000018   00000018    r-- .const:ti_sysbios_gates_GateMutex_Object__PARAMS__C
  00000460    00000460    00000018   00000018    r-- .const:ti_sysbios_knl_Queue_Object__PARAMS__C
  00000478    00000478    00000008   00000008    r-- .const:ti_sysbios_knl_Idle_funcList__C
  00000480    00000480    00000004   00000004    r-x .text.2
  00000484    00000484    00000004   00000004    r-- .const:ti_sysbios_family_arm_cc26xx_Timer_startupNeeded__C
  00000488    00000488    00000004   00000004    r-- .const:ti_sysbios_family_arm_m3_Hwi_E_alreadyDefined__C
  0000048c    0000048c    00000004   00000004    r-- .const:ti_sysbios_family_arm_m3_Hwi_E_hwiLimitExceeded__C
  00000490    00000490    00000004   00000004    r-- .const:ti_sysbios_family_arm_m3_Hwi_NUM_INTERRUPTS__C
  00000494    00000494    00000004   00000004    r-- .const:ti_sysbios_family_arm_m3_Hwi_Object__count__C
  00000498    00000498    00000004   00000004    r-- .const:ti_sysbios_family_arm_m3_Hwi_Object__table__C
  0000049c    0000049c    00000004   00000004    r-- .const:ti_sysbios_family_arm_m3_Hwi_ccr__C
  000004a0    000004a0    00000004   00000004    r-- .const:ti_sysbios_family_arm_m3_Hwi_excHandlerFunc__C
  000004a4    000004a4    00000004   00000004    r-- .const:ti_sysbios_family_arm_m3_Hwi_nullIsrFunc__C
  000004a8    000004a8    00000004   00000004    r-- .const:ti_sysbios_family_arm_m3_Hwi_numSparseInterrupts__C
  000004ac    000004ac    00000004   00000004    r-- .const:ti_sysbios_family_arm_m3_Hwi_priGroup__C
  000004b0    000004b0    00000004   00000004    r-- .const:ti_sysbios_family_arm_m3_TaskSupport_stackAlignment__C
  000004b4    000004b4    00000004   00000004    r-- .const:ti_sysbios_heaps_HeapMem_E_memory__C
  000004b8    000004b8    00000004   00000004    r-- .const:ti_sysbios_heaps_HeapMem_Module__gateObj__C
  000004bc    000004bc    00000004   00000004    r-- .const:ti_sysbios_heaps_HeapMem_Object__count__C
  000004c0    000004c0    00000004   00000004    r-- .const:ti_sysbios_heaps_HeapMem_Object__table__C
  000004c4    000004c4    00000004   00000004    r-- .const:ti_sysbios_heaps_HeapMem_reqAlign__C
  000004c8    000004c8    00000004   00000004    r-- .const:ti_sysbios_knl_Clock_serviceMargin__C
  000004cc    000004cc    00000004   00000004    r-- .const:ti_sysbios_knl_Mailbox_Object__count__C
  000004d0    000004d0    00000004   00000004    r-- .const:ti_sysbios_knl_Mailbox_Object__table__C
  000004d4    000004d4    00000004   00000004    r-- .const:ti_sysbios_knl_Queue_Object__count__C
  000004d8    000004d8    00000004   00000004    r-- .const:ti_sysbios_knl_Queue_Object__table__C
  000004dc    000004dc    00000004   00000004    r-- .const:ti_sysbios_knl_Swi_Object__count__C
  000004e0    000004e0    00000004   00000004    r-- .const:ti_sysbios_knl_Swi_Object__table__C
  000004e4    000004e4    00000004   00000004    r-- .const:ti_sysbios_knl_Swi_numPriorities__C
  000004e8    000004e8    00000004   00000004    r-- .const:ti_sysbios_knl_Task_Object__count__C
  000004ec    000004ec    00000004   00000004    r-- .const:ti_sysbios_knl_Task_Object__table__C
  000004f0    000004f0    00000004   00000004    r-- .const:ti_sysbios_knl_Task_allBlockedFunc__C
  000004f4    000004f4    00000004   00000004    r-- .const:ti_sysbios_knl_Task_defaultStackHeap__C
  000004f8    000004f8    00000004   00000004    r-- .const:ti_sysbios_knl_Task_defaultStackSize__C
  000004fc    000004fc    00000004   00000004    r-- .const:ti_sysbios_knl_Task_numConstructedTasks__C
  00000500    00000500    00000002   00000002    r-x .text.3
  00000502    00000502    00000002   00000002    r-- .const:ti_sysbios_family_arm_cc26xx_Timer_Module__id__C
  00000504    00000504    00000002   00000002    r-- .const:ti_sysbios_family_arm_cc26xx_TimestampProvider_useClockTimer__C
  00000506    00000506    00000002   00000002    r-- .const:ti_sysbios_family_arm_m3_Hwi_Module__id__C
  00000508    00000508    00000002   00000002    r-- .const:ti_sysbios_gates_GateHwi_Module__id__C
  0000050a    0000050a    00000002   00000002    r-- .const:ti_sysbios_gates_GateMutex_Module__id__C
  0000050c    0000050c    00000002   00000002    r-- .const:ti_sysbios_heaps_HeapMem_Module__id__C
  0000050e    0000050e    00000002   00000002    r-- .const:ti_sysbios_knl_Task_initStackFlag__C
  00000510    00000510    00000001   00000001    r-- .const:ti_sysbios_knl_Clock_tickMode__C
  00000514    00000514    00000008   00000008    r-- .const:xdc_runtime_Startup_firstFxns__C
  0000051c    0000051c    00000008   00000008    r-- .const:xdc_runtime_Startup_lastFxns__C
  00000524    00000524    00000004   00000004    r-- .const:xdc_runtime_Assert_E_assertFailed__C
  00000528    00000528    00000004   00000004    r-- .const:xdc_runtime_Error_E_memory__C
  0000052c    0000052c    00000004   00000004    r-- .const:xdc_runtime_Error_policyFxn__C
  00000530    00000530    00000004   00000004    r-- .const:xdc_runtime_IGateProvider_Interface__BASE__C
  00000534    00000534    00000004   00000004    r-- .const:xdc_runtime_IHeap_Interface__BASE__C
  00000538    00000538    00000004   00000004    r-- .const:xdc_runtime_IModule_Interface__BASE__C
  0000053c    0000053c    00000004   00000004    r-- .const:xdc_runtime_Main_Module__diagsEnabled__C
  00000540    00000540    00000004   00000004    r-- .const:xdc_runtime_Main_Module__diagsIncluded__C
  00000544    00000544    00000004   00000004    r-- .const:xdc_runtime_Main_Module__diagsMask__C
  00000548    00000548    00000004   00000004    r-- .const:xdc_runtime_Memory_defaultHeapInstance__C
  0000054c    0000054c    00000004   00000004    r-- .const:xdc_runtime_Startup_execImpl__C
  00000550    00000550    00000004   00000004    r-- .const:xdc_runtime_Startup_maxPasses__C
  00000554    00000554    00000004   00000004    r-- .const:xdc_runtime_Startup_sfxnRts__C
  00000558    00000558    00000004   00000004    r-- .const:xdc_runtime_Startup_sfxnTab__C
  0000055c    0000055c    00000004   00000004    r-- .const:xdc_runtime_Startup_startModsFxn__C
  00000560    00000560    00000004   00000004    r-- .const:xdc_runtime_SysCallback_abortFxn__C
  00000564    00000564    00000004   00000004    r-- .const:xdc_runtime_SysCallback_exitFxn__C
  00000568    00000568    00000004   00000004    r-- .const:xdc_runtime_System_abortFxn__C
  0000056c    0000056c    00000004   00000004    r-- .const:xdc_runtime_System_exitFxn__C
  00000570    00000570    00000004   00000004    r-- .const:xdc_runtime_System_maxAtexitHandlers__C
  00000574    00000574    00000004   00000004    r-- .const:xdc_runtime_Text_charTab__C
  00000578    00000578    00000004   00000004    r-- .const:xdc_runtime_Text_nameEmpty__C
  0000057c    0000057c    00000004   00000004    r-- .const:xdc_runtime_Text_nameStatic__C
  00000580    00000580    00000004   00000004    r-- .const:xdc_runtime_Text_nameUnknown__C
  00000584    00000584    00000002   00000002    r-- .const:xdc_runtime_Main_Module__id__C
  00000586    00000586    00000002   00000002    r-- .const:xdc_runtime_Memory_Module__id__C
  00000588    00000588    00000002   00000002    r-- .const:xdc_runtime_Text_charCnt__C
  0000058a    0000058a    00000002   00000002    r-- .const:xdc_runtime_Text_isLoaded__C
  0000058c    0000058c    00000001   00000001    r-- .const:xdc_runtime_Error_policy__C
  00000590    00000590    00000004   00000004    r-- .const:ti_sysbios_rom_ROM_AONRTCChannelEnable
  00000594    00000594    00000004   00000004    r-- .const:ti_sysbios_rom_ROM_AONRTCCompareValueSet
  00000598    00000598    00000004   00000004    r-- .const:ti_sysbios_rom_ROM_AONRTCCurrentCompareValueGet
  0000059c    0000059c    00000004   00000004    r-- .const:ti_sysbios_rom_ROM_AONRTCEventClear
  000005a0    000005a0    00000004   00000004    r-- .const:ti_sysbios_rom_ROM_ti_sysbios_family_arm_cc26xx_Timer_getCount64__E
  000005a4    000005a4    00000004   00000004    r-- .const:ti_sysbios_rom_ROM_ti_sysbios_family_arm_cc26xx_Timer_getCurrentTick__E
  000005a8    000005a8    00000004   00000004    r-- .const:ti_sysbios_rom_ROM_ti_sysbios_family_arm_cc26xx_Timer_getMaxTicks__E
  000005ac    000005ac    00000004   00000004    r-- .const:ti_sysbios_rom_ROM_ti_sysbios_family_arm_cc26xx_Timer_initDevice__I
  000005b0    000005b0    00000004   00000004    r-- .const:ti_sysbios_rom_ROM_ti_sysbios_family_arm_cc26xx_Timer_setNextTick__E
  000005b4    000005b4    00000004   00000004    r-- .const:ti_sysbios_rom_ROM_ti_sysbios_family_arm_cc26xx_Timer_setThreshold__I
  000005b8    000005b8    00000004   00000004    r-- .const:ti_sysbios_rom_ROM_ti_sysbios_family_arm_cc26xx_Timer_start__E
  000005bc    000005bc    00000004   00000004    r-- .const:ti_sysbios_rom_ROM_ti_sysbios_family_arm_cc26xx_TimestampProvider_get32__E
  000005c0    000005c0    00000004   00000004    r-- .const:ti_sysbios_rom_ROM_xdc_runtime_Startup_getState__I
  000005c4    000005c4    00000004   00000004    r-- .const:ti_sysbios_rom_ROM_xdc_runtime_System_SupportProxy_abort__E
  000005c8    000005c8    00000004   00000004    r-- .const:ti_sysbios_rom_ROM_xdc_runtime_System_SupportProxy_exit__E
  000005cc    000005cc    00000004   00000004    r-- .const:ti_sysbios_gates_GateMutex_Instance_State_sem__O
  000005d0    000005d0    00000004   00000004    r-- .const:ti_sysbios_knl_Clock_Module_State_clockQ__O
  000005d4    000005d4    00000004   00000004    r-- .const:ti_sysbios_knl_Mailbox_Instance_State_dataQue__O
  000005d8    000005d8    00000004   00000004    r-- .const:ti_sysbios_knl_Mailbox_Instance_State_dataSem__O
  000005dc    000005dc    00000004   00000004    r-- .const:ti_sysbios_knl_Mailbox_Instance_State_freeQue__O
  000005e0    000005e0    00000004   00000004    r-- .const:ti_sysbios_knl_Mailbox_Instance_State_freeSem__O
  000005e4    000005e4    00000004   00000004    r-- .const:ti_sysbios_knl_Semaphore_Instance_State_pendQ__O
  000005e8    000005e8    00000004   00000004    r-- .const:ti_sysbios_knl_Task_Module_State_inactiveQ__O
  000005ec    000005ec    000049c0   000049c0    r-x .text.4
  00004fac    00004fac    000003c8   000003c8    r-- .const
  00005378    00005378    000004a0   000004a0    r-- .cinit
0001ffa8    0001ffa8    00000058   00000058    r--
  0001ffa8    0001ffa8    00000058   00000058    r-- .ccfg
20000000    20000000    000000c8   00000000    rw-
  20000000    20000000    000000c8   00000000    rw- .vecs
20000100    20000100    000035e4   00000000    rw-
  20000100    20000100    00000044   00000000    rw- .data:ti_sysbios_knl_Task_Module__state__V
  20000144    20000144    00000034   00000000    rw- .data:ti_sysbios_family_arm_m3_Hwi_Module__state__V
  20000178    20000178    0000002c   00000000    rw- .data:ti_sysbios_knl_Clock_Module__state__V
  200001a4    200001a4    00000024   00000000    rw- .data:ti_sysbios_BIOS_Module__state__V
  200001c8    200001c8    0000001c   00000000    rw- .data:ti_sysbios_knl_Swi_Module__state__V
  200001e4    200001e4    00000008   00000000    rw- .data:ti_sysbios_family_arm_cc26xx_Timer_Module__state__V
  200001ec    200001ec    00000004   00000000    rw- .data:ti_sysbios_family_arm_cc26xx_TimestampProvider_Module__state__V
  200001f0    200001f0    00000008   00000000    rw- .data:xdc_runtime_Startup_Module__state__V
  200001f8    200001f8    00000008   00000000    rw- .data:xdc_runtime_System_Module__state__V
  20000200    20000200    00000004   00000000    rw- .data:xdc_runtime_Memory_Module__state__V
  20000208    20000208    00002599   00000000    rw- .bss
  200027a8    200027a8    00000f3c   00000000    rw- .data
20004074    20004074    00000400   00000000    rw-
  20004074    20004074    00000400   00000000    rw- .stack


SECTION ALLOCATION MAP

 output                                  attributes/
section   page    origin      length       input sections
--------  ----  ----------  ----------   ----------------
.resetVecs 
*          0    00000000    0000003c     
                  00000000    0000003c     appBLE_pem3.oem3 (.resetVecs)

.text.1    0    0000003c    000000c4     
                  0000003c    000000b4     PINCC26XX.obj (.text:PINCC26XX_setIoCfg$13)
                  000000f0    00000008     (.tramp.ti_sysbios_family_arm_m3_Hwi_disableFxn__E.1)
                  000000f8    00000008     (.tramp.ti_sysbios_family_arm_m3_Hwi_restoreFxn__E.1)

.const:ti_sysbios_knl_Task_Object__PARAMS__C 
*          0    00000100    0000003c     
                  00000100    0000003c     appBLE_pem3.oem3 (.const:ti_sysbios_knl_Task_Object__PARAMS__C)

.const:ti_sysbios_knl_Mailbox_Object__PARAMS__C 
*          0    0000013c    00000034     
                  0000013c    00000034     appBLE_pem3.oem3 (.const:ti_sysbios_knl_Mailbox_Object__PARAMS__C)

.const:ti_sysbios_family_arm_m3_Hwi_Object__PARAMS__C 
*          0    00000170    00000030     
                  00000170    00000030     appBLE_pem3.oem3 (.const:ti_sysbios_family_arm_m3_Hwi_Object__PARAMS__C)

.const:ti_sysbios_hal_Hwi_Object__PARAMS__C 
*          0    000001a0    0000002c     
                  000001a0    0000002c     appBLE_pem3.oem3 (.const:ti_sysbios_hal_Hwi_Object__PARAMS__C)

.const:ti_sysbios_heaps_HeapMem_Module__FXNS__C 
*          0    000001cc    00000028     
                  000001cc    00000028     appBLE_pem3.oem3 (.const:ti_sysbios_heaps_HeapMem_Module__FXNS__C)

.const:ti_sysbios_knl_Swi_Object__PARAMS__C 
*          0    000001f4    00000028     
                  000001f4    00000028     appBLE_pem3.oem3 (.const:ti_sysbios_knl_Swi_Object__PARAMS__C)

.const:ti_sysbios_gates_GateHwi_Module__FXNS__C 
*          0    0000021c    00000024     
                  0000021c    00000024     appBLE_pem3.oem3 (.const:ti_sysbios_gates_GateHwi_Module__FXNS__C)

.const:ti_sysbios_gates_GateMutex_Module__FXNS__C 
*          0    00000240    00000024     
                  00000240    00000024     appBLE_pem3.oem3 (.const:ti_sysbios_gates_GateMutex_Module__FXNS__C)

.const:ti_sysbios_heaps_HeapMem_Object__PARAMS__C 
*          0    00000264    00000024     
                  00000264    00000024     appBLE_pem3.oem3 (.const:ti_sysbios_heaps_HeapMem_Object__PARAMS__C)

.const:ti_sysbios_knl_Clock_Object__PARAMS__C 
*          0    00000288    00000024     
                  00000288    00000024     appBLE_pem3.oem3 (.const:ti_sysbios_knl_Clock_Object__PARAMS__C)

.const:ti_sysbios_knl_Semaphore_Object__PARAMS__C 
*          0    000002ac    00000024     
                  000002ac    00000024     appBLE_pem3.oem3 (.const:ti_sysbios_knl_Semaphore_Object__PARAMS__C)

.const:ti_sysbios_family_arm_m3_Hwi_Object__DESC__C 
*          0    000002d0    00000020     
                  000002d0    00000020     appBLE_pem3.oem3 (.const:ti_sysbios_family_arm_m3_Hwi_Object__DESC__C)

.const:ti_sysbios_gates_GateHwi_Object__DESC__C 
*          0    000002f0    00000020     
                  000002f0    00000020     appBLE_pem3.oem3 (.const:ti_sysbios_gates_GateHwi_Object__DESC__C)

.const:ti_sysbios_gates_GateMutex_Object__DESC__C 
*          0    00000310    00000020     
                  00000310    00000020     appBLE_pem3.oem3 (.const:ti_sysbios_gates_GateMutex_Object__DESC__C)

.const:ti_sysbios_hal_Hwi_Object__DESC__C 
*          0    00000330    00000020     
                  00000330    00000020     appBLE_pem3.oem3 (.const:ti_sysbios_hal_Hwi_Object__DESC__C)

.const:ti_sysbios_heaps_HeapMem_Object__DESC__C 
*          0    00000350    00000020     
                  00000350    00000020     appBLE_pem3.oem3 (.const:ti_sysbios_heaps_HeapMem_Object__DESC__C)

.const:ti_sysbios_knl_Clock_Object__DESC__C 
*          0    00000370    00000020     
                  00000370    00000020     appBLE_pem3.oem3 (.const:ti_sysbios_knl_Clock_Object__DESC__C)

.const:ti_sysbios_knl_Mailbox_Object__DESC__C 
*          0    00000390    00000020     
                  00000390    00000020     appBLE_pem3.oem3 (.const:ti_sysbios_knl_Mailbox_Object__DESC__C)

.const:ti_sysbios_knl_Queue_Object__DESC__C 
*          0    000003b0    00000020     
                  000003b0    00000020     appBLE_pem3.oem3 (.const:ti_sysbios_knl_Queue_Object__DESC__C)

.const:ti_sysbios_knl_Semaphore_Object__DESC__C 
*          0    000003d0    00000020     
                  000003d0    00000020     appBLE_pem3.oem3 (.const:ti_sysbios_knl_Semaphore_Object__DESC__C)

.const:ti_sysbios_knl_Swi_Object__DESC__C 
*          0    000003f0    00000020     
                  000003f0    00000020     appBLE_pem3.oem3 (.const:ti_sysbios_knl_Swi_Object__DESC__C)

.const:ti_sysbios_knl_Task_Object__DESC__C 
*          0    00000410    00000020     
                  00000410    00000020     appBLE_pem3.oem3 (.const:ti_sysbios_knl_Task_Object__DESC__C)

.const:ti_sysbios_gates_GateHwi_Object__PARAMS__C 
*          0    00000430    00000018     
                  00000430    00000018     appBLE_pem3.oem3 (.const:ti_sysbios_gates_GateHwi_Object__PARAMS__C)

.const:ti_sysbios_gates_GateMutex_Object__PARAMS__C 
*          0    00000448    00000018     
                  00000448    00000018     appBLE_pem3.oem3 (.const:ti_sysbios_gates_GateMutex_Object__PARAMS__C)

.const:ti_sysbios_knl_Queue_Object__PARAMS__C 
*          0    00000460    00000018     
                  00000460    00000018     appBLE_pem3.oem3 (.const:ti_sysbios_knl_Queue_Object__PARAMS__C)

.const:ti_sysbios_knl_Idle_funcList__C 
*          0    00000478    00000008     
                  00000478    00000008     appBLE_pem3.oem3 (.const:ti_sysbios_knl_Idle_funcList__C)

.text.2    0    00000480    00000004     
                  00000480    00000004     ICall.obj (.text:ICall_primAbort$6)

.const:ti_sysbios_family_arm_cc26xx_Timer_startupNeeded__C 
*          0    00000484    00000004     
                  00000484    00000004     appBLE_pem3.oem3 (.const:ti_sysbios_family_arm_cc26xx_Timer_startupNeeded__C)

.const:ti_sysbios_family_arm_m3_Hwi_E_alreadyDefined__C 
*          0    00000488    00000004     
                  00000488    00000004     appBLE_pem3.oem3 (.const:ti_sysbios_family_arm_m3_Hwi_E_alreadyDefined__C)

.const:ti_sysbios_family_arm_m3_Hwi_E_hwiLimitExceeded__C 
*          0    0000048c    00000004     
                  0000048c    00000004     appBLE_pem3.oem3 (.const:ti_sysbios_family_arm_m3_Hwi_E_hwiLimitExceeded__C)

.const:ti_sysbios_family_arm_m3_Hwi_NUM_INTERRUPTS__C 
*          0    00000490    00000004     
                  00000490    00000004     appBLE_pem3.oem3 (.const:ti_sysbios_family_arm_m3_Hwi_NUM_INTERRUPTS__C)

.const:ti_sysbios_family_arm_m3_Hwi_Object__count__C 
*          0    00000494    00000004     
                  00000494    00000004     appBLE_pem3.oem3 (.const:ti_sysbios_family_arm_m3_Hwi_Object__count__C)

.const:ti_sysbios_family_arm_m3_Hwi_Object__table__C 
*          0    00000498    00000004     
                  00000498    00000004     appBLE_pem3.oem3 (.const:ti_sysbios_family_arm_m3_Hwi_Object__table__C)

.const:ti_sysbios_family_arm_m3_Hwi_ccr__C 
*          0    0000049c    00000004     
                  0000049c    00000004     appBLE_pem3.oem3 (.const:ti_sysbios_family_arm_m3_Hwi_ccr__C)

.const:ti_sysbios_family_arm_m3_Hwi_excHandlerFunc__C 
*          0    000004a0    00000004     
                  000004a0    00000004     appBLE_pem3.oem3 (.const:ti_sysbios_family_arm_m3_Hwi_excHandlerFunc__C)

.const:ti_sysbios_family_arm_m3_Hwi_nullIsrFunc__C 
*          0    000004a4    00000004     
                  000004a4    00000004     appBLE_pem3.oem3 (.const:ti_sysbios_family_arm_m3_Hwi_nullIsrFunc__C)

.const:ti_sysbios_family_arm_m3_Hwi_numSparseInterrupts__C 
*          0    000004a8    00000004     
                  000004a8    00000004     appBLE_pem3.oem3 (.const:ti_sysbios_family_arm_m3_Hwi_numSparseInterrupts__C)

.const:ti_sysbios_family_arm_m3_Hwi_priGroup__C 
*          0    000004ac    00000004     
                  000004ac    00000004     appBLE_pem3.oem3 (.const:ti_sysbios_family_arm_m3_Hwi_priGroup__C)

.const:ti_sysbios_family_arm_m3_TaskSupport_stackAlignment__C 
*          0    000004b0    00000004     
                  000004b0    00000004     appBLE_pem3.oem3 (.const:ti_sysbios_family_arm_m3_TaskSupport_stackAlignment__C)

.const:ti_sysbios_heaps_HeapMem_E_memory__C 
*          0    000004b4    00000004     
                  000004b4    00000004     appBLE_pem3.oem3 (.const:ti_sysbios_heaps_HeapMem_E_memory__C)

.const:ti_sysbios_heaps_HeapMem_Module__gateObj__C 
*          0    000004b8    00000004     
                  000004b8    00000004     appBLE_pem3.oem3 (.const:ti_sysbios_heaps_HeapMem_Module__gateObj__C)

.const:ti_sysbios_heaps_HeapMem_Object__count__C 
*          0    000004bc    00000004     
                  000004bc    00000004     appBLE_pem3.oem3 (.const:ti_sysbios_heaps_HeapMem_Object__count__C)

.const:ti_sysbios_heaps_HeapMem_Object__table__C 
*          0    000004c0    00000004     
                  000004c0    00000004     appBLE_pem3.oem3 (.const:ti_sysbios_heaps_HeapMem_Object__table__C)

.const:ti_sysbios_heaps_HeapMem_reqAlign__C 
*          0    000004c4    00000004     
                  000004c4    00000004     appBLE_pem3.oem3 (.const:ti_sysbios_heaps_HeapMem_reqAlign__C)

.const:ti_sysbios_knl_Clock_serviceMargin__C 
*          0    000004c8    00000004     
                  000004c8    00000004     appBLE_pem3.oem3 (.const:ti_sysbios_knl_Clock_serviceMargin__C)

.const:ti_sysbios_knl_Mailbox_Object__count__C 
*          0    000004cc    00000004     
                  000004cc    00000004     appBLE_pem3.oem3 (.const:ti_sysbios_knl_Mailbox_Object__count__C)

.const:ti_sysbios_knl_Mailbox_Object__table__C 
*          0    000004d0    00000004     
                  000004d0    00000004     appBLE_pem3.oem3 (.const:ti_sysbios_knl_Mailbox_Object__table__C)

.const:ti_sysbios_knl_Queue_Object__count__C 
*          0    000004d4    00000004     
                  000004d4    00000004     appBLE_pem3.oem3 (.const:ti_sysbios_knl_Queue_Object__count__C)

.const:ti_sysbios_knl_Queue_Object__table__C 
*          0    000004d8    00000004     
                  000004d8    00000004     appBLE_pem3.oem3 (.const:ti_sysbios_knl_Queue_Object__table__C)

.const:ti_sysbios_knl_Swi_Object__count__C 
*          0    000004dc    00000004     
                  000004dc    00000004     appBLE_pem3.oem3 (.const:ti_sysbios_knl_Swi_Object__count__C)

.const:ti_sysbios_knl_Swi_Object__table__C 
*          0    000004e0    00000004     
                  000004e0    00000004     appBLE_pem3.oem3 (.const:ti_sysbios_knl_Swi_Object__table__C)

.const:ti_sysbios_knl_Swi_numPriorities__C 
*          0    000004e4    00000004     
                  000004e4    00000004     appBLE_pem3.oem3 (.const:ti_sysbios_knl_Swi_numPriorities__C)

.const:ti_sysbios_knl_Task_Object__count__C 
*          0    000004e8    00000004     
                  000004e8    00000004     appBLE_pem3.oem3 (.const:ti_sysbios_knl_Task_Object__count__C)

.const:ti_sysbios_knl_Task_Object__table__C 
*          0    000004ec    00000004     
                  000004ec    00000004     appBLE_pem3.oem3 (.const:ti_sysbios_knl_Task_Object__table__C)

.const:ti_sysbios_knl_Task_allBlockedFunc__C 
*          0    000004f0    00000004     
                  000004f0    00000004     appBLE_pem3.oem3 (.const:ti_sysbios_knl_Task_allBlockedFunc__C)

.const:ti_sysbios_knl_Task_defaultStackHeap__C 
*          0    000004f4    00000004     
                  000004f4    00000004     appBLE_pem3.oem3 (.const:ti_sysbios_knl_Task_defaultStackHeap__C)

.const:ti_sysbios_knl_Task_defaultStackSize__C 
*          0    000004f8    00000004     
                  000004f8    00000004     appBLE_pem3.oem3 (.const:ti_sysbios_knl_Task_defaultStackSize__C)

.const:ti_sysbios_knl_Task_numConstructedTasks__C 
*          0    000004fc    00000004     
                  000004fc    00000004     appBLE_pem3.oem3 (.const:ti_sysbios_knl_Task_numConstructedTasks__C)

.text.3    0    00000500    00000002     
                  00000500    00000002     multi.obj (.text:gapRole_abort$3)

.const:ti_sysbios_family_arm_cc26xx_Timer_Module__id__C 
*          0    00000502    00000002     
                  00000502    00000002     appBLE_pem3.oem3 (.const:ti_sysbios_family_arm_cc26xx_Timer_Module__id__C)

.const:ti_sysbios_family_arm_cc26xx_TimestampProvider_useClockTimer__C 
*          0    00000504    00000002     
                  00000504    00000002     appBLE_pem3.oem3 (.const:ti_sysbios_family_arm_cc26xx_TimestampProvider_useClockTimer__C)

.const:ti_sysbios_family_arm_m3_Hwi_Module__id__C 
*          0    00000506    00000002     
                  00000506    00000002     appBLE_pem3.oem3 (.const:ti_sysbios_family_arm_m3_Hwi_Module__id__C)

.const:ti_sysbios_gates_GateHwi_Module__id__C 
*          0    00000508    00000002     
                  00000508    00000002     appBLE_pem3.oem3 (.const:ti_sysbios_gates_GateHwi_Module__id__C)

.const:ti_sysbios_gates_GateMutex_Module__id__C 
*          0    0000050a    00000002     
                  0000050a    00000002     appBLE_pem3.oem3 (.const:ti_sysbios_gates_GateMutex_Module__id__C)

.const:ti_sysbios_heaps_HeapMem_Module__id__C 
*          0    0000050c    00000002     
                  0000050c    00000002     appBLE_pem3.oem3 (.const:ti_sysbios_heaps_HeapMem_Module__id__C)

.const:ti_sysbios_knl_Task_initStackFlag__C 
*          0    0000050e    00000002     
                  0000050e    00000002     appBLE_pem3.oem3 (.const:ti_sysbios_knl_Task_initStackFlag__C)

.const:ti_sysbios_knl_Clock_tickMode__C 
*          0    00000510    00000001     
                  00000510    00000001     appBLE_pem3.oem3 (.const:ti_sysbios_knl_Clock_tickMode__C)

.const:xdc_runtime_Startup_firstFxns__C 
*          0    00000514    00000008     
                  00000514    00000008     appBLE_pem3.oem3 (.const:xdc_runtime_Startup_firstFxns__C)

.const:xdc_runtime_Startup_lastFxns__C 
*          0    0000051c    00000008     
                  0000051c    00000008     appBLE_pem3.oem3 (.const:xdc_runtime_Startup_lastFxns__C)

.const:xdc_runtime_Assert_E_assertFailed__C 
*          0    00000524    00000004     
                  00000524    00000004     appBLE_pem3.oem3 (.const:xdc_runtime_Assert_E_assertFailed__C)

.const:xdc_runtime_Error_E_memory__C 
*          0    00000528    00000004     
                  00000528    00000004     appBLE_pem3.oem3 (.const:xdc_runtime_Error_E_memory__C)

.const:xdc_runtime_Error_policyFxn__C 
*          0    0000052c    00000004     
                  0000052c    00000004     appBLE_pem3.oem3 (.const:xdc_runtime_Error_policyFxn__C)

.const:xdc_runtime_IGateProvider_Interface__BASE__C 
*          0    00000530    00000004     
                  00000530    00000004     appBLE_pem3.oem3 (.const:xdc_runtime_IGateProvider_Interface__BASE__C)

.const:xdc_runtime_IHeap_Interface__BASE__C 
*          0    00000534    00000004     
                  00000534    00000004     appBLE_pem3.oem3 (.const:xdc_runtime_IHeap_Interface__BASE__C)

.const:xdc_runtime_IModule_Interface__BASE__C 
*          0    00000538    00000004     
                  00000538    00000004     appBLE_pem3.oem3 (.const:xdc_runtime_IModule_Interface__BASE__C)

.const:xdc_runtime_Main_Module__diagsEnabled__C 
*          0    0000053c    00000004     
                  0000053c    00000004     appBLE_pem3.oem3 (.const:xdc_runtime_Main_Module__diagsEnabled__C)

.const:xdc_runtime_Main_Module__diagsIncluded__C 
*          0    00000540    00000004     
                  00000540    00000004     appBLE_pem3.oem3 (.const:xdc_runtime_Main_Module__diagsIncluded__C)

.const:xdc_runtime_Main_Module__diagsMask__C 
*          0    00000544    00000004     
                  00000544    00000004     appBLE_pem3.oem3 (.const:xdc_runtime_Main_Module__diagsMask__C)

.const:xdc_runtime_Memory_defaultHeapInstance__C 
*          0    00000548    00000004     
                  00000548    00000004     appBLE_pem3.oem3 (.const:xdc_runtime_Memory_defaultHeapInstance__C)

.const:xdc_runtime_Startup_execImpl__C 
*          0    0000054c    00000004     
                  0000054c    00000004     appBLE_pem3.oem3 (.const:xdc_runtime_Startup_execImpl__C)

.const:xdc_runtime_Startup_maxPasses__C 
*          0    00000550    00000004     
                  00000550    00000004     appBLE_pem3.oem3 (.const:xdc_runtime_Startup_maxPasses__C)

.const:xdc_runtime_Startup_sfxnRts__C 
*          0    00000554    00000004     
                  00000554    00000004     appBLE_pem3.oem3 (.const:xdc_runtime_Startup_sfxnRts__C)

.const:xdc_runtime_Startup_sfxnTab__C 
*          0    00000558    00000004     
                  00000558    00000004     appBLE_pem3.oem3 (.const:xdc_runtime_Startup_sfxnTab__C)

.const:xdc_runtime_Startup_startModsFxn__C 
*          0    0000055c    00000004     
                  0000055c    00000004     appBLE_pem3.oem3 (.const:xdc_runtime_Startup_startModsFxn__C)

.const:xdc_runtime_SysCallback_abortFxn__C 
*          0    00000560    00000004     
                  00000560    00000004     appBLE_pem3.oem3 (.const:xdc_runtime_SysCallback_abortFxn__C)

.const:xdc_runtime_SysCallback_exitFxn__C 
*          0    00000564    00000004     
                  00000564    00000004     appBLE_pem3.oem3 (.const:xdc_runtime_SysCallback_exitFxn__C)

.const:xdc_runtime_System_abortFxn__C 
*          0    00000568    00000004     
                  00000568    00000004     appBLE_pem3.oem3 (.const:xdc_runtime_System_abortFxn__C)

.const:xdc_runtime_System_exitFxn__C 
*          0    0000056c    00000004     
                  0000056c    00000004     appBLE_pem3.oem3 (.const:xdc_runtime_System_exitFxn__C)

.const:xdc_runtime_System_maxAtexitHandlers__C 
*          0    00000570    00000004     
                  00000570    00000004     appBLE_pem3.oem3 (.const:xdc_runtime_System_maxAtexitHandlers__C)

.const:xdc_runtime_Text_charTab__C 
*          0    00000574    00000004     
                  00000574    00000004     appBLE_pem3.oem3 (.const:xdc_runtime_Text_charTab__C)

.const:xdc_runtime_Text_nameEmpty__C 
*          0    00000578    00000004     
                  00000578    00000004     appBLE_pem3.oem3 (.const:xdc_runtime_Text_nameEmpty__C)

.const:xdc_runtime_Text_nameStatic__C 
*          0    0000057c    00000004     
                  0000057c    00000004     appBLE_pem3.oem3 (.const:xdc_runtime_Text_nameStatic__C)

.const:xdc_runtime_Text_nameUnknown__C 
*          0    00000580    00000004     
                  00000580    00000004     appBLE_pem3.oem3 (.const:xdc_runtime_Text_nameUnknown__C)

.const:xdc_runtime_Main_Module__id__C 
*          0    00000584    00000002     
                  00000584    00000002     appBLE_pem3.oem3 (.const:xdc_runtime_Main_Module__id__C)

.const:xdc_runtime_Memory_Module__id__C 
*          0    00000586    00000002     
                  00000586    00000002     appBLE_pem3.oem3 (.const:xdc_runtime_Memory_Module__id__C)

.const:xdc_runtime_Text_charCnt__C 
*          0    00000588    00000002     
                  00000588    00000002     appBLE_pem3.oem3 (.const:xdc_runtime_Text_charCnt__C)

.const:xdc_runtime_Text_isLoaded__C 
*          0    0000058a    00000002     
                  0000058a    00000002     appBLE_pem3.oem3 (.const:xdc_runtime_Text_isLoaded__C)

.const:xdc_runtime_Error_policy__C 
*          0    0000058c    00000001     
                  0000058c    00000001     appBLE_pem3.oem3 (.const:xdc_runtime_Error_policy__C)

.const:ti_sysbios_rom_ROM_AONRTCChannelEnable 
*          0    00000590    00000004     
                  00000590    00000004     appBLE_pem3.oem3 (.const:ti_sysbios_rom_ROM_AONRTCChannelEnable)

.const:ti_sysbios_rom_ROM_AONRTCCompareValueSet 
*          0    00000594    00000004     
                  00000594    00000004     appBLE_pem3.oem3 (.const:ti_sysbios_rom_ROM_AONRTCCompareValueSet)

.const:ti_sysbios_rom_ROM_AONRTCCurrentCompareValueGet 
*          0    00000598    00000004     
                  00000598    00000004     appBLE_pem3.oem3 (.const:ti_sysbios_rom_ROM_AONRTCCurrentCompareValueGet)

.const:ti_sysbios_rom_ROM_AONRTCEventClear 
*          0    0000059c    00000004     
                  0000059c    00000004     appBLE_pem3.oem3 (.const:ti_sysbios_rom_ROM_AONRTCEventClear)

.const:ti_sysbios_rom_ROM_ti_sysbios_family_arm_cc26xx_Timer_getCount64__E 
*          0    000005a0    00000004     
                  000005a0    00000004     appBLE_pem3.oem3 (.const:ti_sysbios_rom_ROM_ti_sysbios_family_arm_cc26xx_Timer_getCount64__E)

.const:ti_sysbios_rom_ROM_ti_sysbios_family_arm_cc26xx_Timer_getCurrentTick__E 
*          0    000005a4    00000004     
                  000005a4    00000004     appBLE_pem3.oem3 (.const:ti_sysbios_rom_ROM_ti_sysbios_family_arm_cc26xx_Timer_getCurrentTick__E)

.const:ti_sysbios_rom_ROM_ti_sysbios_family_arm_cc26xx_Timer_getMaxTicks__E 
*          0    000005a8    00000004     
                  000005a8    00000004     appBLE_pem3.oem3 (.const:ti_sysbios_rom_ROM_ti_sysbios_family_arm_cc26xx_Timer_getMaxTicks__E)

.const:ti_sysbios_rom_ROM_ti_sysbios_family_arm_cc26xx_Timer_initDevice__I 
*          0    000005ac    00000004     
                  000005ac    00000004     appBLE_pem3.oem3 (.const:ti_sysbios_rom_ROM_ti_sysbios_family_arm_cc26xx_Timer_initDevice__I)

.const:ti_sysbios_rom_ROM_ti_sysbios_family_arm_cc26xx_Timer_setNextTick__E 
*          0    000005b0    00000004     
                  000005b0    00000004     appBLE_pem3.oem3 (.const:ti_sysbios_rom_ROM_ti_sysbios_family_arm_cc26xx_Timer_setNextTick__E)

.const:ti_sysbios_rom_ROM_ti_sysbios_family_arm_cc26xx_Timer_setThreshold__I 
*          0    000005b4    00000004     
                  000005b4    00000004     appBLE_pem3.oem3 (.const:ti_sysbios_rom_ROM_ti_sysbios_family_arm_cc26xx_Timer_setThreshold__I)

.const:ti_sysbios_rom_ROM_ti_sysbios_family_arm_cc26xx_Timer_start__E 
*          0    000005b8    00000004     
                  000005b8    00000004     appBLE_pem3.oem3 (.const:ti_sysbios_rom_ROM_ti_sysbios_family_arm_cc26xx_Timer_start__E)

.const:ti_sysbios_rom_ROM_ti_sysbios_family_arm_cc26xx_TimestampProvider_get32__E 
*          0    000005bc    00000004     
                  000005bc    00000004     appBLE_pem3.oem3 (.const:ti_sysbios_rom_ROM_ti_sysbios_family_arm_cc26xx_TimestampProvider_get32__E)

.const:ti_sysbios_rom_ROM_xdc_runtime_Startup_getState__I 
*          0    000005c0    00000004     
                  000005c0    00000004     appBLE_pem3.oem3 (.const:ti_sysbios_rom_ROM_xdc_runtime_Startup_getState__I)

.const:ti_sysbios_rom_ROM_xdc_runtime_System_SupportProxy_abort__E 
*          0    000005c4    00000004     
                  000005c4    00000004     appBLE_pem3.oem3 (.const:ti_sysbios_rom_ROM_xdc_runtime_System_SupportProxy_abort__E)

.const:ti_sysbios_rom_ROM_xdc_runtime_System_SupportProxy_exit__E 
*          0    000005c8    00000004     
                  000005c8    00000004     appBLE_pem3.oem3 (.const:ti_sysbios_rom_ROM_xdc_runtime_System_SupportProxy_exit__E)

.const:ti_sysbios_gates_GateMutex_Instance_State_sem__O 
*          0    000005cc    00000004     
                  000005cc    00000004     appBLE_pem3.oem3 (.const:ti_sysbios_gates_GateMutex_Instance_State_sem__O)

.const:ti_sysbios_knl_Clock_Module_State_clockQ__O 
*          0    000005d0    00000004     
                  000005d0    00000004     appBLE_pem3.oem3 (.const:ti_sysbios_knl_Clock_Module_State_clockQ__O)

.const:ti_sysbios_knl_Mailbox_Instance_State_dataQue__O 
*          0    000005d4    00000004     
                  000005d4    00000004     appBLE_pem3.oem3 (.const:ti_sysbios_knl_Mailbox_Instance_State_dataQue__O)

.const:ti_sysbios_knl_Mailbox_Instance_State_dataSem__O 
*          0    000005d8    00000004     
                  000005d8    00000004     appBLE_pem3.oem3 (.const:ti_sysbios_knl_Mailbox_Instance_State_dataSem__O)

.const:ti_sysbios_knl_Mailbox_Instance_State_freeQue__O 
*          0    000005dc    00000004     
                  000005dc    00000004     appBLE_pem3.oem3 (.const:ti_sysbios_knl_Mailbox_Instance_State_freeQue__O)

.const:ti_sysbios_knl_Mailbox_Instance_State_freeSem__O 
*          0    000005e0    00000004     
                  000005e0    00000004     appBLE_pem3.oem3 (.const:ti_sysbios_knl_Mailbox_Instance_State_freeSem__O)

.const:ti_sysbios_knl_Semaphore_Instance_State_pendQ__O 
*          0    000005e4    00000004     
                  000005e4    00000004     appBLE_pem3.oem3 (.const:ti_sysbios_knl_Semaphore_Instance_State_pendQ__O)

.const:ti_sysbios_knl_Task_Module_State_inactiveQ__O 
*          0    000005e8    00000004     
                  000005e8    00000004     appBLE_pem3.oem3 (.const:ti_sysbios_knl_Task_Module_State_inactiveQ__O)

.text.4    0    000005ec    000049c0     
                  000005ec    00000376     driverlib.lib : setup.obj (.text:HapiTrimDeviceShutDown$36)
                  00000962    00000002     appBLE_pem3.oem3 (.text:ti_sysbios_BIOS_nullFunc__I)
                  00000964    0000034c     sysbios.aem3 : mangled__BIOS_lib.obj (.text:ti_sysbios_family_arm_cc26xx_Power_auxISR__E)
                  00000cb0    000002f4                  : mangled__BIOS_lib.obj (.text:ti_sysbios_family_arm_cc26xx_Power_sleep__E)
                  00000fa4    000001f4     rtsv7M3_T_le_eabi.lib : ull_div_t2.obj (.text)
                  00001198    000001c8     driverlib.lib : sys_ctrl.obj (.text:SysCtrlSetRechargeBeforePowerDown)
                  00001360    000001a4     multi.obj (.text:GAPRole_SetParameter)
                  00001504    00000188     PINCC26XX.obj (.text:PIN_init)
                  0000168c    00000138     multi.obj (.text:gapRole_processGAPMsg$3)
                  000017c4    0000010c     ICall.obj (.text:ICall_heapMalloc)
                  000018d0    00000104     sysbios.aem3 : mangled__BIOS_lib.obj (.text:calibrateRcoscHf1$28)
                  000019d4    000000f8                  : mangled__BIOS_lib.obj (.text:ti_sysbios_family_arm_cc26xx_Power_startFirstMeasurement__E)
                  00001acc    000000f2     driverlib.lib : setup.obj (.text:GetTrimForAnabypassValue1$36)
                  00001bbe    00000002     sysbios.aem3 : mangled__BIOS_lib.obj (.text:ti_sysbios_family_arm_cc26xx_Power_defaultClockFunc__E)
                  00001bc0    000000f0                  : mangled__BIOS_lib.obj (.text:ti_sysbios_family_arm_cc26xx_Power_standbyPolicy__E)
                  00001cb0    000000ec     ICall.obj (.text:ICall_primWaitMatch$6)
                  00001d9c    000000d8     sysbios.aem3 : mangled__BIOS_lib.obj (.text:ti_sysbios_family_arm_cc26xx_Power_setDependency__E)
                  00001e74    000000d0                  : mangled__BIOS_lib.obj (.text:ti_sysbios_family_arm_cc26xx_Power_releaseDependency__E)
                  00001f44    000000cc     multi.obj (.text:gapRole_taskFxn$3)
                  00002010    000000c8     multi_role.obj (.text:simpleTopology_init$18)
                  000020d8    000000b4     driverlib.lib : setup.obj (.text:trimDevice)
                  0000218c    000000b0     sysbios.aem3 : mangled__BIOS_lib.obj (.text:ti_sysbios_knl_Clock_workFuncDynamic__E)
                  0000223c    000000a4                  : mangled__BIOS_lib.obj (.text:ti_sysbios_family_arm_cc26xx_Power_initiateCalibration__E)
                  000022e0    000000a0     auto_init.aem3 : auto_init.oem3 (.text)
                  00002380    0000009c     LCDDogm1286.obj (.text:LCD_doBufferPrintString$14)
                  0000241c    0000009c     rtsv7M3_T_le_eabi.lib : memcpy_t2.obj (.text)
                  000024b8    00000094     driverlib.lib : osc.obj (.text:OSCHF_GetStartupTime)
                  0000254c    00000090                   : setup.obj (.text:GetTrimForAmpcompCtrl$36)
                  000025dc    00000090     multi.obj (.text:gapRole_init$3)
                  0000266c    0000008c     sysbios.aem3 : mangled__BIOS_lib.obj (.text:ti_sysbios_family_arm_cc26xx_Power_LF_clockFunc__E)
                  000026f8    0000008c                  : mangled__BIOS_lib.obj (.text:ti_sysbios_family_arm_cc26xx_Power_Module_startup__E)
                  00002784    00000088                  : mangled__BIOS_lib.obj (.text:ti_sysbios_family_arm_cc26xx_Timer_start__E)
                  0000280c    00000084     ICall.obj (.text:ICall_primSetTimer$6)
                  00002890    00000084     multi_role.obj (.text:simpleTopology_taskFxn$18)
                  00002914    0000007a     rtsv7M3_T_le_eabi.lib : memset_t2.obj (.text)
                  0000298e    00000002     sysbios.aem3 : mangled__BIOS_lib.obj (.text:ti_sysbios_family_arm_cc26xx_Power_defaultNotifyTrapFunc__E)
                  00002990    00000074     ICall.obj (.text:ICall_primSend$6)
                  00002a04    00000072     driverlib.lib : chipinfo.obj (.text:ChipInfo_GetHwRevision)
                  00002a76    00000002     appBLE_pem3.oem3 (.text:ti_sysbios_rom_cortexm_cc26xx_CC26xx_badRomRevision__E)
                  00002a78    0000006c     ICallCC2650.obj (.text:ICallPlatform_pwrUpdActivityCounter)
                  00002ae4    0000006c     ICall.obj (.text:ICall_createRemoteTasks)
                  00002b50    0000006c     driverlib.lib : sys_ctrl.obj (.text:SysCtrl_DCDC_VoltageConditionalControl)
                  00002bbc    0000006a     rtsv7M3_T_le_eabi.lib : copy_decompress_rle.obj (.text)
                  00002c26    00000066     LCDDogm1286.obj (.text:LCD_doUpdate$14)
                  00002c8c    00000064     driverlib.lib : osc.obj (.text:OSCHF_AttemptToSwitchToXosc)
                  00002cf0    00000064     multi_role.obj (.text:simpleTopology_processRoleEvent$18)
                  00002d54    00000062     driverlib.lib : sys_ctrl.obj (.text:SysCtrlAdjustRechargeAfterPowerDown)
                  00002db6    00000002     sysbios.aem3 : mangled__BIOS_lib.obj (.text:xdc_runtime_SysCallback_defaultAbort)
                  00002db8    00000060     appBLE_pem3.oem3 (.text:ti_sysbios_family_arm_cc26xx_Power_XOSC_HF_clockFunc__E)
                  00002e18    00000060     sysbios.aem3 : mangled__BIOS_lib.obj (.text:ti_sysbios_family_arm_cc26xx_Timer_setNextTick__E)
                  00002e78    0000005c     appBLE_pem3.oem3 (.text:xdc_runtime_Startup_getState__I)
                  00002ed4    0000005a     driverlib.lib : ddi.obj (.text:NOROM_DDI16BitfieldWrite)
                  00002f2e    00000002     sysbios.aem3 : mangled__BIOS_lib.obj (.text:xdc_runtime_SysCallback_defaultExit)
                  00002f30    00000058     ICall.obj (.text:ICall_primEnroll$6)
                  00002f88    00000058     util.obj (.text:Util_constructClock)
                  00002fe0    00000058     sysbios.aem3 : mangled__BIOS_lib.obj (.text:ti_sysbios_family_arm_cc26xx_Power_notify__I)
                  00003038    00000054     ICall.obj (.text:ICall_primThreadServes$6)
                  0000308c    00000054     LCDDogm1286.obj (.text:LCD_sendCommand$14)
                  000030e0    00000054     LCDDogm1286.obj (.text:LCD_sendData$14)
                  00003134    00000052     ICall.obj (.text:ICall_primWait$6)
                  00003186    00000052     driverlib.lib : osc.obj (.text:NOROM_OSCClockSourceSet)
                  000031d8    00000050     ICallBleAPI.obj (.text:GAP_DeviceInit)
                  00003228    00000050     ICallBleAPI.obj (.text:GAP_UpdateAdvertisingData)
                  00003278    00000050     ICall.obj (.text:ICall_primGetEntityId$6)
                  000032c8    00000050     ICall.obj (.text:ICall_primRegisterApp$6)
                  00003318    0000004c     ICall.obj (.text:ICall_newTask$6)
                  00003364    0000004c     rtsv7M3_T_le_eabi.lib : cpy_tbl.obj (.text)
                  000033b0    00000048     PINCC26XX.obj (.text:PIN_Isr$13)
                  000033f8    00000048     ICallBleAPI.obj (.text:gapSendParamAndPtrCmd$4)
                  00003440    00000046     driverlib.lib : ddi.obj (.text:NOROM_DDI16BitfieldRead)
                  00003486    00000002     --HOLE-- [fill = 0]
                  00003488    00000044     boot.aem3 : boot.oem3 (.text)
                  000034cc    00000044     rtsv7M3_T_le_eabi.lib : exit.obj (.text)
                  00003510    00000044     sysbios.aem3 : mangled__BIOS_lib.obj (.text:ti_sysbios_family_arm_cc26xx_Timer_initDevice__I)
                  00003554    00000042     ICall.obj (.text:ICall_primCreateSemaphore$6)
                  00003596    00000042     ICall.obj (.text:ICall_primCreateTask$6)
                  000035d8    00000040     driverlib.lib : osc.obj (.text:NOROM_OSCInterfaceEnable)
                  00003618    00000040     util.obj (.text:Util_restartClock)
                  00003658    00000040     multi.obj (.text:gapRoleInfo_Add)
                  00003698    00000040     appBLE_pem3.oem3 (.text:ti_sysbios_family_arm_cc26xx_Power_XOSC_HF)
                  000036d8    00000040     sysbios.aem3 : mangled__BIOS_lib.obj (.text:ti_sysbios_family_arm_cc26xx_Power_isStableXOSC_HF__E)
                  00003718    00000040                  : mangled__BIOS_lib.obj (.text:ti_sysbios_family_arm_cc26xx_Timer_getCurrentTick__E)
                  00003758    0000003c     multi.obj (.text:GAPRole_createTask)
                  00003794    0000003c     ICallCC2650.obj (.text:ICallPlatform_pwrConfigACAction)
                  000037d0    0000003c     ICall.obj (.text:ICall_heapFree)
                  0000380c    0000003c     LCDDogm1286.obj (.text:LCD_doBufferClearPage$14)
                  00003848    0000003c     multi_role.obj (.text:SimpleTopology_createTask)
                  00003884    0000003c     ICallBleAPI.obj (.text:sendWaitMatchCS$4)
                  000038c0    0000003c     ICallBleAPI.obj (.text:sendWaitMatchValueCS$4)
                  000038fc    0000003c     sysbios.aem3 : mangled__BIOS_lib.obj (.text:ti_sysbios_family_arm_cc26xx_Power_releaseConstraint__E)
                  00003938    00000038     ICall.obj (.text:ICall_heapInit)
                  00003970    00000038     ICall.obj (.text:ICall_primGetMaxMSecs$6)
                  000039a8    00000038     ICallBleAPI.obj (.text:linkDB_NumConns)
                  000039e0    00000038     sysbios.aem3 : mangled__BIOS_lib.obj (.text:ti_sysbios_family_arm_cc26xx_Power_setConstraint__E)
                  00003a18    00000038                  : mangled__BIOS_lib.obj (.text:ti_sysbios_family_arm_cc26xx_Timer_setThreshold__I)
                  00003a50    00000036     ICallCC2650.obj (.text:ICallPlatform_pwrDispenseImpl$7)
                  00003a86    00000036     ICallCC2650.obj (.text:ICallPlatform_pwrRequireImpl$7)
                  00003abc    00000036     ICall.obj (.text:ICall_primWaitSemaphore$6)
                  00003af2    00000034     driverlib.lib : chipinfo.obj (.text:ChipInfo_GetChipFamily)
                  00003b26    00000002     --HOLE-- [fill = 0]
                  00003b28    00000034     ICallBleAPI.obj (.text:GAP_SetParamValue)
                  00003b5c    00000034     ICallCC2650.obj (.text:ICallPlatform_pwrRegisterNotify)
                  00003b90    00000034     ICall.obj (.text:ICall_primEntityId2ServiceId$6)
                  00003bc4    00000034     ICall.obj (.text:ICall_primFetchMsg$6)
                  00003bf8    00000034     ICall.obj (.text:ICall_primRegisterISR$6)
                  00003c2c    00000034     ICall.obj (.text:ICall_primRegisterISR_Ext$6)
                  00003c60    00000034     ICall.obj (.text:ICall_searchServiceEntity$6)
                  00003c94    00000034     driverlib.lib : setup.obj (.text:SetAonRtcSubSecInc$36)
                  00003cc8    00000034     ICallBleAPI.obj (.text:osal_snv_read)
                  00003cfc    00000034     ICallBleAPI.obj (.text:osal_snv_write)
                  00003d30    00000034     ICallBleAPI.obj (.text:registerTask$4)
                  00003d64    00000032     driverlib.lib : osc.obj (.text:OSCHF_SwitchToRcOscTurnOffXosc)
                  00003d96    00000032     ICallBleAPI.obj (.text:gapSendPtrParamsCmd$4)
                  00003dc8    00000032     ICallBleAPI.obj (.text:matchGapSetGetParamCS$4)
                  00003dfa    00000032     ICallBleAPI.obj (.text:matchUtilNvCS$4)
                  00003e2c    00000030     ICallCC2650.obj (.text:ICallPlatform_pwrNotify$7)
                  00003e5c    00000030     ICall.obj (.text:ICall_msecs2Ticks$6)
                  00003e8c    00000030     PINCC26XX.obj (.text:PIN_setOutputValue)
                  00003ebc    00000030     appBLE_pem3.oem3 (.text:ti_sysbios_BIOS_atExitFunc__I)
                  00003eec    00000030     sysbios.aem3 : mangled__BIOS_lib.obj (.text:ti_sysbios_family_arm_cc26xx_Power_registerNotify__E)
                  00003f1c    00000030                  : mangled__BIOS_lib.obj (.text:ti_sysbios_family_arm_cc26xx_Power_switchXOSC_HF__E)
                  00003f4c    0000002e     driverlib.lib : setup.obj (.text:GetTrimForRadcExtCfg$36)
                  00003f7a    0000002e     multi_role.obj (.text:ICall_fetchServiceMsg$18)
                  00003fa8    0000002e     multi.obj (.text:ICall_fetchServiceMsg$3)
                  00003fd6    0000002e     ICall.obj (.text:ICall_msgDequeue$6)
                  00004004    0000002e     util.obj (.text:Util_enqueueMsg)
                  00004032    0000002c     driverlib.lib : aon_batmon.obj (.text:AONBatMonTemperatureGetDegC)
                  0000405e    00000002     --HOLE-- [fill = 0]
                  00004060    0000002c     multi.obj (.text:ICall_getLocalMsgEntityId$3)
                  0000408c    0000002c     ICall.obj (.text:ICall_msgEnqueue$6)
                  000040b8    0000002c     ICall.obj (.text:ICall_primAllocMsg$6)
                  000040e4    0000002c     ICall.obj (.text:ICall_primFetchServiceMsg$6)
                  00004110    0000002c     ICall.obj (.text:ICall_searchTask$6)
                  0000413c    0000002c     ICallBleAPI.obj (.text:ICall_sendServiceMsg$4)
                  00004168    0000002c     driverlib.lib : aon_rtc.obj (.text:NOROM_AONRTCCurrentCompareValueGet)
                  00004194    0000002c     multi_role.obj (.text:simpleTopology_enqueueMsg$18)
                  000041c0    0000002a     ICallBleAPI.obj (.text:ICall_waitMatch$4)
                  000041ea    0000002a     ICallBleAPI.obj (.text:matchProfileCS$4)
                  00004214    00000028     driverlib.lib : setup.obj (.text:GetTrimForAmpcompTh2$36)
                  0000423c    00000028     ICall.obj (.text:ICall_init)
                  00004264    00000028     ICall.obj (.text:ICall_msgPrepend$6)
                  0000428c    00000028     multi_role.obj (.text:ICall_registerApp$18)
                  000042b4    00000028     multi.obj (.text:ICall_registerApp$3)
                  000042dc    00000028     LCDDogm1286.obj (.text:LCD_sendArray$14)
                  00004304    00000028     multi.obj (.text:gapRoleNumLinks)
                  0000432c    00000028     appBLE_pem3.oem3 (.text:ti_sysbios_family_arm_cc26xx_Power_isDependencyActive)
                  00004354    00000028     sysbios.aem3 : mangled__BIOS_lib.obj (.text:ti_sysbios_family_arm_cc26xx_Timer_getMaxTicks__E)
                  0000437c    00000026     driverlib.lib : osc.obj (.text:NOROM_OSCClockSourceGet)
                  000043a2    00000002     --HOLE-- [fill = 0]
                  000043a4    00000024     board_lcd.obj (.text:Board_writeString)
                  000043c8    00000024     ICallBleAPI.obj (.text:GAPBondMgr_LinkTerm)
                  000043ec    00000024     ICallBleAPI.obj (.text:GAPBondMgr_SlaveReqSecurity)
                  00004410    00000024     multi.obj (.text:GAPRole_StartDiscovery)
                  00004434    00000024     ICallBleAPI.obj (.text:ICall_getLocalMsgEntityId$4)
                  00004458    00000024     ICall.obj (.text:ICall_searchService$6)
                  0000447c    00000024     ICallBleAPI.obj (.text:ICall_threadServes$4)
                  000044a0    00000024     LCDDogm1286.obj (.text:LCD_gotoXY$14)
                  000044c4    00000024     appBLE_pem3.oem3 (.text:ti_sysbios_BIOS_registerRTSLock__I)
                  000044e8    00000024     appBLE_pem3.oem3 (.text:ti_sysbios_BIOS_removeRTSLock__I)
                  0000450c    00000024     appBLE_pem3.oem3 (.text:ti_sysbios_BIOS_startFunc__I)
                  00004530    00000024     sysbios.aem3 : mangled__BIOS_lib.obj (.text:ti_sysbios_family_arm_cc26xx_Timer_dynamicStub__E)
                  00004554    00000022     driverlib.lib : setup.obj (.text:GetTrimForAmpcompTh1$36)
                  00004576    00000022     ICall.obj (.text:ICall_dispatch$6)
                  00004598    00000022     util.obj (.text:ICall_malloc$19)
                  000045ba    00000020     driverlib.lib : setup.obj (.text:GetTrimForRcOscLfRtuneCtuneTrim$36)
                  000045da    00000020                   : setup.obj (.text:GetTrimForXoscHfCtl$36)
                  000045fa    00000020     ICallBleAPI.obj (.text:ICall_allocMsg$4)
                  0000461a    00000020     ICallBleAPI.obj (.text:ICall_getEntityId$4)
                  0000463a    00000020     multi_role.obj (.text:ICall_malloc$18)
                  0000465a    00000002     --HOLE-- [fill = 0]
                  0000465c    00000020     ICall.obj (.text:ICall_primService$6)
                  0000467c    00000020     util.obj (.text:Util_dequeueMsg)
                  0000469c    00000020     multi.obj (.text:gapRoleInfo_Find)
                  000046bc    00000020     appBLE_pem3.oem3 (.text:ti_sysbios_BIOS_rtsLock__I)
                  000046dc    00000020     sysbios.aem3 : mangled__BIOS_lib.obj (.text:ti_sysbios_family_arm_cc26xx_TimestampProvider_get32__E)
                  000046fc    0000001e     ICall.obj (.text:ICall_primSendServiceMsg$6)
                  0000471a    0000001e     main.obj (.text:main)
                  00004738    0000001e     ICallBleAPI.obj (.text:waitMatchCS$4)
                  00004756    0000001c     multi_role.obj (.text:ICall_wait$18)
                  00004772    0000001c     multi.obj (.text:ICall_wait$3)
                  0000478e    00000002     --HOLE-- [fill = 0]
                  00004790    0000001c     PINCC26XX.obj (.text:PINCC26XX_setIoCfgMux$13)
                  000047ac    0000001c     ICallBleAPI.obj (.text:getStatusValueFromErrNo$4)
                  000047c8    0000001a     ICall.obj (.text:ICall_enterCSImpl)
                  000047e2    0000001a     ICall.obj (.text:ICall_primSetTimerMSecs$6)
                  000047fc    0000001a     driverlib.lib : osc.obj (.text:OSCHF_TurnOnXosc)
                  00004816    00000018                   : chipinfo.obj (.text:ChipInfo_GetPackageType)
                  0000482e    00000018                   : setup.obj (.text:GetTrimForAdcShModeEn$36)
                  00004846    00000018                   : setup.obj (.text:GetTrimForAdcShVbufEn$36)
                  0000485e    00000018                   : setup.obj (.text:GetTrimForDblrLoopFilterResetVoltage$36)
                  00004876    00000018                   : setup.obj (.text:GetTrimForRcOscLfIBiasTrim$36)
                  0000488e    00000018                   : setup.obj (.text:GetTrimForXoscHfIbiastherm$36)
                  000048a6    00000018                   : setup.obj (.text:GetTrimForXoscLfRegulatorAndCmirrwrRatio$36)
                  000048be    00000018     ICallCC2650.obj (.text:ICallPlatform_pwrDispense)
                  000048d6    00000018     ICallCC2650.obj (.text:ICallPlatform_pwrRequire)
                  000048ee    00000018     multi_role.obj (.text:ICall_free$18)
                  00004906    00000018     util.obj (.text:ICall_free$19)
                  0000491e    00000018     multi_role.obj (.text:ICall_freeMsg$18)
                  00004936    00000018     multi.obj (.text:ICall_freeMsg$3)
                  0000494e    00000018     ICallBleAPI.obj (.text:ICall_freeMsg$4)
                  00004966    00000018     ICall.obj (.text:ICall_freeMsg$6)
                  0000497e    00000002     --HOLE-- [fill = 0]
                  00004980    00000018     ICall.obj (.text:ICall_initPrim$6)
                  00004998    00000018     ICall.obj (.text:ICall_primMalloc$6)
                  000049b0    00000018     LCDDogm1286.obj (.text:LCD_bufferPrintString)
                  000049c8    00000018     util.obj (.text:Util_constructQueue)
                  000049e0    00000018     util.obj (.text:Util_isActive)
                  000049f8    00000018     multi.obj (.text:gapRole_setEvent$3)
                  00004a10    00000018     rtsv7M3_T_le_eabi.lib : args_main.obj (.text)
                  00004a28    00000018                           : ll_mul_t2.obj (.text)
                  00004a40    00000018     multi_role.obj (.text:simpleTopology_processAppMsg$18)
                  00004a58    00000018     appBLE_pem3.oem3 (.text:ti_sysbios_BIOS_rtsUnlock__I)
                  00004a70    00000018     appBLE_pem3.oem3 (.text:ti_sysbios_family_arm_cc26xx_Power_RFCORECLKS)
                  00004a88    00000018     sysbios.aem3 : mangled__BIOS_lib.obj (.text:ti_sysbios_family_arm_cc26xx_Timer_getCount64__E)
                  00004aa0    00000018     appBLE_pem3.oem3 (.text:ti_sysbios_rom_cortexm_cc26xx_CC26xx_checkRevision__E)
                  00004ab8    00000016     driverlib.lib : setup.obj (.text:GetTrimForXoscHfFastStart$36)
                  00004ace    00000016     ICall.obj (.text:ICall_abort$6)
                  00004ae4    00000016     ICall.obj (.text:ICall_leaveCSImpl)
                  00004afa    00000016     ICall.obj (.text:ICall_primStopTimer$6)
                  00004b10    00000016     appBLE_pem3.oem3 (.text:ti_sysbios_BIOS_exitFunc__I)
                  00004b26    00000002     --HOLE-- [fill = 0]
                  00004b28    00000014     multi.obj (.text:GAPRole_StartDevice)
                  00004b3c    00000014     ICallCC2650.obj (.text:ICallPlatform_pwrIsStableXOSCHF)
                  00004b50    00000014     multi_role.obj (.text:SensorTagMultiRoleTest_scanStartHandler$18)
                  00004b64    00000014     driverlib.lib : chipinfo.obj (.text:ThisCodeIsBuiltForCC26xxHwRev22AndLater_HaltIfViolated)
                  00004b78    00000014     rtsv7M3_T_le_eabi.lib : _lock.obj (.text)
                  00004b8c    00000014     ICallBleAPI.obj (.text:setICallCmdEvtHdr$4)
                  00004ba0    00000014     appBLE_pem3.oem3 (.text:ti_sysbios_knl_Clock_doTick__I)
                  00004bb4    00000012     LCDDogm1286.obj (.text:LCD_bufferClearPage)
                  00004bc6    00000012     LCDDogm1286_util.obj (.text:LCD_getStringLength)
                  00004bd8    00000012     appBLE_pem3.oem3 (.text:xdc_runtime_Startup_exec__I)
                  00004bea    00000002     --HOLE-- [fill = 0]
                  00004bec    00000010     ICallBleAPI.obj (.text:GAP_EndDiscoverable)
                  00004bfc    00000010     ICallCC2650.obj (.text:ICallPlatform_pwrGetXOSCStartupTime)
                  00004c0c    00000010     ICall.obj (.text:ICall_primGetTickPeriod$6)
                  00004c1c    00000010     ICall.obj (.text:ICall_taskEntry$6)
                  00004c2c    00000010     LCDDogm1286.obj (.text:LCD_update)
                  00004c3c    00000010     multi_role.obj (.text:simpleTopology_eventCB$18)
                  00004c4c    00000010     multi_role.obj (.text:simpleTopology_processStackMsg$18)
                  00004c5c    0000000e     ICallCC2650.obj (.text:ICallPlatform_pwrGetTransitionState)
                  00004c6a    0000000e     ICall.obj (.text:ICall_primDisableMInt$6)
                  00004c78    0000000e     ICall.obj (.text:ICall_primEnableMInt$6)
                  00004c86    0000000e     ICall.obj (.text:ICall_primFreeMsg$6)
                  00004c94    0000000e     ICall.obj (.text:ICall_primGetTicks$6)
                  00004ca2    0000000e     driverlib.lib : vims.obj (.text:NOROM_VIMSModeGet)
                  00004cb0    0000000e                   : setup.obj (.text:SignExtendVddrTrimValue$36)
                  00004cbe    0000000e     rtsv7M3_T_le_eabi.lib : copy_decompress_none.obj (.text:decompress:none)
                  00004ccc    0000000e     multi.obj (.text:gapRole_processStackMsg$3)
                  00004cda    0000000e     ICallBleAPI.obj (.text:matchLinkDBNumConnsCS$4)
                  00004ce8    0000000e     ICallBleAPI.obj (.text:setDispatchCmdEvtHdr$4)
                  00004cf6    00000002     --HOLE-- [fill = 0]
                  00004cf8    0000000c     ICallBleAPI.obj (.text:GAP_DeviceDiscoveryRequest)
                  00004d04    0000000c     ICallBleAPI.obj (.text:GAP_MakeDiscoverable)
                  00004d10    0000000c     ICall.obj (.text:ICall_clockFunc$6)
                  00004d1c    0000000c     ICall.obj (.text:ICall_primDisableInt$6)
                  00004d28    0000000c     ICall.obj (.text:ICall_primEnableInt$6)
                  00004d34    0000000c     ICall.obj (.text:ICall_primFree$6)
                  00004d40    0000000c     ICall.obj (.text:ICall_primSignal$6)
                  00004d4c    0000000c     driverlib.lib : cpu.obj (.text:NOROM_CPUcpsid)
                  00004d58    0000000c                   : cpu.obj (.text:NOROM_CPUcpsie)
                  00004d64    0000000c     rtsv7M3_T_le_eabi.lib : copy_zero_init.obj (.text:decompress:ZI)
                  00004d70    0000000c     sysbios.aem3 : mangled__BIOS_lib.obj (.text:ti_sysbios_BIOS_getThreadType__E)
                  00004d7c    0000000c                  : mangled__BIOS_lib.obj (.text:ti_sysbios_family_arm_cc26xx_Power_getTransitionState__E)
                  00004d88    0000000c                  : mangled__BIOS_lib.obj (.text:ti_sysbios_hal_Hwi_Params__init__S)
                  00004d94    0000000c     appBLE_pem3.oem3 (.text:xdc_runtime_Startup_reset__I)
                  00004da0    0000000a     ICallCC2650.obj (.text:ICallPlatform_pwrSwitchXOSCHF)
                  00004daa    0000000a     ICall.obj (.text:ICall_primE2S$6)
                  00004db4    0000000a     SPI.obj (.text:SPI_transfer)
                  00004dbe    00000006     ICallBleAPI.obj (.text:GAP_RegisterForMsgs)
                  00004dc4    00000006     ICall.obj (.text:ICall_mallocImpl)
                  00004dca    00000006     sysbios.aem3 : mangled__BIOS_lib.obj (.text:__xdc__init)
                  00004dd0    00000006     rtsv7M3_T_le_eabi.lib : copy_decompress_rle.obj (.text:decompress:rle24)
                  00004dd6    00000006     ICallBleAPI.obj (.text:matchGapDevDiscReqCS$4)
                  00004ddc    00000006     ICallBleAPI.obj (.text:matchGapDeviceInitCS$4)
                  00004de2    00000006     ICallBleAPI.obj (.text:matchGapEndDiscoverableCS$4)
                  00004de8    00000006     ICallBleAPI.obj (.text:matchGapMakeDiscoverableCS$4)
                  00004dee    00000006     ICallBleAPI.obj (.text:matchGapSetParamCS$4)
                  00004df4    00000006     ICallBleAPI.obj (.text:matchGapUpdateAdvDataCS$4)
                  00004dfa    00000006     ICallBleAPI.obj (.text:matchUtilNvReadCS$4)
                  00004e00    00000006     ICallBleAPI.obj (.text:matchUtilNvWriteCS$4)
                  00004e06    00000004     multi.obj (.text:gapRole_SetupGAP$3)
                  00004e0a    00000004     appBLE_pem3.oem3 (.text:ti_sysbios_family_arm_cc26xx_Power_NOP)
                  00004e0e    00000004     sysbios.aem3 : mangled__BIOS_lib.obj (.text:ti_sysbios_knl_Clock_isActive__E)
                  00004e12    00000002     --HOLE-- [fill = 0]
                  00004e14    00000008     (.tramp.xdc_runtime_Core_assignParams__I.1)
                  00004e1c    00000008     (.tramp.ti_sysbios_hal_Hwi_enableInterrupt__E.1)
                  00004e24    00000008     (.tramp.ti_sysbios_hal_Hwi_disableInterrupt__E.1)
                  00004e2c    00000008     (.tramp.ti_sysbios_knl_Task_enable__E.1)
                  00004e34    00000008     (.tramp.ti_sysbios_family_arm_m3_Hwi_enableFxn__E.1)
                  00004e3c    00000008     (.tramp.xdc_runtime_Startup_startMods__I.1)
                  00004e44    00000008     (.tramp.ti_sysbios_knl_Swi_post__E.1)
                  00004e4c    00000008     (.tramp.ti_sysbios_knl_Clock_logTick__E.1)
                  00004e54    00000008     (.tramp.ti_sysbios_BIOS_RtsGateProxy_leave__E.1)
                  00004e5c    00000008     (.tramp.ti_sysbios_knl_Queue_construct.1)
                  00004e64    00000008     (.tramp.ti_sysbios_BIOS_start__E.1)
                  00004e6c    00000008     (.tramp.ti_sysbios_BIOS_RtsGateProxy_enter__E.1)
                  00004e74    00000008     (.tramp.ti_sysbios_knl_Queue_dequeue__E.1)
                  00004e7c    00000008     (.tramp.ti_sysbios_knl_Task_startup__E.1)
                  00004e84    00000008     (.tramp.ti_sysbios_knl_Swi_startup__E.1)
                  00004e8c    00000008     (.tramp.ti_sysbios_hal_Hwi_startup__E.1)
                  00004e94    00000008     (.tramp.ti_sysbios_family_arm_cc26xx_Timer_startup__E.1)
                  00004e9c    00000008     (.tramp.xdc_runtime_System_atexit__E.1)
                  00004ea4    00000008     (.tramp.ti_sysbios_knl_Queue_enqueue__E.1)
                  00004eac    00000008     (.tramp.ti_sysbios_knl_Queue_put__E.1)
                  00004eb4    00000008     (.tramp.ti_sysbios_BIOS_setThreadType__E.1)
                  00004ebc    00000008     (.tramp.ti_sysbios_hal_Hwi_create.1)
                  00004ec4    00000008     (.tramp.ti_sysbios_knl_Task_construct.1)
                  00004ecc    00000008     (.tramp.xdc_runtime_System_exit__E.1)
                  00004ed4    00000008     (.tramp.ti_sysbios_knl_Semaphore_create.1)
                  00004edc    00000008     (.tramp.ti_sysbios_knl_Clock_construct.1)
                  00004ee4    00000008     (.tramp.ti_sysbios_knl_Task_create.1)
                  00004eec    00000008     (.tramp.ti_sysbios_knl_Task_Params__init__S.1)
                  00004ef4    00000008     (.tramp.ti_sysbios_knl_Clock_create.1)
                  00004efc    00000008     (.tramp.ti_sysbios_knl_Clock_Params__init__S.1)
                  00004f04    00000008     (.tramp.ti_sysbios_knl_Clock_scheduleNextTick__E.1)
                  00004f0c    00000008     (.tramp.ti_sysbios_knl_Clock_walkQueueDynamic__E.1)
                  00004f14    00000008     (.tramp.ti_sysbios_knl_Semaphore_post__E.1)
                  00004f1c    00000008     (.tramp.ti_sysbios_knl_Semaphore_pend__E.1)
                  00004f24    00000008     (.tramp.ti_sysbios_knl_Clock_getTicks__E.1)
                  00004f2c    00000008     (.tramp.ti_sysbios_knl_Task_self__E.1)
                  00004f34    00000008     (.tramp.ti_sysbios_knl_Clock_stop__E.1)
                  00004f3c    00000008     (.tramp.ti_sysbios_knl_Clock_start__E.1)
                  00004f44    00000008     (.tramp.ti_sysbios_knl_Clock_setTimeout__E.1)
                  00004f4c    00000008     (.tramp.ti_sysbios_knl_Clock_TimerProxy_getCurrentTick__E.1)
                  00004f54    00000008     (.tramp.ti_sysbios_family_arm_m3_Hwi_construct.1)
                  00004f5c    00000008     (.tramp.ti_sysbios_family_arm_m3_Hwi_Params__init__S.1)
                  00004f64    00000008     (.tramp.ti_sysbios_knl_Semaphore_construct.1)
                  00004f6c    00000008     (.tramp.ti_sysbios_knl_Semaphore_Params__init__S.1)
                  00004f74    00000008     (.tramp.ti_sysbios_knl_Task_restore__E.1)
                  00004f7c    00000008     (.tramp.ti_sysbios_knl_Swi_restore__E.1)
                  00004f84    00000008     (.tramp.ti_sysbios_knl_Swi_disable__E.1)
                  00004f8c    00000008     (.tramp.ti_sysbios_knl_Queue_next__E.1)
                  00004f94    00000008     (.tramp.ti_sysbios_knl_Queue_head__E.1)
                  00004f9c    00000008     (.tramp.ti_sysbios_knl_Queue_empty__E.1)
                  00004fa4    00000008     (.tramp.ti_sysbios_knl_Task_disable__E.1)

.const     0    00004fac    000003c8     
                  00004fac    000001dc     LCDDogm1286.obj (.const)
                  00005188    000000bc     ICall.obj (.const)
                  00005244    0000004c     appBLE_pem3.oem3 (.const:ti_sysbios_family_arm_cc26xx_Power_db)
                  00005290    00000048     appBLE_pem3.oem3 (.const:.string)
                  000052d8    00000028     appBLE_pem3.oem3 (.const:xdc_runtime_Startup_sfxnTab__A)
                  00005300    00000027     bleUserConfig.obj (.const:txPowerTable)
                  00005327    00000001     ICallCC2650.obj (.const)
                  00005328    00000014     appBLE_pem3.oem3 (.const:xdc_runtime_Startup_sfxnRts__A)
                  0000533c    0000000c     appBLE_pem3.oem3 (.const:xdc_runtime_Startup_firstFxns__A)
                  00005348    00000006     bleUserConfig.obj (.const)
                  0000534e    00000001     appBLE_pem3.oem3 (.const:xdc_runtime_Text_charTab__A)
                  0000534f    00000001     --HOLE-- [fill = 0]
                  00005350    00000004     appBLE_pem3.oem3 (.const:ti_sysbios_family_arm_cc26xx_Power_Module_State_clockObj__O)
                  00005354    00000004     appBLE_pem3.oem3 (.const:ti_sysbios_family_arm_cc26xx_Power_Module_State_lfClockObj__O)
                  00005358    00000004     appBLE_pem3.oem3 (.const:ti_sysbios_family_arm_cc26xx_Power_Module_State_notifyQ__O)
                  0000535c    00000004     appBLE_pem3.oem3 (.const:ti_sysbios_family_arm_cc26xx_Power_notifyTrapFunc__C)
                  00005360    00000004     appBLE_pem3.oem3 (.const:ti_sysbios_family_arm_cc26xx_Power_totalTicksSTANDBY__C)
                  00005364    00000004     appBLE_pem3.oem3 (.const:ti_sysbios_family_arm_cc26xx_Power_wakeDelaySTANDBY__C)
                  00005368    00000004     appBLE_pem3.oem3 (.const:ti_sysbios_family_arm_m3_Hwi_disablePriority__C)
                  0000536c    00000004     appBLE_pem3.oem3 (.const:ti_sysbios_knl_Clock_tickPeriod__C)
                  00005370    00000004     appBLE_pem3.oem3 (.const:ti_sysbios_knl_Idle_funcList__A)

.cinit     0    00005378    000004a0     
                  00005378    00000302     (.cinit..data.load) [load image, compression = rle]
                  0000567a    00000006     --HOLE-- [fill = 0]
                  00005680    0000002d     (.cinit..data:ti_sysbios_family_arm_m3_Hwi_Module__state__V.load) [load image, compression = rle]
                  000056ad    00000003     --HOLE-- [fill = 0]
                  000056b0    0000002c     (.cinit..data:ti_sysbios_knl_Task_Module__state__V.load) [load image, compression = rle]
                  000056dc    00000004     --HOLE-- [fill = 0]
                  000056e0    00000021     (.cinit..data:ti_sysbios_knl_Clock_Module__state__V.load) [load image, compression = rle]
                  00005701    00000007     --HOLE-- [fill = 0]
                  00005708    0000001f     (.cinit..data:ti_sysbios_BIOS_Module__state__V.load) [load image, compression = rle]
                  00005727    00000001     --HOLE-- [fill = 0]
                  00005728    00000011     (.cinit..data:ti_sysbios_knl_Swi_Module__state__V.load) [load image, compression = rle]
                  00005739    00000007     --HOLE-- [fill = 0]
                  00005740    0000000d     (.cinit..data:ti_sysbios_family_arm_cc26xx_Timer_Module__state__V.load) [load image, compression = rle]
                  0000574d    00000003     --HOLE-- [fill = 0]
                  00005750    0000000c     (__TI_handler_table)
                  0000575c    00000004     --HOLE-- [fill = 0]
                  00005760    0000000a     (.cinit..data:xdc_runtime_Memory_Module__state__V.load) [load image, compression = rle]
                  0000576a    00000006     --HOLE-- [fill = 0]
                  00005770    00000009     (.cinit..data:ti_sysbios_family_arm_cc26xx_TimestampProvider_Module__state__V.load) [load image, compression = rle]
                  00005779    00000007     --HOLE-- [fill = 0]
                  00005780    00000009     (.cinit..data:xdc_runtime_Startup_Module__state__V.load) [load image, compression = rle]
                  00005789    00000007     --HOLE-- [fill = 0]
                  00005790    00000009     (.cinit..data:xdc_runtime_System_Module__state__V.load) [load image, compression = rle]
                  00005799    00000007     --HOLE-- [fill = 0]
                  000057a0    00000008     (.cinit..bss.load) [load image, compression = zero_init]
                  000057a8    00000008     (.cinit..vecs.load) [load image, compression = zero_init]
                  000057b0    00000068     (__TI_cinit_table)

.init_array 
*          0    00000000    00000000     UNINITIALIZED

.ccfg      0    0001ffa8    00000058     
                  0001ffa8    00000058     ccfg_appBLE.obj (.ccfg:retain)

.vecs      0    20000000    000000c8     UNINITIALIZED
                  20000000    000000c8     appBLE_pem3.oem3 (.vecs)

.data:ti_sysbios_knl_Task_Module__state__V 
*          0    20000100    00000044     UNINITIALIZED
                  20000100    00000044     appBLE_pem3.oem3 (.data:ti_sysbios_knl_Task_Module__state__V)

.data:ti_sysbios_family_arm_m3_Hwi_Module__state__V 
*          0    20000144    00000034     UNINITIALIZED
                  20000144    00000034     appBLE_pem3.oem3 (.data:ti_sysbios_family_arm_m3_Hwi_Module__state__V)

.data:ti_sysbios_knl_Clock_Module__state__V 
*          0    20000178    0000002c     UNINITIALIZED
                  20000178    0000002c     appBLE_pem3.oem3 (.data:ti_sysbios_knl_Clock_Module__state__V)

.data:ti_sysbios_BIOS_Module__state__V 
*          0    200001a4    00000024     UNINITIALIZED
                  200001a4    00000024     appBLE_pem3.oem3 (.data:ti_sysbios_BIOS_Module__state__V)

.data:ti_sysbios_knl_Swi_Module__state__V 
*          0    200001c8    0000001c     UNINITIALIZED
                  200001c8    0000001c     appBLE_pem3.oem3 (.data:ti_sysbios_knl_Swi_Module__state__V)

.data:ti_sysbios_family_arm_cc26xx_Timer_Module__state__V 
*          0    200001e4    00000008     UNINITIALIZED
                  200001e4    00000008     appBLE_pem3.oem3 (.data:ti_sysbios_family_arm_cc26xx_Timer_Module__state__V)

.data:ti_sysbios_family_arm_cc26xx_TimestampProvider_Module__state__V 
*          0    200001ec    00000004     UNINITIALIZED
                  200001ec    00000004     appBLE_pem3.oem3 (.data:ti_sysbios_family_arm_cc26xx_TimestampProvider_Module__state__V)

.data:xdc_runtime_Startup_Module__state__V 
*          0    200001f0    00000008     UNINITIALIZED
                  200001f0    00000008     appBLE_pem3.oem3 (.data:xdc_runtime_Startup_Module__state__V)

.data:xdc_runtime_System_Module__state__V 
*          0    200001f8    00000008     UNINITIALIZED
                  200001f8    00000008     appBLE_pem3.oem3 (.data:xdc_runtime_System_Module__state__V)

.data:xdc_runtime_Memory_Module__state__V 
*          0    20000200    00000004     UNINITIALIZED
                  20000200    00000004     appBLE_pem3.oem3 (.data:xdc_runtime_Memory_Module__state__V)

.bss       0    20000208    00002599     UNINITIALIZED
                  20000208    00001b58     ICall.obj (.bss:heapmgrHeapStore$6)
                  20001d60    00000680     appBLE_pem3.oem3 (.bss:ti_sysbios_heaps_HeapMem_Instance_State_0_buf__A)
                  200023e0    00000200     appBLE_pem3.oem3 (.bss:taskStackSection)
                  200025e0    000000dc     PINCC26XX.obj (.bss)
                  200026bc    000000c8     appBLE_pem3.oem3 (.bss:ti_sysbios_family_arm_m3_Hwi_dispatchTable)
                  20002784    00000014     (.common:oscHfGlobals$35)
                  20002798    00000008     (.common:powerQualGlobals$37)
                  200027a0    00000001     (.common:driverlib_release_0_43243)

.data      0    200027a8    00000f3c     UNINITIALIZED
                  200027a8    00000400     board_lcd.obj (.data:lcdBuffer0)
                  20002ba8    00000380     multi.obj (.data)
                  20002f28    00000338     multi_role.obj (.data)
                  20003260    000000bc     appBLE_pem3.oem3 (.data)
                  2000331c    000000a8     ICall.obj (.data)
[...]
1001c24d  ti_sysbios_BIOS_RtsGateProxy_leave__E                                     
1001c251  ti_sysbios_family_arm_cc26xx_Timer_getExpiredTicks__E                     
1001c255  ti_sysbios_family_arm_cc26xx_Timer_getPeriod__E                           
1001c259  ti_sysbios_family_arm_cc26xx_Timer_setPeriod__E                           
1001c25d  ti_sysbios_family_arm_m3_Hwi_delete                                       
1001c261  ti_sysbios_family_arm_m3_Hwi_destruct                                     
1001c265  ti_sysbios_family_arm_m3_TaskSupport_Module__startupDone__S               
1001c269  ti_sysbios_gates_GateHwi_query__E                                         
1001c269  xdc_runtime_System_Module_GateProxy_query__E                              
1001c26d  ti_sysbios_gates_GateMutex_delete                                         
1001c271  ti_sysbios_gates_GateMutex_destruct                                       
1001c275  ti_sysbios_BIOS_RtsGateProxy_query__E                                     
1001c275  ti_sysbios_gates_GateMutex_query__E                                       
1001c275  ti_sysbios_heaps_HeapMem_Module_GateProxy_query__E                        
1001c279  ti_sysbios_hal_Hwi_HwiProxy_Module__startupDone__S                        
1001c27d  ti_sysbios_hal_Hwi_HwiProxy_delete                                        
1001c281  ti_sysbios_hal_Hwi_HwiProxy_disableInterrupt__E                           
1001c281  ti_sysbios_hal_Hwi_disableInterrupt__E                                    
1001c285  ti_sysbios_hal_Hwi_HwiProxy_enableInterrupt__E                            
1001c285  ti_sysbios_hal_Hwi_enableInterrupt__E                                     
1001c289  ti_sysbios_hal_Hwi_HwiProxy_getStackInfo__E                               
1001c289  ti_sysbios_hal_Hwi_getStackInfo__E                                        
1001c28d  ti_sysbios_hal_Hwi_HwiProxy_startup__E                                    
1001c28d  ti_sysbios_hal_Hwi_startup__E                                             
1001c291  ti_sysbios_hal_Hwi_HwiProxy_switchFromBootStack__E                        
1001c295  ti_sysbios_hal_Hwi_delete                                                 
1001c299  ti_sysbios_hal_Hwi_switchFromBootStack__E                                 
1001c29d  ti_sysbios_heaps_HeapMem_Module_GateProxy_enter__E                        
1001c2a1  ti_sysbios_heaps_HeapMem_Module_GateProxy_leave__E                        
1001c2a5  ti_sysbios_heaps_HeapMem_isBlocking__E                                    
1001c2a9  ti_sysbios_knl_Clock_TimerProxy_Module__startupDone__S                    
1001c2ad  ti_sysbios_knl_Clock_TimerProxy_getExpiredTicks__E                        
1001c2b1  ti_sysbios_knl_Clock_TimerProxy_getPeriod__E                              
1001c2b5  ti_sysbios_knl_Clock_delete                                               
1001c2b9  ti_sysbios_knl_Clock_destruct                                             
1001c2bd  ti_sysbios_knl_Clock_removeI__E                                           
1001c2c1  ti_sysbios_knl_Clock_setTimeout__E                                        
1001c2c5  ti_sysbios_knl_Mailbox_delete                                             
1001c2c9  ti_sysbios_knl_Mailbox_destruct                                           
1001c2cd  ti_sysbios_knl_Queue_delete                                               
1001c2d1  ti_sysbios_knl_Queue_destruct                                             
1001c2d5  ti_sysbios_knl_Queue_head__E                                              
1001c2d9  ti_sysbios_knl_Queue_next__E                                              
1001c2dd  ti_sysbios_knl_Semaphore_delete                                           
1001c2e1  ti_sysbios_knl_Semaphore_destruct                                         
1001c2e5  ti_sysbios_knl_Swi_delete                                                 
1001c2e9  ti_sysbios_knl_Swi_destruct                                               
1001c2ed  ti_sysbios_knl_Swi_postInit__I                                            
1001c2f1  ti_sysbios_knl_Task_SupportProxy_Module__startupDone__S                   
1001c2f5  ti_sysbios_knl_Task_SupportProxy_getStackAlignment__E                     
1001c2f9  ti_sysbios_knl_Task_SupportProxy_start__E                                 
1001c2fd  ti_sysbios_knl_Task_SupportProxy_swap__E                                  
1001c301  ti_sysbios_knl_Task_delete                                                
1001c305  ti_sysbios_knl_Task_destruct                                              
1001c309  ti_sysbios_knl_Task_startup__E                                            
1001c30d  xdc_runtime_Startup_startMods__I                                          
1001c405  xdc_runtime_Core_createObject__I                                          
1001c487  xdc_runtime_Error_policySpin__E                                           
1001c489  xdc_runtime_Memory_alloc__E                                               
1001c4f9  xdc_runtime_Core_deleteObject__I                                          
1001c559  xdc_runtime_Startup_exec__E                                               
1001c5a9  xdc_runtime_Assert_raise__I                                               
1001c5f1  xdc_runtime_Core_assignParams__I                                          
1001c639  xdc_runtime_Core_constructObject__I                                       
1001c681  xdc_runtime_System_atexit__E                                              
1001c6b9  xdc_runtime_System_processAtExit__E                                       
1001c6ed  xdc_runtime_Core_assignLabel__I                                           
1001c71d  xdc_runtime_Text_cordText__E                                              
1001c749  xdc_runtime_System_abort__E                                               
1001c769  xdc_runtime_Error_raiseX__E                                               
1001c785  xdc_runtime_Memory_valloc__E                                              
1001c7a1  xdc_runtime_Core_destructObject__I                                        
1001c7b9  xdc_runtime_Error_check__E                                                
1001c7d1  xdc_runtime_System_exit__E                                                
1001c7e9  xdc_runtime_Text_ropeText__E                                              
1001c801  xdc_runtime_Memory_free__E                                                
1001c811  xdc_runtime_SysCallback_abort__E                                          
1001c821  xdc_runtime_SysCallback_exit__E                                           
1001c831  xdc_runtime_Timestamp_SupportProxy_get32__E                               
1001c831  xdc_runtime_Timestamp_get32__E                                            
1001c841  xdc_runtime_Error_init__E                                                 
1001c84d  xdc_runtime_Memory_calloc__E                                              
1001c859  xdc_runtime_Memory_getMaxDefaultTypeAlign__E                              
1001c879  xdc_runtime_Gate_leaveSystem__E                                           
1001c87f  xdc_runtime_System_Module_startup__E                                      
1001c885  xdc_runtime_Gate_enterSystem__E                                           
1001c889  xdc_runtime_Memory_HeapProxy_alloc__E                                     
1001c88d  xdc_runtime_Memory_HeapProxy_free__E                                      
1001c891  xdc_runtime_System_Module_GateProxy_enter__E                              
1001c895  xdc_runtime_System_Module_GateProxy_leave__E                              
1001c899  xdc_runtime_System_abortSpin__E                                           
1001c89b  xdc_runtime_System_exitSpin__E                                            
1001c89d  ti_sysbios_family_arm_m3_Hwi_dispatch__I                                  
1001c96d  ti_sysbios_family_arm_m3_TaskSupport_buildTaskStack                       
1001c9b9  ti_sysbios_family_arm_m3_Hwi_initStacks__E                                
1001ca01  ti_sysbios_family_arm_m3_Hwi_excHandlerAsm__I                             
1001ca21  ti_sysbios_family_xxx_Hwi_switchAndRunFunc                                
1001ca3f  ti_sysbios_family_arm_m3_Hwi_pendSV__I                                    
1001ca57  ti_sysbios_family_arm_m3_Hwi_return                                       
1001ca59  ti_sysbios_family_arm_m3_TaskSupport_glue                                 
1001ca69  ti_sysbios_family_arm_m3_TaskSupport_swap__E                              
1001ca71  ti_sysbios_knl_Task_swapReturn                                            
1001ca9b  ti_sysbios_rom_cortexm_cc26xx_CC26xx_getRevision__E                       
20000000  ti_sysbios_family_arm_m3_Hwi_ramVectors                                   
20000100  ti_sysbios_knl_Task_Module__state__V                                      
20000144  ti_sysbios_family_arm_m3_Hwi_Module__state__V                             
20000178  ti_sysbios_knl_Clock_Module__state__V                                     
200001a4  ti_sysbios_BIOS_Module__state__V                                          
200001c8  ti_sysbios_knl_Swi_Module__state__V                                       
200001e4  ti_sysbios_family_arm_cc26xx_Timer_Module__state__V                       
200001ec  ti_sysbios_family_arm_cc26xx_TimestampProvider_Module__state__V           
200001f0  xdc_runtime_Startup_Module__state__V                                      
200001f8  xdc_runtime_System_Module__state__V                                       
20000200  xdc_runtime_Memory_Module__state__V                                       
20001d60  ti_sysbios_heaps_HeapMem_Instance_State_0_buf__A                          
200023e0  ti_sysbios_knl_Task_Instance_State_0_stack__A                             
200025e0  PIN_NumPins                                                               
20002640  PIN_HandleTable                                                           
200026bc  ti_sysbios_family_arm_m3_Hwi_dispatchTable                                
200027a0  driverlib_release_0_43243                                                 
200027a8  lcdBuffer0                                                                
20002ba8  linkDBNumConns                                                            
20002c60  gapRoleTask                                                               
20002cb0  multiConnInfo                                                             
20002d20  gapRoleTaskStack                                                          
20002f8c  sbmTask                                                                   
20002fdc  sbmTaskStack                                                              
20003260  ti_sysbios_family_arm_cc26xx_Power_refCount                               
20003273  ti_sysbios_family_arm_cc26xx_Power_constraintCounts                       
20003278  ti_sysbios_family_arm_cc26xx_Power_resourceHandlers                       
20003284  ti_sysbios_family_arm_cc26xx_Timer_Module__root__V                        
2000328c  ti_sysbios_family_arm_m3_Hwi_Module__root__V                              
20003294  ti_sysbios_family_arm_m3_Hwi_Module_State_0_excActive__A                  
20003298  ti_sysbios_family_arm_m3_Hwi_Module_State_0_excContext__A                 
2000329c  ti_sysbios_family_arm_m3_Hwi_Module_State_0_excStack__A                   
200032a0  ti_sysbios_gates_GateHwi_Module__root__V                                  
200032a8  ti_sysbios_gates_GateHwi_Object__table__V                                 
200032ac  ti_sysbios_gates_GateMutex_Module__root__V                                
200032b4  ti_sysbios_hal_Hwi_Module__root__V                                        
200032bc  ti_sysbios_heaps_HeapMem_Module__root__V                                  
200032c4  ti_sysbios_heaps_HeapMem_Object__table__V                                 
200032dc  ti_sysbios_knl_Clock_Module__root__V                                      
200032e4  ti_sysbios_knl_Event_Module__root__V                                      
200032ec  ti_sysbios_knl_Mailbox_Module__root__V                                    
200032f4  ti_sysbios_knl_Queue_Module__root__V                                      
200032fc  ti_sysbios_knl_Semaphore_Module__root__V                                  
20003304  ti_sysbios_knl_Swi_Module__root__V                                        
2000330c  ti_sysbios_knl_Task_Module__root__V                                       
20003314  ti_sysbios_knl_Task_Module_State_0_idleTask__A                            
20003318  __xdc__init__addr                                                         
2000331c  heapmgrBlkMax                                                             
2000331e  heapmgrBlkCnt                                                             
20003320  heapmgrBlkFree                                                            
20003322  heapmgrMemAlo                                                             
20003324  heapmgrMemMax                                                             
20003326  heapmgrMemUB                                                              
20003328  heapmgrMemFail                                                            
2000332c  ICall_dispatcher                                                          
20003334  ICall_enterCriticalSection                                                
20003338  ICall_leaveCriticalSection                                                
200033c4  ti_sysbios_family_arm_cc26xx_Power_Module__state__V                       
20003434  TSK_idle                                                                  
20003434  ti_sysbios_knl_Task_Object__table__V                                      
20003480  ti_sysbios_family_arm_cc26xx_Timer_Object__table__V                       
200034cc  hLCDPins                                                                  
200034d0  LCDPinTable                                                               
200034d8  LCDPinState                                                               
200034e4  lcdBuffers                                                                
20003508  BoardGpioInitTable                                                        
20003544  ti_sysbios_gates_GateMutex_Object__table__V                               
2000357c  rfRegTbl                                                                  
200035b0  ti_sysbios_family_arm_m3_Hwi_Object__table__V                             
200035e0  ti_sysbios_knl_Swi_Module_State_0_readyQ__A                               
20003610  ti_sysbios_knl_Swi_Object__table__V                                       
20003640  ti_sysbios_knl_Task_Module_State_0_readyQ__A                              
20003670  user0Cfg                                                                  
200036bc  lastAppOpcodeSent                                                         
200036c0  pfnBMAlloc                                                                
200036c4  pfnBMFree                                                                 
200036d0  _lock                                                                     
200036d4  _unlock                                                                   
200036d8  __TI_cleanup_ptr                                                          
200036dc  __TI_dtors_ptr                                                            
200036e0  main_func_sp                                                              
20004074  __stack                                                                   
20004474  __STACK_END                                                               
20004474  __STACK_TOP                                                               
e000e000  ti_sysbios_family_arm_m3_Hwi_nvic                                         
ffffffff  __binit__                                                                 
ffffffff  __c_args__                                                                
ffffffff  binit                                                                     
UNDEFED   SHT$$INIT_ARRAY$$Base                                                     
UNDEFED   SHT$$INIT_ARRAY$$Limit                                                    
UNDEFED   ti_sysbios_BIOS_RtsGateProxy_Handle__label__S__mangled__                  
UNDEFED   ti_sysbios_BIOS_RtsGateProxy_Object__delete__S__mangled__                 
UNDEFED   ti_sysbios_BIOS_RtsGateProxy_Params__init__S__mangled__                   
UNDEFED   ti_sysbios_BIOS_RtsGateProxy_query__E__mangled__                          
UNDEFED   ti_sysbios_hal_Hwi_HwiProxy_Module__startupDone__S__mangled__             
UNDEFED   ti_sysbios_hal_Hwi_HwiProxy_Object__delete__S__mangled__                  
UNDEFED   ti_sysbios_hal_Hwi_HwiProxy_Params__init__S__mangled__                    
UNDEFED   ti_sysbios_hal_Hwi_HwiProxy_disableInterrupt__E__mangled__                
UNDEFED   ti_sysbios_hal_Hwi_HwiProxy_enableInterrupt__E__mangled__                 
UNDEFED   ti_sysbios_hal_Hwi_HwiProxy_getStackInfo__E__mangled__                    
UNDEFED   ti_sysbios_hal_Hwi_HwiProxy_startup__E__mangled__                         
UNDEFED   ti_sysbios_hal_Hwi_HwiProxy_switchFromBootStack__E__mangled__             
UNDEFED   ti_sysbios_hal_Hwi_disableInterrupt__E__mangled__                         
UNDEFED   ti_sysbios_hal_Hwi_enableInterrupt__E__mangled__                          
UNDEFED   ti_sysbios_hal_Hwi_getStackInfo__E__mangled__                             
UNDEFED   ti_sysbios_hal_Hwi_startup__E__mangled__                                  
UNDEFED   ti_sysbios_hal_Hwi_switchFromBootStack__E__mangled__                      
UNDEFED   ti_sysbios_heaps_HeapMem_Module_GateProxy_Handle__label__S__mangled__     
UNDEFED   ti_sysbios_heaps_HeapMem_Module_GateProxy_Object__delete__S__mangled__    
UNDEFED   ti_sysbios_heaps_HeapMem_Module_GateProxy_Params__init__S__mangled__      
UNDEFED   ti_sysbios_heaps_HeapMem_Module_GateProxy_query__E__mangled__             
UNDEFED   ti_sysbios_knl_Clock_TimerProxy_Module__startupDone__S__mangled__         
UNDEFED   ti_sysbios_knl_Clock_TimerProxy_startup__E__mangled__                     
UNDEFED   ti_sysbios_knl_Task_SupportProxy_Module__startupDone__S__mangled__        
UNDEFED   ti_sysbios_knl_Task_SupportProxy_getStackAlignment__E__mangled__          
UNDEFED   ti_sysbios_knl_Task_SupportProxy_start__E__mangled__                      
UNDEFED   ti_sysbios_knl_Task_SupportProxy_swap__E__mangled__                       
UNDEFED   xdc_runtime_Main_Module_GateProxy_Handle__label__S                        
UNDEFED   xdc_runtime_Main_Module_GateProxy_Object__delete__S                       
UNDEFED   xdc_runtime_Main_Module_GateProxy_query__E                                
UNDEFED   xdc_runtime_Memory_HeapProxy_Handle__label__S__mangled__                  
UNDEFED   xdc_runtime_Memory_HeapProxy_Object__delete__S__mangled__                 
UNDEFED   xdc_runtime_System_Module_GateProxy_Handle__label__S__mangled__           
UNDEFED   xdc_runtime_System_Module_GateProxy_Object__delete__S__mangled__          
UNDEFED   xdc_runtime_System_Module_GateProxy_query__E__mangled__                   
UNDEFED   xdc_runtime_System_SupportProxy_abort__E                                  
UNDEFED   xdc_runtime_System_SupportProxy_exit__E                                   
UNDEFED   xdc_runtime_Timestamp_SupportProxy_get64__E__mangled__                    
UNDEFED   xdc_runtime_Timestamp_SupportProxy_getFreq__E__mangled__                  
UNDEFED   xdc_runtime_Timestamp_get32__E__mangled__                                 
UNDEFED   xdc_runtime_Timestamp_get64__E__mangled__                                 
UNDEFED   xdc_runtime_Timestamp_getFreq__E__mangled__                               

[744 symbols]
