******************************************************************************
                  TI ARM Linker PC v15.9.0                     
******************************************************************************
>> Linked Mon Mar 07 21:00:46 2016

OUTPUT FILE NAME:   <multi_role.out>
ENTRY POINT SYMBOL: "ResetISR"  address: 00004cd1


MEMORY CONFIGURATION

         name            origin    length      used     unused   attr    fill
----------------------  --------  ---------  --------  --------  ----  --------
  FLASH                 00000000   0000cfff  000072e3  00005d1c  R  X
  FLASH_LAST_PAGE       0001f000   00001000  00000058  00000fa8  R  X
  SRAM                  20000000   00004477  00003ee6  00000591  RW X


SEGMENT ALLOCATION MAP

run origin  load origin   length   init length attrs members
----------  ----------- ---------- ----------- ----- -------
00000000    00000000    000072f0   000072f0    r-x
  00000000    00000000    0000003c   0000003c    r-- .resetVecs
  0000003c    0000003c    000000c4   000000c4    r-x .text.1
  00000100    00000100    0000003c   0000003c    r-- .const:ti_sysbios_knl_Task_Object__PARAMS__C
  0000013c    0000013c    00000034   00000034    r-- .const:ti_sysbios_knl_Mailbox_Object__PARAMS__C
  00000170    00000170    00000030   00000030    r-- .const:ti_sysbios_family_arm_m3_Hwi_Object__PARAMS__C
  000001a0    000001a0    0000002c   0000002c    r-- .const:ti_sysbios_hal_Hwi_Object__PARAMS__C
  000001cc    000001cc    00000028   00000028    r-- .const:ti_sysbios_heaps_HeapMem_Module__FXNS__C
  000001f4    000001f4    00000028   00000028    r-- .const:ti_sysbios_knl_Swi_Object__PARAMS__C
  0000021c    0000021c    00000024   00000024    r-- .const:ti_sysbios_gates_GateHwi_Module__FXNS__C
  00000240    00000240    00000024   00000024    r-- .const:ti_sysbios_gates_GateMutex_Module__FXNS__C
  00000264    00000264    00000024   00000024    r-- .const:ti_sysbios_heaps_HeapMem_Object__PARAMS__C
  00000288    00000288    00000024   00000024    r-- .const:ti_sysbios_knl_Clock_Object__PARAMS__C
  000002ac    000002ac    00000024   00000024    r-- .const:ti_sysbios_knl_Semaphore_Object__PARAMS__C
  000002d0    000002d0    00000020   00000020    r-- .const:ti_sysbios_family_arm_m3_Hwi_Object__DESC__C
  000002f0    000002f0    00000020   00000020    r-- .const:ti_sysbios_gates_GateHwi_Object__DESC__C
  00000310    00000310    00000020   00000020    r-- .const:ti_sysbios_gates_GateMutex_Object__DESC__C
  00000330    00000330    00000020   00000020    r-- .const:ti_sysbios_hal_Hwi_Object__DESC__C
  00000350    00000350    00000020   00000020    r-- .const:ti_sysbios_heaps_HeapMem_Object__DESC__C
  00000370    00000370    00000020   00000020    r-- .const:ti_sysbios_knl_Clock_Object__DESC__C
  00000390    00000390    00000020   00000020    r-- .const:ti_sysbios_knl_Mailbox_Object__DESC__C
  000003b0    000003b0    00000020   00000020    r-- .const:ti_sysbios_knl_Queue_Object__DESC__C
  000003d0    000003d0    00000020   00000020    r-- .const:ti_sysbios_knl_Semaphore_Object__DESC__C
  000003f0    000003f0    00000020   00000020    r-- .const:ti_sysbios_knl_Swi_Object__DESC__C
  00000410    00000410    00000020   00000020    r-- .const:ti_sysbios_knl_Task_Object__DESC__C
  00000430    00000430    00000018   00000018    r-- .const:ti_sysbios_gates_GateHwi_Object__PARAMS__C
  00000448    00000448    00000018   00000018    r-- .const:ti_sysbios_gates_GateMutex_Object__PARAMS__C
  00000460    00000460    00000018   00000018    r-- .const:ti_sysbios_knl_Queue_Object__PARAMS__C
  00000478    00000478    00000008   00000008    r-- .const:ti_sysbios_knl_Idle_funcList__C
  00000480    00000480    00000004   00000004    r-x .text.2
  00000484    00000484    00000004   00000004    r-- .const:ti_sysbios_family_arm_cc26xx_Timer_startupNeeded__C
  00000488    00000488    00000004   00000004    r-- .const:ti_sysbios_family_arm_m3_Hwi_E_alreadyDefined__C
  0000048c    0000048c    00000004   00000004    r-- .const:ti_sysbios_family_arm_m3_Hwi_E_hwiLimitExceeded__C
  00000490    00000490    00000004   00000004    r-- .const:ti_sysbios_family_arm_m3_Hwi_NUM_INTERRUPTS__C
  00000494    00000494    00000004   00000004    r-- .const:ti_sysbios_family_arm_m3_Hwi_Object__count__C
  00000498    00000498    00000004   00000004    r-- .const:ti_sysbios_family_arm_m3_Hwi_Object__table__C
  0000049c    0000049c    00000004   00000004    r-- .const:ti_sysbios_family_arm_m3_Hwi_ccr__C
  000004a0    000004a0    00000004   00000004    r-- .const:ti_sysbios_family_arm_m3_Hwi_excHandlerFunc__C
  000004a4    000004a4    00000004   00000004    r-- .const:ti_sysbios_family_arm_m3_Hwi_nullIsrFunc__C
  000004a8    000004a8    00000004   00000004    r-- .const:ti_sysbios_family_arm_m3_Hwi_numSparseInterrupts__C
  000004ac    000004ac    00000004   00000004    r-- .const:ti_sysbios_family_arm_m3_Hwi_priGroup__C
  000004b0    000004b0    00000004   00000004    r-- .const:ti_sysbios_family_arm_m3_TaskSupport_stackAlignment__C
  000004b4    000004b4    00000004   00000004    r-- .const:ti_sysbios_heaps_HeapMem_E_memory__C
  000004b8    000004b8    00000004   00000004    r-- .const:ti_sysbios_heaps_HeapMem_Module__gateObj__C
  000004bc    000004bc    00000004   00000004    r-- .const:ti_sysbios_heaps_HeapMem_Object__count__C
  000004c0    000004c0    00000004   00000004    r-- .const:ti_sysbios_heaps_HeapMem_Object__table__C
  000004c4    000004c4    00000004   00000004    r-- .const:ti_sysbios_heaps_HeapMem_reqAlign__C
  000004c8    000004c8    00000004   00000004    r-- .const:ti_sysbios_knl_Clock_serviceMargin__C
  000004cc    000004cc    00000004   00000004    r-- .const:ti_sysbios_knl_Mailbox_Object__count__C
  000004d0    000004d0    00000004   00000004    r-- .const:ti_sysbios_knl_Mailbox_Object__table__C
  000004d4    000004d4    00000004   00000004    r-- .const:ti_sysbios_knl_Queue_Object__count__C
  000004d8    000004d8    00000004   00000004    r-- .const:ti_sysbios_knl_Queue_Object__table__C
  000004dc    000004dc    00000004   00000004    r-- .const:ti_sysbios_knl_Swi_Object__count__C
  000004e0    000004e0    00000004   00000004    r-- .const:ti_sysbios_knl_Swi_Object__table__C
  000004e4    000004e4    00000004   00000004    r-- .const:ti_sysbios_knl_Swi_numPriorities__C
  000004e8    000004e8    00000004   00000004    r-- .const:ti_sysbios_knl_Task_Object__count__C
  000004ec    000004ec    00000004   00000004    r-- .const:ti_sysbios_knl_Task_Object__table__C
  000004f0    000004f0    00000004   00000004    r-- .const:ti_sysbios_knl_Task_allBlockedFunc__C
  000004f4    000004f4    00000004   00000004    r-- .const:ti_sysbios_knl_Task_defaultStackHeap__C
  000004f8    000004f8    00000004   00000004    r-- .const:ti_sysbios_knl_Task_defaultStackSize__C
  000004fc    000004fc    00000004   00000004    r-- .const:ti_sysbios_knl_Task_numConstructedTasks__C
  00000500    00000500    00000002   00000002    r-x .text.3
  00000502    00000502    00000002   00000002    r-- .const:ti_sysbios_family_arm_cc26xx_Timer_Module__id__C
  00000504    00000504    00000002   00000002    r-- .const:ti_sysbios_family_arm_cc26xx_TimestampProvider_useClockTimer__C
  00000506    00000506    00000002   00000002    r-- .const:ti_sysbios_family_arm_m3_Hwi_Module__id__C
  00000508    00000508    00000002   00000002    r-- .const:ti_sysbios_gates_GateHwi_Module__id__C
  0000050a    0000050a    00000002   00000002    r-- .const:ti_sysbios_gates_GateMutex_Module__id__C
  0000050c    0000050c    00000002   00000002    r-- .const:ti_sysbios_heaps_HeapMem_Module__id__C
  0000050e    0000050e    00000002   00000002    r-- .const:ti_sysbios_knl_Task_initStackFlag__C
  00000510    00000510    00000001   00000001    r-- .const:ti_sysbios_knl_Clock_tickMode__C
  00000514    00000514    00000008   00000008    r-- .const:xdc_runtime_Startup_firstFxns__C
  0000051c    0000051c    00000008   00000008    r-- .const:xdc_runtime_Startup_lastFxns__C
  00000524    00000524    00000004   00000004    r-- .const:xdc_runtime_Assert_E_assertFailed__C
  00000528    00000528    00000004   00000004    r-- .const:xdc_runtime_Error_E_memory__C
  0000052c    0000052c    00000004   00000004    r-- .const:xdc_runtime_Error_policyFxn__C
  00000530    00000530    00000004   00000004    r-- .const:xdc_runtime_IGateProvider_Interface__BASE__C
  00000534    00000534    00000004   00000004    r-- .const:xdc_runtime_IHeap_Interface__BASE__C
  00000538    00000538    00000004   00000004    r-- .const:xdc_runtime_IModule_Interface__BASE__C
  0000053c    0000053c    00000004   00000004    r-- .const:xdc_runtime_Main_Module__diagsEnabled__C
  00000540    00000540    00000004   00000004    r-- .const:xdc_runtime_Main_Module__diagsIncluded__C
  00000544    00000544    00000004   00000004    r-- .const:xdc_runtime_Main_Module__diagsMask__C
  00000548    00000548    00000004   00000004    r-- .const:xdc_runtime_Memory_defaultHeapInstance__C
  0000054c    0000054c    00000004   00000004    r-- .const:xdc_runtime_Startup_execImpl__C
  00000550    00000550    00000004   00000004    r-- .const:xdc_runtime_Startup_maxPasses__C
  00000554    00000554    00000004   00000004    r-- .const:xdc_runtime_Startup_sfxnRts__C
  00000558    00000558    00000004   00000004    r-- .const:xdc_runtime_Startup_sfxnTab__C
  0000055c    0000055c    00000004   00000004    r-- .const:xdc_runtime_Startup_startModsFxn__C
  00000560    00000560    00000004   00000004    r-- .const:xdc_runtime_SysCallback_abortFxn__C
  00000564    00000564    00000004   00000004    r-- .const:xdc_runtime_SysCallback_exitFxn__C
  00000568    00000568    00000004   00000004    r-- .const:xdc_runtime_System_abortFxn__C
  0000056c    0000056c    00000004   00000004    r-- .const:xdc_runtime_System_exitFxn__C
  00000570    00000570    00000004   00000004    r-- .const:xdc_runtime_System_maxAtexitHandlers__C
  00000574    00000574    00000004   00000004    r-- .const:xdc_runtime_Text_charTab__C
  00000578    00000578    00000004   00000004    r-- .const:xdc_runtime_Text_nameEmpty__C
  0000057c    0000057c    00000004   00000004    r-- .const:xdc_runtime_Text_nameStatic__C
  00000580    00000580    00000004   00000004    r-- .const:xdc_runtime_Text_nameUnknown__C
  00000584    00000584    00000002   00000002    r-- .const:xdc_runtime_Main_Module__id__C
  00000586    00000586    00000002   00000002    r-- .const:xdc_runtime_Memory_Module__id__C
  00000588    00000588    00000002   00000002    r-- .const:xdc_runtime_Text_charCnt__C
  0000058a    0000058a    00000002   00000002    r-- .const:xdc_runtime_Text_isLoaded__C
  0000058c    0000058c    00000001   00000001    r-- .const:xdc_runtime_Error_policy__C
  00000590    00000590    00000004   00000004    r-- .const:ti_sysbios_rom_ROM_AONRTCChannelEnable
  00000594    00000594    00000004   00000004    r-- .const:ti_sysbios_rom_ROM_AONRTCCompareValueSet
  00000598    00000598    00000004   00000004    r-- .const:ti_sysbios_rom_ROM_AONRTCCurrentCompareValueGet
  0000059c    0000059c    00000004   00000004    r-- .const:ti_sysbios_rom_ROM_AONRTCEventClear
  000005a0    000005a0    00000004   00000004    r-- .const:ti_sysbios_rom_ROM_ti_sysbios_family_arm_cc26xx_Timer_getCount64__E
  000005a4    000005a4    00000004   00000004    r-- .const:ti_sysbios_rom_ROM_ti_sysbios_family_arm_cc26xx_Timer_getCurrentTick__E
  000005a8    000005a8    00000004   00000004    r-- .const:ti_sysbios_rom_ROM_ti_sysbios_family_arm_cc26xx_Timer_getMaxTicks__E
  000005ac    000005ac    00000004   00000004    r-- .const:ti_sysbios_rom_ROM_ti_sysbios_family_arm_cc26xx_Timer_initDevice__I
  000005b0    000005b0    00000004   00000004    r-- .const:ti_sysbios_rom_ROM_ti_sysbios_family_arm_cc26xx_Timer_setNextTick__E
  000005b4    000005b4    00000004   00000004    r-- .const:ti_sysbios_rom_ROM_ti_sysbios_family_arm_cc26xx_Timer_setThreshold__I
  000005b8    000005b8    00000004   00000004    r-- .const:ti_sysbios_rom_ROM_ti_sysbios_family_arm_cc26xx_Timer_start__E
  000005bc    000005bc    00000004   00000004    r-- .const:ti_sysbios_rom_ROM_ti_sysbios_family_arm_cc26xx_TimestampProvider_get32__E
  000005c0    000005c0    00000004   00000004    r-- .const:ti_sysbios_rom_ROM_xdc_runtime_Startup_getState__I
  000005c4    000005c4    00000004   00000004    r-- .const:ti_sysbios_rom_ROM_xdc_runtime_System_SupportProxy_abort__E
  000005c8    000005c8    00000004   00000004    r-- .const:ti_sysbios_rom_ROM_xdc_runtime_System_SupportProxy_exit__E
  000005cc    000005cc    00000004   00000004    r-- .const:ti_sysbios_gates_GateMutex_Instance_State_sem__O
  000005d0    000005d0    00000004   00000004    r-- .const:ti_sysbios_knl_Clock_Module_State_clockQ__O
  000005d4    000005d4    00000004   00000004    r-- .const:ti_sysbios_knl_Mailbox_Instance_State_dataQue__O
  000005d8    000005d8    00000004   00000004    r-- .const:ti_sysbios_knl_Mailbox_Instance_State_dataSem__O
  000005dc    000005dc    00000004   00000004    r-- .const:ti_sysbios_knl_Mailbox_Instance_State_freeQue__O
  000005e0    000005e0    00000004   00000004    r-- .const:ti_sysbios_knl_Mailbox_Instance_State_freeSem__O
  000005e4    000005e4    00000004   00000004    r-- .const:ti_sysbios_knl_Semaphore_Instance_State_pendQ__O
  000005e8    000005e8    00000004   00000004    r-- .const:ti_sysbios_knl_Task_Module_State_inactiveQ__O
  000005ec    000005ec    0000654c   0000654c    r-x .text.4
  00006b38    00006b38    000002d1   000002d1    r-- .const
  00006e10    00006e10    000004e0   000004e0    r-- .cinit
0001ffa8    0001ffa8    00000058   00000058    r--
  0001ffa8    0001ffa8    00000058   00000058    r-- .ccfg
20000000    20000000    000000c8   00000000    rw-
  20000000    20000000    000000c8   00000000    rw- .vecs
20000100    20000100    00003a28   00000000    rw-
  20000100    20000100    00000044   00000000    rw- .data:ti_sysbios_knl_Task_Module__state__V
  20000144    20000144    00000034   00000000    rw- .data:ti_sysbios_family_arm_m3_Hwi_Module__state__V
  20000178    20000178    0000002c   00000000    rw- .data:ti_sysbios_knl_Clock_Module__state__V
  200001a4    200001a4    00000024   00000000    rw- .data:ti_sysbios_BIOS_Module__state__V
  200001c8    200001c8    0000001c   00000000    rw- .data:ti_sysbios_knl_Swi_Module__state__V
  200001e4    200001e4    00000008   00000000    rw- .data:ti_sysbios_family_arm_cc26xx_Timer_Module__state__V
  200001ec    200001ec    00000004   00000000    rw- .data:ti_sysbios_family_arm_cc26xx_TimestampProvider_Module__state__V
  200001f0    200001f0    00000008   00000000    rw- .data:xdc_runtime_Startup_Module__state__V
  200001f8    200001f8    00000008   00000000    rw- .data:xdc_runtime_System_Module__state__V
  20000200    20000200    00000004   00000000    rw- .data:xdc_runtime_Memory_Module__state__V
  20000208    20000208    000027b2   00000000    rw- .bss
  200029c0    200029c0    00001168   00000000    rw- .data
20004074    20004074    00000400   00000000    rw-
  20004074    20004074    00000400   00000000    rw- .stack


SECTION ALLOCATION MAP

 output                                  attributes/
section   page    origin      length       input sections
--------  ----  ----------  ----------   ----------------
.resetVecs 
*          0    00000000    0000003c     
                  00000000    0000003c     appBLE_pem3.oem3 (.resetVecs)

.text.1    0    0000003c    000000c4     
                  0000003c    000000bc     UARTCC26XX.obj (.text:UARTCC26XX_initHw$10)
                  000000f8    00000008     (.tramp.ti_sysbios_BIOS_getCpuFreq__E.1)

.const:ti_sysbios_knl_Task_Object__PARAMS__C 
*          0    00000100    0000003c     
                  00000100    0000003c     appBLE_pem3.oem3 (.const:ti_sysbios_knl_Task_Object__PARAMS__C)

.const:ti_sysbios_knl_Mailbox_Object__PARAMS__C 
*          0    0000013c    00000034     
                  0000013c    00000034     appBLE_pem3.oem3 (.const:ti_sysbios_knl_Mailbox_Object__PARAMS__C)

.const:ti_sysbios_family_arm_m3_Hwi_Object__PARAMS__C 
*          0    00000170    00000030     
                  00000170    00000030     appBLE_pem3.oem3 (.const:ti_sysbios_family_arm_m3_Hwi_Object__PARAMS__C)

.const:ti_sysbios_hal_Hwi_Object__PARAMS__C 
*          0    000001a0    0000002c     
                  000001a0    0000002c     appBLE_pem3.oem3 (.const:ti_sysbios_hal_Hwi_Object__PARAMS__C)

.const:ti_sysbios_heaps_HeapMem_Module__FXNS__C 
*          0    000001cc    00000028     
                  000001cc    00000028     appBLE_pem3.oem3 (.const:ti_sysbios_heaps_HeapMem_Module__FXNS__C)

.const:ti_sysbios_knl_Swi_Object__PARAMS__C 
*          0    000001f4    00000028     
                  000001f4    00000028     appBLE_pem3.oem3 (.const:ti_sysbios_knl_Swi_Object__PARAMS__C)

.const:ti_sysbios_gates_GateHwi_Module__FXNS__C 
*          0    0000021c    00000024     
                  0000021c    00000024     appBLE_pem3.oem3 (.const:ti_sysbios_gates_GateHwi_Module__FXNS__C)

.const:ti_sysbios_gates_GateMutex_Module__FXNS__C 
*          0    00000240    00000024     
                  00000240    00000024     appBLE_pem3.oem3 (.const:ti_sysbios_gates_GateMutex_Module__FXNS__C)

.const:ti_sysbios_heaps_HeapMem_Object__PARAMS__C 
*          0    00000264    00000024     
                  00000264    00000024     appBLE_pem3.oem3 (.const:ti_sysbios_heaps_HeapMem_Object__PARAMS__C)

.const:ti_sysbios_knl_Clock_Object__PARAMS__C 
*          0    00000288    00000024     
                  00000288    00000024     appBLE_pem3.oem3 (.const:ti_sysbios_knl_Clock_Object__PARAMS__C)

.const:ti_sysbios_knl_Semaphore_Object__PARAMS__C 
*          0    000002ac    00000024     
                  000002ac    00000024     appBLE_pem3.oem3 (.const:ti_sysbios_knl_Semaphore_Object__PARAMS__C)

.const:ti_sysbios_family_arm_m3_Hwi_Object__DESC__C 
*          0    000002d0    00000020     
                  000002d0    00000020     appBLE_pem3.oem3 (.const:ti_sysbios_family_arm_m3_Hwi_Object__DESC__C)

.const:ti_sysbios_gates_GateHwi_Object__DESC__C 
*          0    000002f0    00000020     
                  000002f0    00000020     appBLE_pem3.oem3 (.const:ti_sysbios_gates_GateHwi_Object__DESC__C)

.const:ti_sysbios_gates_GateMutex_Object__DESC__C 
*          0    00000310    00000020     
                  00000310    00000020     appBLE_pem3.oem3 (.const:ti_sysbios_gates_GateMutex_Object__DESC__C)

.const:ti_sysbios_hal_Hwi_Object__DESC__C 
*          0    00000330    00000020     
                  00000330    00000020     appBLE_pem3.oem3 (.const:ti_sysbios_hal_Hwi_Object__DESC__C)

.const:ti_sysbios_heaps_HeapMem_Object__DESC__C 
*          0    00000350    00000020     
                  00000350    00000020     appBLE_pem3.oem3 (.const:ti_sysbios_heaps_HeapMem_Object__DESC__C)

.const:ti_sysbios_knl_Clock_Object__DESC__C 
*          0    00000370    00000020     
                  00000370    00000020     appBLE_pem3.oem3 (.const:ti_sysbios_knl_Clock_Object__DESC__C)

.const:ti_sysbios_knl_Mailbox_Object__DESC__C 
*          0    00000390    00000020     
                  00000390    00000020     appBLE_pem3.oem3 (.const:ti_sysbios_knl_Mailbox_Object__DESC__C)

.const:ti_sysbios_knl_Queue_Object__DESC__C 
*          0    000003b0    00000020     
                  000003b0    00000020     appBLE_pem3.oem3 (.const:ti_sysbios_knl_Queue_Object__DESC__C)

.const:ti_sysbios_knl_Semaphore_Object__DESC__C 
*          0    000003d0    00000020     
                  000003d0    00000020     appBLE_pem3.oem3 (.const:ti_sysbios_knl_Semaphore_Object__DESC__C)

.const:ti_sysbios_knl_Swi_Object__DESC__C 
*          0    000003f0    00000020     
                  000003f0    00000020     appBLE_pem3.oem3 (.const:ti_sysbios_knl_Swi_Object__DESC__C)

.const:ti_sysbios_knl_Task_Object__DESC__C 
*          0    00000410    00000020     
                  00000410    00000020     appBLE_pem3.oem3 (.const:ti_sysbios_knl_Task_Object__DESC__C)

.const:ti_sysbios_gates_GateHwi_Object__PARAMS__C 
*          0    00000430    00000018     
                  00000430    00000018     appBLE_pem3.oem3 (.const:ti_sysbios_gates_GateHwi_Object__PARAMS__C)

.const:ti_sysbios_gates_GateMutex_Object__PARAMS__C 
*          0    00000448    00000018     
                  00000448    00000018     appBLE_pem3.oem3 (.const:ti_sysbios_gates_GateMutex_Object__PARAMS__C)

.const:ti_sysbios_knl_Queue_Object__PARAMS__C 
*          0    00000460    00000018     
                  00000460    00000018     appBLE_pem3.oem3 (.const:ti_sysbios_knl_Queue_Object__PARAMS__C)

.const:ti_sysbios_knl_Idle_funcList__C 
*          0    00000478    00000008     
                  00000478    00000008     appBLE_pem3.oem3 (.const:ti_sysbios_knl_Idle_funcList__C)

.text.2    0    00000480    00000004     
                  00000480    00000004     ICall.obj (.text:ICall_primAbort$6)

.const:ti_sysbios_family_arm_cc26xx_Timer_startupNeeded__C 
*          0    00000484    00000004     
                  00000484    00000004     appBLE_pem3.oem3 (.const:ti_sysbios_family_arm_cc26xx_Timer_startupNeeded__C)

.const:ti_sysbios_family_arm_m3_Hwi_E_alreadyDefined__C 
*          0    00000488    00000004     
                  00000488    00000004     appBLE_pem3.oem3 (.const:ti_sysbios_family_arm_m3_Hwi_E_alreadyDefined__C)

.const:ti_sysbios_family_arm_m3_Hwi_E_hwiLimitExceeded__C 
*          0    0000048c    00000004     
                  0000048c    00000004     appBLE_pem3.oem3 (.const:ti_sysbios_family_arm_m3_Hwi_E_hwiLimitExceeded__C)

.const:ti_sysbios_family_arm_m3_Hwi_NUM_INTERRUPTS__C 
*          0    00000490    00000004     
                  00000490    00000004     appBLE_pem3.oem3 (.const:ti_sysbios_family_arm_m3_Hwi_NUM_INTERRUPTS__C)

.const:ti_sysbios_family_arm_m3_Hwi_Object__count__C 
*          0    00000494    00000004     
                  00000494    00000004     appBLE_pem3.oem3 (.const:ti_sysbios_family_arm_m3_Hwi_Object__count__C)

.const:ti_sysbios_family_arm_m3_Hwi_Object__table__C 
*          0    00000498    00000004     
                  00000498    00000004     appBLE_pem3.oem3 (.const:ti_sysbios_family_arm_m3_Hwi_Object__table__C)

.const:ti_sysbios_family_arm_m3_Hwi_ccr__C 
*          0    0000049c    00000004     
                  0000049c    00000004     appBLE_pem3.oem3 (.const:ti_sysbios_family_arm_m3_Hwi_ccr__C)

.const:ti_sysbios_family_arm_m3_Hwi_excHandlerFunc__C 
*          0    000004a0    00000004     
                  000004a0    00000004     appBLE_pem3.oem3 (.const:ti_sysbios_family_arm_m3_Hwi_excHandlerFunc__C)

.const:ti_sysbios_family_arm_m3_Hwi_nullIsrFunc__C 
*          0    000004a4    00000004     
                  000004a4    00000004     appBLE_pem3.oem3 (.const:ti_sysbios_family_arm_m3_Hwi_nullIsrFunc__C)

.const:ti_sysbios_family_arm_m3_Hwi_numSparseInterrupts__C 
*          0    000004a8    00000004     
                  000004a8    00000004     appBLE_pem3.oem3 (.const:ti_sysbios_family_arm_m3_Hwi_numSparseInterrupts__C)

.const:ti_sysbios_family_arm_m3_Hwi_priGroup__C 
*          0    000004ac    00000004     
                  000004ac    00000004     appBLE_pem3.oem3 (.const:ti_sysbios_family_arm_m3_Hwi_priGroup__C)

.const:ti_sysbios_family_arm_m3_TaskSupport_stackAlignment__C 
*          0    000004b0    00000004     
                  000004b0    00000004     appBLE_pem3.oem3 (.const:ti_sysbios_family_arm_m3_TaskSupport_stackAlignment__C)

.const:ti_sysbios_heaps_HeapMem_E_memory__C 
*          0    000004b4    00000004     
                  000004b4    00000004     appBLE_pem3.oem3 (.const:ti_sysbios_heaps_HeapMem_E_memory__C)

.const:ti_sysbios_heaps_HeapMem_Module__gateObj__C 
*          0    000004b8    00000004     
                  000004b8    00000004     appBLE_pem3.oem3 (.const:ti_sysbios_heaps_HeapMem_Module__gateObj__C)

.const:ti_sysbios_heaps_HeapMem_Object__count__C 
*          0    000004bc    00000004     
                  000004bc    00000004     appBLE_pem3.oem3 (.const:ti_sysbios_heaps_HeapMem_Object__count__C)

.const:ti_sysbios_heaps_HeapMem_Object__table__C 
*          0    000004c0    00000004     
                  000004c0    00000004     appBLE_pem3.oem3 (.const:ti_sysbios_heaps_HeapMem_Object__table__C)

.const:ti_sysbios_heaps_HeapMem_reqAlign__C 
*          0    000004c4    00000004     
                  000004c4    00000004     appBLE_pem3.oem3 (.const:ti_sysbios_heaps_HeapMem_reqAlign__C)

.const:ti_sysbios_knl_Clock_serviceMargin__C 
*          0    000004c8    00000004     
                  000004c8    00000004     appBLE_pem3.oem3 (.const:ti_sysbios_knl_Clock_serviceMargin__C)

.const:ti_sysbios_knl_Mailbox_Object__count__C 
*          0    000004cc    00000004     
                  000004cc    00000004     appBLE_pem3.oem3 (.const:ti_sysbios_knl_Mailbox_Object__count__C)

.const:ti_sysbios_knl_Mailbox_Object__table__C 
*          0    000004d0    00000004     
                  000004d0    00000004     appBLE_pem3.oem3 (.const:ti_sysbios_knl_Mailbox_Object__table__C)

.const:ti_sysbios_knl_Queue_Object__count__C 
*          0    000004d4    00000004     
                  000004d4    00000004     appBLE_pem3.oem3 (.const:ti_sysbios_knl_Queue_Object__count__C)

.const:ti_sysbios_knl_Queue_Object__table__C 
*          0    000004d8    00000004     
                  000004d8    00000004     appBLE_pem3.oem3 (.const:ti_sysbios_knl_Queue_Object__table__C)

.const:ti_sysbios_knl_Swi_Object__count__C 
*          0    000004dc    00000004     
                  000004dc    00000004     appBLE_pem3.oem3 (.const:ti_sysbios_knl_Swi_Object__count__C)

.const:ti_sysbios_knl_Swi_Object__table__C 
*          0    000004e0    00000004     
                  000004e0    00000004     appBLE_pem3.oem3 (.const:ti_sysbios_knl_Swi_Object__table__C)

.const:ti_sysbios_knl_Swi_numPriorities__C 
*          0    000004e4    00000004     
                  000004e4    00000004     appBLE_pem3.oem3 (.const:ti_sysbios_knl_Swi_numPriorities__C)

.const:ti_sysbios_knl_Task_Object__count__C 
*          0    000004e8    00000004     
                  000004e8    00000004     appBLE_pem3.oem3 (.const:ti_sysbios_knl_Task_Object__count__C)

.const:ti_sysbios_knl_Task_Object__table__C 
*          0    000004ec    00000004     
                  000004ec    00000004     appBLE_pem3.oem3 (.const:ti_sysbios_knl_Task_Object__table__C)

.const:ti_sysbios_knl_Task_allBlockedFunc__C 
*          0    000004f0    00000004     
                  000004f0    00000004     appBLE_pem3.oem3 (.const:ti_sysbios_knl_Task_allBlockedFunc__C)

.const:ti_sysbios_knl_Task_defaultStackHeap__C 
*          0    000004f4    00000004     
                  000004f4    00000004     appBLE_pem3.oem3 (.const:ti_sysbios_knl_Task_defaultStackHeap__C)

.const:ti_sysbios_knl_Task_defaultStackSize__C 
*          0    000004f8    00000004     
                  000004f8    00000004     appBLE_pem3.oem3 (.const:ti_sysbios_knl_Task_defaultStackSize__C)

.const:ti_sysbios_knl_Task_numConstructedTasks__C 
*          0    000004fc    00000004     
                  000004fc    00000004     appBLE_pem3.oem3 (.const:ti_sysbios_knl_Task_numConstructedTasks__C)

.text.3    0    00000500    00000002     
                  00000500    00000002     multi.obj (.text:gapRole_abort$3)

.const:ti_sysbios_family_arm_cc26xx_Timer_Module__id__C 
*          0    00000502    00000002     
                  00000502    00000002     appBLE_pem3.oem3 (.const:ti_sysbios_family_arm_cc26xx_Timer_Module__id__C)

.const:ti_sysbios_family_arm_cc26xx_TimestampProvider_useClockTimer__C 
*          0    00000504    00000002     
                  00000504    00000002     appBLE_pem3.oem3 (.const:ti_sysbios_family_arm_cc26xx_TimestampProvider_useClockTimer__C)

.const:ti_sysbios_family_arm_m3_Hwi_Module__id__C 
*          0    00000506    00000002     
                  00000506    00000002     appBLE_pem3.oem3 (.const:ti_sysbios_family_arm_m3_Hwi_Module__id__C)

.const:ti_sysbios_gates_GateHwi_Module__id__C 
*          0    00000508    00000002     
                  00000508    00000002     appBLE_pem3.oem3 (.const:ti_sysbios_gates_GateHwi_Module__id__C)

.const:ti_sysbios_gates_GateMutex_Module__id__C 
*          0    0000050a    00000002     
                  0000050a    00000002     appBLE_pem3.oem3 (.const:ti_sysbios_gates_GateMutex_Module__id__C)

.const:ti_sysbios_heaps_HeapMem_Module__id__C 
*          0    0000050c    00000002     
                  0000050c    00000002     appBLE_pem3.oem3 (.const:ti_sysbios_heaps_HeapMem_Module__id__C)

.const:ti_sysbios_knl_Task_initStackFlag__C 
*          0    0000050e    00000002     
                  0000050e    00000002     appBLE_pem3.oem3 (.const:ti_sysbios_knl_Task_initStackFlag__C)

.const:ti_sysbios_knl_Clock_tickMode__C 
*          0    00000510    00000001     
                  00000510    00000001     appBLE_pem3.oem3 (.const:ti_sysbios_knl_Clock_tickMode__C)

.const:xdc_runtime_Startup_firstFxns__C 
*          0    00000514    00000008     
                  00000514    00000008     appBLE_pem3.oem3 (.const:xdc_runtime_Startup_firstFxns__C)

.const:xdc_runtime_Startup_lastFxns__C 
*          0    0000051c    00000008     
                  0000051c    00000008     appBLE_pem3.oem3 (.const:xdc_runtime_Startup_lastFxns__C)

.const:xdc_runtime_Assert_E_assertFailed__C 
*          0    00000524    00000004     
                  00000524    00000004     appBLE_pem3.oem3 (.const:xdc_runtime_Assert_E_assertFailed__C)

.const:xdc_runtime_Error_E_memory__C 
*          0    00000528    00000004     
                  00000528    00000004     appBLE_pem3.oem3 (.const:xdc_runtime_Error_E_memory__C)

.const:xdc_runtime_Error_policyFxn__C 
*          0    0000052c    00000004     
                  0000052c    00000004     appBLE_pem3.oem3 (.const:xdc_runtime_Error_policyFxn__C)

.const:xdc_runtime_IGateProvider_Interface__BASE__C 
*          0    00000530    00000004     
                  00000530    00000004     appBLE_pem3.oem3 (.const:xdc_runtime_IGateProvider_Interface__BASE__C)

.const:xdc_runtime_IHeap_Interface__BASE__C 
*          0    00000534    00000004     
                  00000534    00000004     appBLE_pem3.oem3 (.const:xdc_runtime_IHeap_Interface__BASE__C)

.const:xdc_runtime_IModule_Interface__BASE__C 
*          0    00000538    00000004     
                  00000538    00000004     appBLE_pem3.oem3 (.const:xdc_runtime_IModule_Interface__BASE__C)

.const:xdc_runtime_Main_Module__diagsEnabled__C 
*          0    0000053c    00000004     
                  0000053c    00000004     appBLE_pem3.oem3 (.const:xdc_runtime_Main_Module__diagsEnabled__C)

.const:xdc_runtime_Main_Module__diagsIncluded__C 
*          0    00000540    00000004     
                  00000540    00000004     appBLE_pem3.oem3 (.const:xdc_runtime_Main_Module__diagsIncluded__C)

.const:xdc_runtime_Main_Module__diagsMask__C 
*          0    00000544    00000004     
                  00000544    00000004     appBLE_pem3.oem3 (.const:xdc_runtime_Main_Module__diagsMask__C)

.const:xdc_runtime_Memory_defaultHeapInstance__C 
*          0    00000548    00000004     
                  00000548    00000004     appBLE_pem3.oem3 (.const:xdc_runtime_Memory_defaultHeapInstance__C)

.const:xdc_runtime_Startup_execImpl__C 
*          0    0000054c    00000004     
                  0000054c    00000004     appBLE_pem3.oem3 (.const:xdc_runtime_Startup_execImpl__C)

.const:xdc_runtime_Startup_maxPasses__C 
*          0    00000550    00000004     
                  00000550    00000004     appBLE_pem3.oem3 (.const:xdc_runtime_Startup_maxPasses__C)

.const:xdc_runtime_Startup_sfxnRts__C 
*          0    00000554    00000004     
                  00000554    00000004     appBLE_pem3.oem3 (.const:xdc_runtime_Startup_sfxnRts__C)

.const:xdc_runtime_Startup_sfxnTab__C 
*          0    00000558    00000004     
                  00000558    00000004     appBLE_pem3.oem3 (.const:xdc_runtime_Startup_sfxnTab__C)

.const:xdc_runtime_Startup_startModsFxn__C 
*          0    0000055c    00000004     
                  0000055c    00000004     appBLE_pem3.oem3 (.const:xdc_runtime_Startup_startModsFxn__C)

.const:xdc_runtime_SysCallback_abortFxn__C 
*          0    00000560    00000004     
                  00000560    00000004     appBLE_pem3.oem3 (.const:xdc_runtime_SysCallback_abortFxn__C)

.const:xdc_runtime_SysCallback_exitFxn__C 
*          0    00000564    00000004     
                  00000564    00000004     appBLE_pem3.oem3 (.const:xdc_runtime_SysCallback_exitFxn__C)

.const:xdc_runtime_System_abortFxn__C 
*          0    00000568    00000004     
                  00000568    00000004     appBLE_pem3.oem3 (.const:xdc_runtime_System_abortFxn__C)

.const:xdc_runtime_System_exitFxn__C 
*          0    0000056c    00000004     
                  0000056c    00000004     appBLE_pem3.oem3 (.const:xdc_runtime_System_exitFxn__C)

.const:xdc_runtime_System_maxAtexitHandlers__C 
*          0    00000570    00000004     
                  00000570    00000004     appBLE_pem3.oem3 (.const:xdc_runtime_System_maxAtexitHandlers__C)

.const:xdc_runtime_Text_charTab__C 
*          0    00000574    00000004     
                  00000574    00000004     appBLE_pem3.oem3 (.const:xdc_runtime_Text_charTab__C)

.const:xdc_runtime_Text_nameEmpty__C 
*          0    00000578    00000004     
                  00000578    00000004     appBLE_pem3.oem3 (.const:xdc_runtime_Text_nameEmpty__C)

.const:xdc_runtime_Text_nameStatic__C 
*          0    0000057c    00000004     
                  0000057c    00000004     appBLE_pem3.oem3 (.const:xdc_runtime_Text_nameStatic__C)

.const:xdc_runtime_Text_nameUnknown__C 
*          0    00000580    00000004     
                  00000580    00000004     appBLE_pem3.oem3 (.const:xdc_runtime_Text_nameUnknown__C)

.const:xdc_runtime_Main_Module__id__C 
*          0    00000584    00000002     
                  00000584    00000002     appBLE_pem3.oem3 (.const:xdc_runtime_Main_Module__id__C)

.const:xdc_runtime_Memory_Module__id__C 
*          0    00000586    00000002     
                  00000586    00000002     appBLE_pem3.oem3 (.const:xdc_runtime_Memory_Module__id__C)

.const:xdc_runtime_Text_charCnt__C 
*          0    00000588    00000002     
                  00000588    00000002     appBLE_pem3.oem3 (.const:xdc_runtime_Text_charCnt__C)

.const:xdc_runtime_Text_isLoaded__C 
*          0    0000058a    00000002     
                  0000058a    00000002     appBLE_pem3.oem3 (.const:xdc_runtime_Text_isLoaded__C)

.const:xdc_runtime_Error_policy__C 
*          0    0000058c    00000001     
                  0000058c    00000001     appBLE_pem3.oem3 (.const:xdc_runtime_Error_policy__C)

.const:ti_sysbios_rom_ROM_AONRTCChannelEnable 
*          0    00000590    00000004     
                  00000590    00000004     appBLE_pem3.oem3 (.const:ti_sysbios_rom_ROM_AONRTCChannelEnable)

.const:ti_sysbios_rom_ROM_AONRTCCompareValueSet 
*          0    00000594    00000004     
                  00000594    00000004     appBLE_pem3.oem3 (.const:ti_sysbios_rom_ROM_AONRTCCompareValueSet)

.const:ti_sysbios_rom_ROM_AONRTCCurrentCompareValueGet 
*          0    00000598    00000004     
                  00000598    00000004     appBLE_pem3.oem3 (.const:ti_sysbios_rom_ROM_AONRTCCurrentCompareValueGet)

.const:ti_sysbios_rom_ROM_AONRTCEventClear 
*          0    0000059c    00000004     
                  0000059c    00000004     appBLE_pem3.oem3 (.const:ti_sysbios_rom_ROM_AONRTCEventClear)

.const:ti_sysbios_rom_ROM_ti_sysbios_family_arm_cc26xx_Timer_getCount64__E 
*          0    000005a0    00000004     
                  000005a0    00000004     appBLE_pem3.oem3 (.const:ti_sysbios_rom_ROM_ti_sysbios_family_arm_cc26xx_Timer_getCount64__E)

.const:ti_sysbios_rom_ROM_ti_sysbios_family_arm_cc26xx_Timer_getCurrentTick__E 
*          0    000005a4    00000004     
                  000005a4    00000004     appBLE_pem3.oem3 (.const:ti_sysbios_rom_ROM_ti_sysbios_family_arm_cc26xx_Timer_getCurrentTick__E)

.const:ti_sysbios_rom_ROM_ti_sysbios_family_arm_cc26xx_Timer_getMaxTicks__E 
*          0    000005a8    00000004     
                  000005a8    00000004     appBLE_pem3.oem3 (.const:ti_sysbios_rom_ROM_ti_sysbios_family_arm_cc26xx_Timer_getMaxTicks__E)

.const:ti_sysbios_rom_ROM_ti_sysbios_family_arm_cc26xx_Timer_initDevice__I 
*          0    000005ac    00000004     
                  000005ac    00000004     appBLE_pem3.oem3 (.const:ti_sysbios_rom_ROM_ti_sysbios_family_arm_cc26xx_Timer_initDevice__I)

.const:ti_sysbios_rom_ROM_ti_sysbios_family_arm_cc26xx_Timer_setNextTick__E 
*          0    000005b0    00000004     
                  000005b0    00000004     appBLE_pem3.oem3 (.const:ti_sysbios_rom_ROM_ti_sysbios_family_arm_cc26xx_Timer_setNextTick__E)

.const:ti_sysbios_rom_ROM_ti_sysbios_family_arm_cc26xx_Timer_setThreshold__I 
*          0    000005b4    00000004     
                  000005b4    00000004     appBLE_pem3.oem3 (.const:ti_sysbios_rom_ROM_ti_sysbios_family_arm_cc26xx_Timer_setThreshold__I)

.const:ti_sysbios_rom_ROM_ti_sysbios_family_arm_cc26xx_Timer_start__E 
*          0    000005b8    00000004     
                  000005b8    00000004     appBLE_pem3.oem3 (.const:ti_sysbios_rom_ROM_ti_sysbios_family_arm_cc26xx_Timer_start__E)

.const:ti_sysbios_rom_ROM_ti_sysbios_family_arm_cc26xx_TimestampProvider_get32__E 
*          0    000005bc    00000004     
                  000005bc    00000004     appBLE_pem3.oem3 (.const:ti_sysbios_rom_ROM_ti_sysbios_family_arm_cc26xx_TimestampProvider_get32__E)

.const:ti_sysbios_rom_ROM_xdc_runtime_Startup_getState__I 
*          0    000005c0    00000004     
                  000005c0    00000004     appBLE_pem3.oem3 (.const:ti_sysbios_rom_ROM_xdc_runtime_Startup_getState__I)

.const:ti_sysbios_rom_ROM_xdc_runtime_System_SupportProxy_abort__E 
*          0    000005c4    00000004     
                  000005c4    00000004     appBLE_pem3.oem3 (.const:ti_sysbios_rom_ROM_xdc_runtime_System_SupportProxy_abort__E)

.const:ti_sysbios_rom_ROM_xdc_runtime_System_SupportProxy_exit__E 
*          0    000005c8    00000004     
                  000005c8    00000004     appBLE_pem3.oem3 (.const:ti_sysbios_rom_ROM_xdc_runtime_System_SupportProxy_exit__E)

.const:ti_sysbios_gates_GateMutex_Instance_State_sem__O 
*          0    000005cc    00000004     
                  000005cc    00000004     appBLE_pem3.oem3 (.const:ti_sysbios_gates_GateMutex_Instance_State_sem__O)

.const:ti_sysbios_knl_Clock_Module_State_clockQ__O 
*          0    000005d0    00000004     
                  000005d0    00000004     appBLE_pem3.oem3 (.const:ti_sysbios_knl_Clock_Module_State_clockQ__O)

.const:ti_sysbios_knl_Mailbox_Instance_State_dataQue__O 
*          0    000005d4    00000004     
                  000005d4    00000004     appBLE_pem3.oem3 (.const:ti_sysbios_knl_Mailbox_Instance_State_dataQue__O)

.const:ti_sysbios_knl_Mailbox_Instance_State_dataSem__O 
*          0    000005d8    00000004     
                  000005d8    00000004     appBLE_pem3.oem3 (.const:ti_sysbios_knl_Mailbox_Instance_State_dataSem__O)

.const:ti_sysbios_knl_Mailbox_Instance_State_freeQue__O 
*          0    000005dc    00000004     
                  000005dc    00000004     appBLE_pem3.oem3 (.const:ti_sysbios_knl_Mailbox_Instance_State_freeQue__O)

.const:ti_sysbios_knl_Mailbox_Instance_State_freeSem__O 
*          0    000005e0    00000004     
                  000005e0    00000004     appBLE_pem3.oem3 (.const:ti_sysbios_knl_Mailbox_Instance_State_freeSem__O)

.const:ti_sysbios_knl_Semaphore_Instance_State_pendQ__O 
*          0    000005e4    00000004     
                  000005e4    00000004     appBLE_pem3.oem3 (.const:ti_sysbios_knl_Semaphore_Instance_State_pendQ__O)

.const:ti_sysbios_knl_Task_Module_State_inactiveQ__O 
*          0    000005e8    00000004     
                  000005e8    00000004     appBLE_pem3.oem3 (.const:ti_sysbios_knl_Task_Module_State_inactiveQ__O)

.text.4    0    000005ec    0000654c     
                  000005ec    00000440     sysbios.aem3 : mangled__BIOS_lib.obj (.text:xdc_runtime_System_doPrint__I)
                  00000a2c    00000376     driverlib.lib : setup.obj (.text:HapiTrimDeviceShutDown$49)
                  00000da2    00000002     rtsv7M3_T_le_eabi.lib : i_div0.obj (.text)
                  00000da4    0000034c     sysbios.aem3 : mangled__BIOS_lib.obj (.text:ti_sysbios_family_arm_cc26xx_Power_auxISR__E)
                  000010f0    000002f4                  : mangled__BIOS_lib.obj (.text:ti_sysbios_family_arm_cc26xx_Power_sleep__E)
                  000013e4    0000021c     rtsv7M3_T_le_eabi.lib : trgdrv.obj (.text)
                  00001600    000001f4                           : ull_div_t2.obj (.text)
                  000017f4    000001c8     driverlib.lib : sys_ctrl.obj (.text:SysCtrlSetRechargeBeforePowerDown)
                  000019bc    000001a4     multi.obj (.text:GAPRole_SetParameter)
                  00001b60    00000188     PINCC26XX.obj (.text:PIN_init)
                  00001ce8    00000174     UARTCC26XX.obj (.text:UARTCC26XX_open)
                  00001e5c    00000158     multi_role.obj (.text:simpleTopology_processRoleEvent$16)
                  00001fb4    00000138     multi.obj (.text:gapRole_processGAPMsg$3)
                  000020ec    00000130     rtsv7M3_T_le_eabi.lib : lowlev.obj (.text)
                  0000221c    00000130     sysbios.aem3 : mangled__BIOS_lib.obj (.text:xdc_runtime_Text_putSite__E)
                  0000234c    0000010c     ICall.obj (.text:ICall_heapMalloc)
                  00002458    00000104     sysbios.aem3 : mangled__BIOS_lib.obj (.text:calibrateRcoscHf1$28)
                  0000255c    00000100     UARTCC26XX.obj (.text:UARTCC26XX_write)
                  0000265c    000000fc     sysbios.aem3 : mangled__BIOS_lib.obj (.text:xdc_runtime_Text_putLab__E)
                  00002758    000000f8                  : mangled__BIOS_lib.obj (.text:ti_sysbios_family_arm_cc26xx_Power_startFirstMeasurement__E)
                  00002850    000000f8     appBLE_pem3.oem3 (.text:xdc_runtime_System_printfExtend__I)
                  00002948    000000f2     driverlib.lib : setup.obj (.text:GetTrimForAnabypassValue1$49)
                  00002a3a    00000002     appBLE_pem3.oem3 (.text:ti_sysbios_BIOS_nullFunc__I)
                  00002a3c    000000f0     sysbios.aem3 : mangled__BIOS_lib.obj (.text:ti_sysbios_family_arm_cc26xx_Power_standbyPolicy__E)
                  00002b2c    000000ec     ICall.obj (.text:ICall_primWaitMatch$6)
                  00002c18    000000e2     UARTCC26XX.obj (.text:UARTCC26XX_hwiIntFxn)
                  00002cfa    00000002     sysbios.aem3 : mangled__BIOS_lib.obj (.text:ti_sysbios_family_arm_cc26xx_Power_defaultClockFunc__E)
                  00002cfc    000000dc     multi_role.obj (.text:simpleTopology_init$16)
                  00002dd8    000000d8     sysbios.aem3 : mangled__BIOS_lib.obj (.text:ti_sysbios_family_arm_cc26xx_Power_setDependency__E)
                  00002eb0    000000d0     rtsv7M3_T_le_eabi.lib : setvbuf.obj (.text)
                  00002f80    000000d0     sysbios.aem3 : mangled__BIOS_lib.obj (.text:ti_sysbios_family_arm_cc26xx_Power_releaseDependency__E)
                  00003050    000000cc     multi.obj (.text:gapRole_taskFxn$3)
                  0000311c    000000b4     PINCC26XX.obj (.text:PINCC26XX_setIoCfg$13)
                  000031d0    000000b4     UARTCC26XX.obj (.text:UARTCC26XX_read)
                  00003284    000000b4     rtsv7M3_T_le_eabi.lib : fflush.obj (.text)
                  00003338    000000b4     driverlib.lib : setup.obj (.text:trimDevice)
                  000033ec    000000b0     sysbios.aem3 : mangled__BIOS_lib.obj (.text:ti_sysbios_knl_Clock_workFuncDynamic__E)
                  0000349c    000000a4     multi_role.obj (.text:simpleTopology_taskFxn$16)
                  00003540    000000a4     sysbios.aem3 : mangled__BIOS_lib.obj (.text:ti_sysbios_family_arm_cc26xx_Power_initiateCalibration__E)
                  000035e4    000000a0     auto_init.aem3 : auto_init.oem3 (.text)
                  00003684    0000009c     rtsv7M3_T_le_eabi.lib : memcpy_t2.obj (.text)
                  00003720    00000094     driverlib.lib : osc.obj (.text:OSCHF_GetStartupTime)
                  000037b4    00000094     UARTCC26XX.obj (.text:UARTCC26XX_initIO$10)
                  00003848    00000094     rtsv7M3_T_le_eabi.lib : fputc.obj (.text)
                  000038dc    00000090     driverlib.lib : setup.obj (.text:GetTrimForAmpcompCtrl$49)
                  0000396c    00000090     PINCC26XX.obj (.text:PIN_open)
                  000039fc    00000090     multi.obj (.text:gapRole_init$3)
                  00003a8c    00000090     UARTCC26XX.obj (.text:writeFinishedDoCallback$10)
                  00003b1c    0000008c     sysbios.aem3 : mangled__BIOS_lib.obj (.text:ti_sysbios_family_arm_cc26xx_Power_LF_clockFunc__E)
                  00003ba8    0000008c                  : mangled__BIOS_lib.obj (.text:ti_sysbios_family_arm_cc26xx_Power_Module_startup__E)
                  00003c34    00000088     UARTCC26XX.obj (.text:UARTCC26XX_writeCancel)
                  00003cbc    00000088     sysbios.aem3 : mangled__BIOS_lib.obj (.text:ti_sysbios_family_arm_cc26xx_Timer_start__E)
                  00003d44    00000084     ICall.obj (.text:ICall_primSetTimer$6)
                  00003dc8    0000007c     UARTCC26XX.obj (.text:writeTxFifoFlush$10)
                  00003e44    0000007a     rtsv7M3_T_le_eabi.lib : memset_t2.obj (.text)
                  00003ebe    00000002     sysbios.aem3 : mangled__BIOS_lib.obj (.text:ti_sysbios_family_arm_cc26xx_Power_defaultNotifyTrapFunc__E)
                  00003ec0    00000074     ICall.obj (.text:ICall_primSend$6)
                  00003f34    00000074     UARTCC26XX.obj (.text:UARTCC26XX_close)
                  00003fa8    00000072     driverlib.lib : chipinfo.obj (.text:ChipInfo_GetHwRevision)
                  0000401a    00000002     appBLE_pem3.oem3 (.text:ti_sysbios_rom_cortexm_cc26xx_CC26xx_badRomRevision__E)
                  0000401c    00000070     UARTCC26XX.obj (.text:UARTCC26XX_readCancel)
                  0000408c    0000006c     ICallCC2650.obj (.text:ICallPlatform_pwrUpdActivityCounter)
                  000040f8    0000006c     ICall.obj (.text:ICall_createRemoteTasks)
                  00004164    0000006c     driverlib.lib : sys_ctrl.obj (.text:SysCtrl_DCDC_VoltageConditionalControl)
                  000041d0    0000006c     rtsv7M3_T_le_eabi.lib : fclose.obj (.text)
                  0000423c    0000006a                           : copy_decompress_rle.obj (.text)
                  000042a6    00000002     sysbios.aem3 : mangled__BIOS_lib.obj (.text:xdc_runtime_SysCallback_defaultAbort)
                  000042a8    00000068     rtsv7M3_T_le_eabi.lib : trgmsg.obj (.text)
                  00004310    00000064     driverlib.lib : osc.obj (.text:OSCHF_AttemptToSwitchToXosc)
                  00004374    00000062                   : sys_ctrl.obj (.text:SysCtrlAdjustRechargeAfterPowerDown)
                  000043d6    00000062     rtsv7M3_T_le_eabi.lib : _io_perm.obj (.text)
                  00004438    00000060     appBLE_pem3.oem3 (.text:ti_sysbios_family_arm_cc26xx_Power_XOSC_HF_clockFunc__E)
                  00004498    00000060     sysbios.aem3 : mangled__BIOS_lib.obj (.text:ti_sysbios_family_arm_cc26xx_Timer_setNextTick__E)
                  000044f8    0000005c     appBLE_pem3.oem3 (.text:xdc_runtime_Startup_getState__I)
                  00004554    0000005a     driverlib.lib : ddi.obj (.text:NOROM_DDI16BitfieldWrite)
                  000045ae    00000002     sysbios.aem3 : mangled__BIOS_lib.obj (.text:xdc_runtime_SysCallback_defaultExit)
                  000045b0    00000058     ICall.obj (.text:ICall_primEnroll$6)
                  00004608    00000058     util.obj (.text:Util_constructClock)
                  00004660    00000058     sysbios.aem3 : mangled__BIOS_lib.obj (.text:ti_sysbios_family_arm_cc26xx_Power_notify__I)
                  000046b8    00000054     ICall.obj (.text:ICall_primThreadServes$6)
                  0000470c    00000054     uart_printf.obj (.text:uartPrintf_flush)
                  00004760    00000052     ICall.obj (.text:ICall_primWait$6)
                  000047b2    00000052     driverlib.lib : osc.obj (.text:NOROM_OSCClockSourceSet)
                  00004804    00000050     ICallBleAPI.obj (.text:GAP_DeviceInit)
                  00004854    00000050     ICallBleAPI.obj (.text:GAP_UpdateAdvertisingData)
                  000048a4    00000050     ICall.obj (.text:ICall_primGetEntityId$6)
                  000048f4    00000050     ICall.obj (.text:ICall_primRegisterApp$6)
                  00004944    00000050     PINCC26XX.obj (.text:PIN_remove)
                  00004994    00000050     util.obj (.text:Util_convertBdAddr2Str)
                  000049e4    00000050     UARTCC26XX.obj (.text:startTxFifoEmptyClk$10)
                  00004a34    0000004c     ICall.obj (.text:ICall_newTask$6)
                  00004a80    0000004c     UARTCC26XX.obj (.text:readFinishedDoCallback$10)
                  00004acc    0000004c     rtsv7M3_T_le_eabi.lib : cpy_tbl.obj (.text)
                  00004b18    0000004c                           : fseek.obj (.text)
                  00004b64    0000004c     sysbios.aem3 : mangled__BIOS_lib.obj (.text:xdc_runtime_Text_xprintf__I)
                  00004bb0    00000048     PINCC26XX.obj (.text:PIN_Isr$13)
                  00004bf8    00000048     ICallBleAPI.obj (.text:gapSendParamAndPtrCmd$4)
                  00004c40    00000048     multi_role.obj (.text:isRUThNode$16)
                  00004c88    00000046     driverlib.lib : ddi.obj (.text:NOROM_DDI16BitfieldRead)
                  00004cce    00000002     --HOLE-- [fill = 0]
                  00004cd0    00000044     boot.aem3 : boot.oem3 (.text)
                  00004d14    00000044     rtsv7M3_T_le_eabi.lib : exit.obj (.text)
                  00004d58    00000044     sysbios.aem3 : mangled__BIOS_lib.obj (.text:ti_sysbios_family_arm_cc26xx_Timer_initDevice__I)
                  00004d9c    00000042     ICall.obj (.text:ICall_primCreateSemaphore$6)
                  00004dde    00000042     ICall.obj (.text:ICall_primCreateTask$6)
                  00004e20    00000040     driverlib.lib : osc.obj (.text:NOROM_OSCInterfaceEnable)
                  00004e60    00000040     util.obj (.text:Util_restartClock)
                  00004ea0    00000040     multi.obj (.text:gapRoleInfo_Add)
                  00004ee0    00000040     rtsv7M3_T_le_eabi.lib : u_divt2.obj (.text)
                  00004f20    00000040     appBLE_pem3.oem3 (.text:ti_sysbios_family_arm_cc26xx_Power_XOSC_HF)
                  00004f60    00000040     sysbios.aem3 : mangled__BIOS_lib.obj (.text:ti_sysbios_family_arm_cc26xx_Power_isStableXOSC_HF__E)
                  00004fa0    00000040                  : mangled__BIOS_lib.obj (.text:ti_sysbios_family_arm_cc26xx_Timer_getCurrentTick__E)
                  00004fe0    0000003c     multi.obj (.text:GAPRole_createTask)
                  0000501c    0000003c     ICallCC2650.obj (.text:ICallPlatform_pwrConfigACAction)
                  00005058    0000003c     ICall.obj (.text:ICall_heapFree)
                  00005094    0000003c     multi_role.obj (.text:SimpleTopology_createTask)
                  000050d0    0000003c     ICallBleAPI.obj (.text:sendWaitMatchCS$4)
                  0000510c    0000003c     ICallBleAPI.obj (.text:sendWaitMatchValueCS$4)
                  00005148    0000003c     sysbios.aem3 : mangled__BIOS_lib.obj (.text:ti_sysbios_family_arm_cc26xx_Power_releaseConstraint__E)
                  00005184    0000003c     UARTCC26XX.obj (.text:writeData$10)
                  000051c0    0000003c     sysbios.aem3 : mangled__BIOS_lib.obj (.text:xdc_runtime_System_printf__E)
                  000051fc    0000003a     main.obj (.text:main)
                  00005236    00000002     --HOLE-- [fill = 0]
                  00005238    00000038     ICall.obj (.text:ICall_heapInit)
                  00005270    00000038     ICall.obj (.text:ICall_primGetMaxMSecs$6)
                  000052a8    00000038     PINCC26XX.obj (.text:PIN_setOutputEnable)
                  000052e0    00000038     ICallBleAPI.obj (.text:linkDB_NumConns)
                  00005318    00000038     UARTCC26XX.obj (.text:readData$10)
                  00005350    00000038     sysbios.aem3 : mangled__BIOS_lib.obj (.text:ti_sysbios_family_arm_cc26xx_Power_setConstraint__E)
                  00005388    00000038                  : mangled__BIOS_lib.obj (.text:ti_sysbios_family_arm_cc26xx_Timer_setThreshold__I)
                  000053c0    00000036     ICallCC2650.obj (.text:ICallPlatform_pwrDispenseImpl$7)
                  000053f6    00000036     ICallCC2650.obj (.text:ICallPlatform_pwrRequireImpl$7)
                  0000542c    00000036     ICall.obj (.text:ICall_primWaitSemaphore$6)
                  00005462    00000034     driverlib.lib : chipinfo.obj (.text:ChipInfo_GetChipFamily)
                  00005496    00000002     --HOLE-- [fill = 0]
                  00005498    00000034     ICallBleAPI.obj (.text:GAP_SetParamValue)
                  000054cc    00000034     ICallCC2650.obj (.text:ICallPlatform_pwrRegisterNotify)
                  00005500    00000034     ICall.obj (.text:ICall_primEntityId2ServiceId$6)
                  00005534    00000034     ICall.obj (.text:ICall_primFetchMsg$6)
                  00005568    00000034     ICall.obj (.text:ICall_primRegisterISR$6)
                  0000559c    00000034     ICall.obj (.text:ICall_primRegisterISR_Ext$6)
                  000055d0    00000034     ICall.obj (.text:ICall_searchServiceEntity$6)
                  00005604    00000034     driverlib.lib : setup.obj (.text:SetAonRtcSubSecInc$49)
                  00005638    00000034     ICallBleAPI.obj (.text:osal_snv_read)
                  0000566c    00000034     ICallBleAPI.obj (.text:osal_snv_write)
                  000056a0    00000034     ICallBleAPI.obj (.text:registerTask$4)
                  000056d4    00000034     rtsv7M3_T_le_eabi.lib : fopen.obj (.text)
                  00005708    00000033     sysbios.aem3 : mangled__BIOS_lib.obj (.text:xdc_runtime_Text_printVisFxn__I)
                  0000573b    00000001     --HOLE-- [fill = 0]
                  0000573c    00000032     driverlib.lib : osc.obj (.text:OSCHF_SwitchToRcOscTurnOffXosc)
                  0000576e    00000032     ICallBleAPI.obj (.text:gapSendPtrParamsCmd$4)
                  000057a0    00000032     ICallBleAPI.obj (.text:matchGapSetGetParamCS$4)
                  000057d2    00000032     ICallBleAPI.obj (.text:matchUtilNvCS$4)
                  00005804    00000030     ICallCC2650.obj (.text:ICallPlatform_pwrNotify$7)
                  00005834    00000030     ICall.obj (.text:ICall_msecs2Ticks$6)
                  00005864    00000030     PINCC26XX.obj (.text:PIN_setOutputValue)
                  00005894    00000030     appBLE_pem3.oem3 (.text:ti_sysbios_BIOS_atExitFunc__I)
                  000058c4    00000030     sysbios.aem3 : mangled__BIOS_lib.obj (.text:ti_sysbios_family_arm_cc26xx_Power_registerNotify__E)
                  000058f4    00000030                  : mangled__BIOS_lib.obj (.text:ti_sysbios_family_arm_cc26xx_Power_switchXOSC_HF__E)
                  00005924    0000002e     driverlib.lib : setup.obj (.text:GetTrimForRadcExtCfg$49)
                  00005952    0000002e     multi_role.obj (.text:ICall_fetchServiceMsg$16)
                  00005980    0000002e     multi.obj (.text:ICall_fetchServiceMsg$3)
                  000059ae    0000002e     ICall.obj (.text:ICall_msgDequeue$6)
                  000059dc    0000002e     util.obj (.text:Util_enqueueMsg)
                  00005a0a    0000002e     appBLE_pem3.oem3 (.text:malloc)
                  00005a38    0000002e     rtsv7M3_T_le_eabi.lib : strncpy.obj (.text)
                  00005a66    0000002c     driverlib.lib : aon_batmon.obj (.text:AONBatMonTemperatureGetDegC)
                  00005a92    00000002     --HOLE-- [fill = 0]
                  00005a94    0000002c     multi.obj (.text:ICall_getLocalMsgEntityId$3)
                  00005ac0    0000002c     ICall.obj (.text:ICall_msgEnqueue$6)
                  00005aec    0000002c     ICall.obj (.text:ICall_primAllocMsg$6)
                  00005b18    0000002c     ICall.obj (.text:ICall_primFetchServiceMsg$6)
                  00005b44    0000002c     ICall.obj (.text:ICall_searchTask$6)
                  00005b70    0000002c     ICallBleAPI.obj (.text:ICall_sendServiceMsg$4)
                  00005b9c    0000002c     driverlib.lib : aon_rtc.obj (.text:NOROM_AONRTCCurrentCompareValueGet)
                  00005bc8    0000002c     PINCC26XX.obj (.text:PIN_setConfig)
                  00005bf4    0000002c     multi_role.obj (.text:simpleTopology_enqueueMsg$16)
                  00005c20    0000002a     ICallBleAPI.obj (.text:ICall_waitMatch$4)
                  00005c4a    0000002a     ICallBleAPI.obj (.text:matchProfileCS$4)
                  00005c74    00000028     driverlib.lib : setup.obj (.text:GetTrimForAmpcompTh2$49)
                  00005c9c    00000028     ICall.obj (.text:ICall_init)
                  00005cc4    00000028     ICall.obj (.text:ICall_msgPrepend$6)
                  00005cec    00000028     multi_role.obj (.text:ICall_registerApp$16)
                  00005d14    00000028     multi.obj (.text:ICall_registerApp$3)
                  00005d3c    00000028     multi.obj (.text:gapRoleNumLinks)
                  00005d64    00000028     multi_role.obj (.text:memcomp$16)
                  00005d8c    00000028     appBLE_pem3.oem3 (.text:ti_sysbios_family_arm_cc26xx_Power_isDependencyActive)
                  00005db4    00000028     sysbios.aem3 : mangled__BIOS_lib.obj (.text:ti_sysbios_family_arm_cc26xx_Timer_getMaxTicks__E)
                  00005ddc    00000026     driverlib.lib : osc.obj (.text:NOROM_OSCClockSourceGet)
                  00005e02    00000024     ICallBleAPI.obj (.text:GAPBondMgr_LinkTerm)
                  00005e26    00000024     ICallBleAPI.obj (.text:GAPBondMgr_SlaveReqSecurity)
                  00005e4a    00000024     ICallBleAPI.obj (.text:ICall_getLocalMsgEntityId$4)
                  00005e6e    00000002     --HOLE-- [fill = 0]
                  00005e70    00000024     ICall.obj (.text:ICall_searchService$6)
                  00005e94    00000024     ICallBleAPI.obj (.text:ICall_threadServes$4)
                  00005eb8    00000024     PINCC26XX.obj (.text:PINCC26XX_setMux)
                  00005edc    00000024     UARTCC26XX.obj (.text:UARTCC26XX_control)
                  00005f00    00000024     appBLE_pem3.oem3 (.text:ti_sysbios_BIOS_registerRTSLock__I)
                  00005f24    00000024     appBLE_pem3.oem3 (.text:ti_sysbios_BIOS_removeRTSLock__I)
                  00005f48    00000024     appBLE_pem3.oem3 (.text:ti_sysbios_BIOS_startFunc__I)
                  00005f6c    00000024     sysbios.aem3 : mangled__BIOS_lib.obj (.text:ti_sysbios_family_arm_cc26xx_Timer_dynamicStub__E)
                  00005f90    00000022     multi.obj (.text:GAPRole_StartDiscovery)
                  00005fb2    00000022     driverlib.lib : setup.obj (.text:GetTrimForAmpcompTh1$49)
                  00005fd4    00000022     ICall.obj (.text:ICall_dispatch$6)
                  00005ff6    00000022     util.obj (.text:ICall_malloc$18)
                  00006018    00000020     driverlib.lib : setup.obj (.text:GetTrimForRcOscLfRtuneCtuneTrim$49)
                  00006038    00000020                   : setup.obj (.text:GetTrimForXoscHfCtl$49)
                  00006058    00000020     ICallBleAPI.obj (.text:ICall_allocMsg$4)
                  00006078    00000020     ICallBleAPI.obj (.text:ICall_getEntityId$4)
                  00006098    00000020     multi_role.obj (.text:ICall_malloc$16)
                  000060b8    00000020     ICall.obj (.text:ICall_primService$6)
                  000060d8    00000020     util.obj (.text:Util_dequeueMsg)
                  000060f8    00000020     multi.obj (.text:gapRoleInfo_Find)
                  00006118    00000020     appBLE_pem3.oem3 (.text:ti_sysbios_BIOS_rtsLock__I)
                  00006138    00000020     sysbios.aem3 : mangled__BIOS_lib.obj (.text:ti_sysbios_family_arm_cc26xx_TimestampProvider_get32__E)
                  00006158    00000020                  : mangled__BIOS_lib.obj (.text:xdc_runtime_SysStd_abort__E)
                  00006178    0000001e     ICall.obj (.text:ICall_primSendServiceMsg$6)
                  00006196    0000001e     PINCC26XX.obj (.text:PIN_close)
                  000061b4    0000001e     ICallBleAPI.obj (.text:waitMatchCS$4)
                  000061d2    0000001c     multi_role.obj (.text:ICall_wait$16)
                  000061ee    0000001c     multi.obj (.text:ICall_wait$3)
                  0000620a    00000002     --HOLE-- [fill = 0]
                  0000620c    0000001c     PINCC26XX.obj (.text:PINCC26XX_setIoCfgMux$13)
                  00006228    0000001c     ICallBleAPI.obj (.text:getStatusValueFromErrNo$4)
                  00006244    0000001c     sysbios.aem3 : mangled__BIOS_lib.obj (.text:ti_sysbios_family_arm_cc26xx_Power_unregisterNotify__E)
                  00006260    0000001a     ICall.obj (.text:ICall_enterCSImpl)
                  0000627a    0000001a     ICall.obj (.text:ICall_primSetTimerMSecs$6)
                  00006294    0000001a     driverlib.lib : osc.obj (.text:OSCHF_TurnOnXosc)
                  000062ae    00000018                   : chipinfo.obj (.text:ChipInfo_GetPackageType)
                  000062c6    00000018                   : setup.obj (.text:GetTrimForAdcShModeEn$49)
                  000062de    00000018                   : setup.obj (.text:GetTrimForAdcShVbufEn$49)
                  000062f6    00000018                   : setup.obj (.text:GetTrimForDblrLoopFilterResetVoltage$49)
                  0000630e    00000018                   : setup.obj (.text:GetTrimForRcOscLfIBiasTrim$49)
                  00006326    00000018                   : setup.obj (.text:GetTrimForXoscHfIbiastherm$49)
                  0000633e    00000018                   : setup.obj (.text:GetTrimForXoscLfRegulatorAndCmirrwrRatio$49)
                  00006356    00000018     ICallCC2650.obj (.text:ICallPlatform_pwrDispense)
                  0000636e    00000018     ICallCC2650.obj (.text:ICallPlatform_pwrRequire)
                  00006386    00000018     multi_role.obj (.text:ICall_free$16)
                  0000639e    00000018     util.obj (.text:ICall_free$18)
                  000063b6    00000018     multi_role.obj (.text:ICall_freeMsg$16)
                  000063ce    00000018     multi.obj (.text:ICall_freeMsg$3)
                  000063e6    00000018     ICallBleAPI.obj (.text:ICall_freeMsg$4)
                  000063fe    00000018     ICall.obj (.text:ICall_freeMsg$6)
                  00006416    00000002     --HOLE-- [fill = 0]
                  00006418    00000018     ICall.obj (.text:ICall_initPrim$6)
                  00006430    00000018     ICall.obj (.text:ICall_primMalloc$6)
                  00006448    00000018     UART.obj (.text:UART_Params_init)
                  00006460    00000018     util.obj (.text:Util_constructQueue)
                  00006478    00000018     util.obj (.text:Util_isActive)
                  00006490    00000018     appBLE_pem3.oem3 (.text:free)
                  000064a8    00000018     multi.obj (.text:gapRole_setEvent$3)
                  000064c0    00000018     rtsv7M3_T_le_eabi.lib : args_main.obj (.text)
                  000064d8    00000018                           : ll_mul_t2.obj (.text)
                  000064f0    00000018                           : strcmp.obj (.text)
                  00006508    00000018     multi_role.obj (.text:simpleTopology_processAppMsg$16)
                  00006520    00000018     appBLE_pem3.oem3 (.text:ti_sysbios_BIOS_rtsUnlock__I)
                  00006538    00000018     appBLE_pem3.oem3 (.text:ti_sysbios_family_arm_cc26xx_Power_RFCORECLKS)
                  00006550    00000018     sysbios.aem3 : mangled__BIOS_lib.obj (.text:ti_sysbios_family_arm_cc26xx_Timer_getCount64__E)
                  00006568    00000018     appBLE_pem3.oem3 (.text:ti_sysbios_rom_cortexm_cc26xx_CC26xx_checkRevision__E)
                  00006580    00000016     driverlib.lib : setup.obj (.text:GetTrimForXoscHfFastStart$49)
                  00006596    00000016     ICall.obj (.text:ICall_abort$6)
                  000065ac    00000016     ICall.obj (.text:ICall_leaveCSImpl)
                  000065c2    00000016     ICall.obj (.text:ICall_primStopTimer$6)
                  000065d8    00000016     rtsv7M3_T_le_eabi.lib : strchr.obj (.text)
                  000065ee    00000016     appBLE_pem3.oem3 (.text:ti_sysbios_BIOS_exitFunc__I)
                  00006604    00000014     multi.obj (.text:GAPRole_StartDevice)
                  00006618    00000014     ICallCC2650.obj (.text:ICallPlatform_pwrIsStableXOSCHF)
                  0000662c    00000014     multi_role.obj (.text:SensorTagMultiRoleTest_scanStartHandler$16)
                  00006640    00000014     driverlib.lib : chipinfo.obj (.text:ThisCodeIsBuiltForCC26xxHwRev22AndLater_HaltIfViolated)
                  00006654    00000014     UART.obj (.text:UART_open)
                  00006668    00000014     rtsv7M3_T_le_eabi.lib : _lock.obj (.text)
                  0000667c    00000014                           : strlen.obj (.text)
                  00006690    00000014     ICallBleAPI.obj (.text:setICallCmdEvtHdr$4)
                  000066a4    00000014     appBLE_pem3.oem3 (.text:ti_sysbios_knl_Clock_doTick__I)
                  000066b8    00000012     rtsv7M3_T_le_eabi.lib : strcpy.obj (.text)
                  000066ca    00000012     appBLE_pem3.oem3 (.text:xdc_runtime_Startup_exec__I)
                  000066dc    00000010     ICallBleAPI.obj (.text:GAP_EndDiscoverable)
                  000066ec    00000010     ICallCC2650.obj (.text:ICallPlatform_pwrGetXOSCStartupTime)
                  000066fc    00000010     ICall.obj (.text:ICall_primGetTickPeriod$6)
                  0000670c    00000010     ICall.obj (.text:ICall_taskEntry$6)
                  0000671c    00000010     UARTCC26XX.obj (.text:UARTCC26XX_init)
                  0000672c    00000010     multi_role.obj (.text:simpleTopology_eventCB$16)
                  0000673c    00000010     multi_role.obj (.text:simpleTopology_processStackMsg$16)
                  0000674c    00000010     UARTCC26XX.obj (.text:uartPostNotify$10)
                  0000675c    0000000e     ICallCC2650.obj (.text:ICallPlatform_pwrGetTransitionState)
                  0000676a    0000000e     ICall.obj (.text:ICall_primDisableMInt$6)
                  00006778    0000000e     ICall.obj (.text:ICall_primEnableMInt$6)
                  00006786    0000000e     ICall.obj (.text:ICall_primFreeMsg$6)
                  00006794    0000000e     ICall.obj (.text:ICall_primGetTicks$6)
                  000067a2    0000000e     driverlib.lib : vims.obj (.text:NOROM_VIMSModeGet)
                  000067b0    0000000e                   : setup.obj (.text:SignExtendVddrTrimValue$49)
                  000067be    0000000e     rtsv7M3_T_le_eabi.lib : copy_decompress_none.obj (.text:decompress:none)
                  000067cc    0000000e     multi.obj (.text:gapRole_processStackMsg$3)
                  000067da    0000000e     ICallBleAPI.obj (.text:matchLinkDBNumConnsCS$4)
                  000067e8    0000000e     ICallBleAPI.obj (.text:setDispatchCmdEvtHdr$4)
                  000067f6    00000002     --HOLE-- [fill = 0]
                  000067f8    0000000c     ICallBleAPI.obj (.text:GAP_DeviceDiscoveryRequest)
                  00006804    0000000c     ICallBleAPI.obj (.text:GAP_MakeDiscoverable)
                  00006810    0000000c     ICall.obj (.text:ICall_clockFunc$6)
                  0000681c    0000000c     ICall.obj (.text:ICall_primDisableInt$6)
                  00006828    0000000c     ICall.obj (.text:ICall_primEnableInt$6)
                  00006834    0000000c     ICall.obj (.text:ICall_primFree$6)
                  00006840    0000000c     ICall.obj (.text:ICall_primSignal$6)
                  0000684c    0000000c     driverlib.lib : cpu.obj (.text:NOROM_CPUcpsid)
                  00006858    0000000c                   : cpu.obj (.text:NOROM_CPUcpsie)
                  00006864    0000000c     uart_printf.obj (.text:UartPrintf_init)
                  00006870    0000000c     rtsv7M3_T_le_eabi.lib : copy_zero_init.obj (.text:decompress:ZI)
                  0000687c    0000000c     sysbios.aem3 : mangled__BIOS_lib.obj (.text:ti_sysbios_BIOS_getThreadType__E)
                  00006888    0000000c                  : mangled__BIOS_lib.obj (.text:ti_sysbios_family_arm_cc26xx_Power_getTransitionState__E)
                  00006894    0000000c                  : mangled__BIOS_lib.obj (.text:ti_sysbios_hal_Hwi_Params__init__S)
                  000068a0    0000000c     appBLE_pem3.oem3 (.text:xdc_runtime_Startup_reset__I)
                  000068ac    0000000c     sysbios.aem3 : mangled__BIOS_lib.obj (.text:xdc_runtime_SysStd_exit__E)
                  000068b8    0000000a     ICallCC2650.obj (.text:ICallPlatform_pwrSwitchXOSCHF)
                  000068c2    0000000a     ICall.obj (.text:ICall_primE2S$6)
                  000068cc    0000000a     UART.obj (.text:UART_write)
                  000068d6    00000008     UARTCC26XX.obj (.text:readSemCallback$10)
                  000068de    00000008     UARTCC26XX.obj (.text:writeSemCallback$10)
                  000068e6    00000008     appBLE_pem3.oem3 (.text:xdc_runtime_Text_visitRope__I)
                  000068ee    00000006     ICallBleAPI.obj (.text:GAP_RegisterForMsgs)
                  000068f4    00000006     ICall.obj (.text:ICall_mallocImpl)
                  000068fa    00000006     UARTCC26XX.obj (.text:UARTCC26XX_readPolling)
                  00006900    00000006     UARTCC26XX.obj (.text:UARTCC26XX_writePolling)
                  00006906    00000006     sysbios.aem3 : mangled__BIOS_lib.obj (.text:__xdc__init)
                  0000690c    00000006     rtsv7M3_T_le_eabi.lib : copy_decompress_rle.obj (.text:decompress:rle24)
                  00006912    00000006     ICallBleAPI.obj (.text:matchGapDevDiscReqCS$4)
                  00006918    00000006     ICallBleAPI.obj (.text:matchGapDeviceInitCS$4)
                  0000691e    00000006     ICallBleAPI.obj (.text:matchGapEndDiscoverableCS$4)
                  00006924    00000006     ICallBleAPI.obj (.text:matchGapMakeDiscoverableCS$4)
                  0000692a    00000006     ICallBleAPI.obj (.text:matchGapSetParamCS$4)
                  00006930    00000006     ICallBleAPI.obj (.text:matchGapUpdateAdvDataCS$4)
                  00006936    00000006     ICallBleAPI.obj (.text:matchUtilNvReadCS$4)
                  0000693c    00000006     ICallBleAPI.obj (.text:matchUtilNvWriteCS$4)
                  00006942    00000004     multi.obj (.text:gapRole_SetupGAP$3)
                  00006946    00000004     appBLE_pem3.oem3 (.text:ti_sysbios_family_arm_cc26xx_Power_NOP)
                  0000694a    00000004     sysbios.aem3 : mangled__BIOS_lib.obj (.text:ti_sysbios_knl_Clock_isActive__E)
                  0000694e    00000004                  : mangled__BIOS_lib.obj (.text:xdc_runtime_SysStd_putch__E)
                  00006952    00000004                  : mangled__BIOS_lib.obj (.text:xdc_runtime_SysStd_ready__E)
                  00006956    00000002     --HOLE-- [fill = 0]
                  00006958    00000008     (.tramp.xdc_runtime_Core_assignParams__I.1)
                  00006960    00000008     (.tramp.ti_sysbios_hal_Hwi_enableInterrupt__E.1)
                  00006968    00000008     (.tramp.ti_sysbios_hal_Hwi_disableInterrupt__E.1)
                  00006970    00000008     (.tramp.ti_sysbios_knl_Task_enable__E.1)
                  00006978    00000008     (.tramp.ti_sysbios_family_arm_m3_Hwi_enableFxn__E.1)
                  00006980    00000008     (.tramp.xdc_runtime_Startup_startMods__I.1)
                  00006988    00000008     (.tramp.ti_sysbios_knl_Swi_post__E.1)
                  00006990    00000008     (.tramp.ti_sysbios_knl_Clock_logTick__E.1)
                  00006998    00000008     (.tramp.ti_sysbios_BIOS_RtsGateProxy_leave__E.1)
                  000069a0    00000008     (.tramp.xdc_runtime_Memory_free__E.1)
                  000069a8    00000008     (.tramp.ti_sysbios_knl_Queue_construct.1)
                  000069b0    00000008     (.tramp.ti_sysbios_knl_Queue_remove__E.1)
                  000069b8    00000008     (.tramp.ti_sysbios_BIOS_RtsGateProxy_enter__E.1)
                  000069c0    00000008     (.tramp.ti_sysbios_knl_Queue_dequeue__E.1)
                  000069c8    00000008     (.tramp.ti_sysbios_knl_Task_startup__E.1)
                  000069d0    00000008     (.tramp.ti_sysbios_knl_Swi_startup__E.1)
                  000069d8    00000008     (.tramp.ti_sysbios_hal_Hwi_startup__E.1)
                  000069e0    00000008     (.tramp.ti_sysbios_family_arm_cc26xx_Timer_startup__E.1)
                  000069e8    00000008     (.tramp.xdc_runtime_System_atexit__E.1)
                  000069f0    00000008     (.tramp.xdc_runtime_Memory_alloc__E.1)
                  000069f8    00000008     (.tramp.xdc_runtime_Error_init__E.1)
                  00006a00    00000008     (.tramp.ti_sysbios_knl_Queue_enqueue__E.1)
                  00006a08    00000008     (.tramp.ti_sysbios_knl_Queue_put__E.1)
                  00006a10    00000008     (.tramp.ti_sysbios_BIOS_setThreadType__E.1)
                  00006a18    00000008     (.tramp.ti_sysbios_hal_Hwi_create.1)
                  00006a20    00000008     (.tramp.ti_sysbios_BIOS_start__E.1)
                  00006a28    00000008     (.tramp.ti_sysbios_knl_Task_construct.1)
                  00006a30    00000008     (.tramp.xdc_runtime_System_exit__E.1)
                  00006a38    00000008     (.tramp.ti_sysbios_knl_Semaphore_create.1)
                  00006a40    00000008     (.tramp.ti_sysbios_knl_Task_create.1)
                  00006a48    00000008     (.tramp.ti_sysbios_knl_Task_Params__init__S.1)
                  00006a50    00000008     (.tramp.ti_sysbios_knl_Clock_destruct.1)
                  00006a58    00000008     (.tramp.ti_sysbios_knl_Semaphore_destruct.1)
                  00006a60    00000008     (.tramp.ti_sysbios_family_arm_m3_Hwi_destruct.1)
                  00006a68    00000008     (.tramp.ti_sysbios_knl_Clock_create.1)
                  00006a70    00000008     (.tramp.ti_sysbios_knl_Clock_scheduleNextTick__E.1)
                  00006a78    00000008     (.tramp.ti_sysbios_knl_Clock_walkQueueDynamic__E.1)
                  00006a80    00000008     (.tramp.ti_sysbios_knl_Semaphore_post__E.1)
                  00006a88    00000008     (.tramp.ti_sysbios_knl_Clock_getTicks__E.1)
                  00006a90    00000008     (.tramp.ti_sysbios_knl_Task_self__E.1)
                  00006a98    00000008     (.tramp.ti_sysbios_knl_Clock_start__E.1)
                  00006aa0    00000008     (.tramp.ti_sysbios_knl_Clock_setTimeout__E.1)
                  00006aa8    00000008     (.tramp.ti_sysbios_knl_Clock_TimerProxy_getCurrentTick__E.1)
                  00006ab0    00000008     (.tramp.ti_sysbios_knl_Semaphore_pend__E.1)
                  00006ab8    00000008     (.tramp.ti_sysbios_knl_Clock_stop__E.1)
                  00006ac0    00000008     (.tramp.ti_sysbios_knl_Clock_construct.1)
                  00006ac8    00000008     (.tramp.ti_sysbios_knl_Clock_Params__init__S.1)
                  00006ad0    00000008     (.tramp.ti_sysbios_family_arm_m3_Hwi_restoreFxn__E.1)
                  00006ad8    00000008     (.tramp.ti_sysbios_family_arm_m3_Hwi_disableFxn__E.1)
                  00006ae0    00000008     (.tramp.ti_sysbios_family_arm_m3_Hwi_construct.1)
                  00006ae8    00000008     (.tramp.ti_sysbios_family_arm_m3_Hwi_Params__init__S.1)
                  00006af0    00000008     (.tramp.ti_sysbios_knl_Semaphore_construct.1)
                  00006af8    00000008     (.tramp.ti_sysbios_knl_Semaphore_Params__init__S.1)
                  00006b00    00000008     (.tramp.ti_sysbios_knl_Task_restore__E.1)
                  00006b08    00000008     (.tramp.ti_sysbios_knl_Swi_restore__E.1)
                  00006b10    00000008     (.tramp.ti_sysbios_knl_Swi_disable__E.1)
                  00006b18    00000008     (.tramp.ti_sysbios_knl_Queue_next__E.1)
                  00006b20    00000008     (.tramp.ti_sysbios_knl_Queue_head__E.1)
                  00006b28    00000008     (.tramp.ti_sysbios_knl_Queue_empty__E.1)
                  00006b30    00000008     (.tramp.ti_sysbios_knl_Task_disable__E.1)

.const     0    00006b38    000002d1     
                  00006b38    000000bc     ICall.obj (.const)
                  00006bf4    0000004c     appBLE_pem3.oem3 (.const:ti_sysbios_family_arm_cc26xx_Power_db)
                  00006c40    00000048     appBLE_pem3.oem3 (.const:.string)
                  00006c88    00000040     UARTCC26XX.obj (.const)
                  00006cc8    00000028     UARTCC26XX.obj (.const:UARTCC26XX_fxnTable)
                  00006cf0    00000028     appBLE_pem3.oem3 (.const:xdc_runtime_Startup_sfxnTab__A)
                  00006d18    00000027     bleUserConfig.obj (.const:txPowerTable)
                  00006d3f    00000001     ICallCC2650.obj (.const)
                  00006d40    00000024     UART.obj (.const:UART_defaultParams)
                  00006d64    00000018     Board.obj (.const:UART_config)
                  00006d7c    00000014     appBLE_pem3.oem3 (.const:xdc_runtime_Startup_sfxnRts__A)
                  00006d90    00000011     sysbios.aem3 : mangled__BIOS_lib.obj (.const:.string)
                  00006da1    00000011     util.obj (.const:.string)
                  00006db2    00000002     appBLE_pem3.oem3 (.const:xdc_runtime_Text_registryModsLastId__C)
                  00006db4    00000010     Board.obj (.const:uartCC26XXHWAttrs)
                  00006dc4    0000000c     appBLE_pem3.oem3 (.const:xdc_runtime_Startup_firstFxns__A)
                  00006dd0    00000008     appBLE_pem3.oem3 (.const:ti_sysbios_knl_Idle_funcList__A)
                  00006dd8    00000006     bleUserConfig.obj (.const)
                  00006dde    00000002     appBLE_pem3.oem3 (.const:xdc_runtime_Text_unnamedModsLastId__C)
[...]
1001c261  ti_sysbios_family_arm_m3_Hwi_destruct                                     
1001c265  ti_sysbios_family_arm_m3_TaskSupport_Module__startupDone__S               
1001c269  ti_sysbios_gates_GateHwi_query__E                                         
1001c269  xdc_runtime_System_Module_GateProxy_query__E                              
1001c26d  ti_sysbios_gates_GateMutex_delete                                         
1001c271  ti_sysbios_gates_GateMutex_destruct                                       
1001c275  ti_sysbios_BIOS_RtsGateProxy_query__E                                     
1001c275  ti_sysbios_gates_GateMutex_query__E                                       
1001c275  ti_sysbios_heaps_HeapMem_Module_GateProxy_query__E                        
1001c279  ti_sysbios_hal_Hwi_HwiProxy_Module__startupDone__S                        
1001c27d  ti_sysbios_hal_Hwi_HwiProxy_delete                                        
1001c281  ti_sysbios_hal_Hwi_HwiProxy_disableInterrupt__E                           
1001c281  ti_sysbios_hal_Hwi_disableInterrupt__E                                    
1001c285  ti_sysbios_hal_Hwi_HwiProxy_enableInterrupt__E                            
1001c285  ti_sysbios_hal_Hwi_enableInterrupt__E                                     
1001c289  ti_sysbios_hal_Hwi_HwiProxy_getStackInfo__E                               
1001c289  ti_sysbios_hal_Hwi_getStackInfo__E                                        
1001c28d  ti_sysbios_hal_Hwi_HwiProxy_startup__E                                    
1001c28d  ti_sysbios_hal_Hwi_startup__E                                             
1001c291  ti_sysbios_hal_Hwi_HwiProxy_switchFromBootStack__E                        
1001c295  ti_sysbios_hal_Hwi_delete                                                 
1001c299  ti_sysbios_hal_Hwi_switchFromBootStack__E                                 
1001c29d  ti_sysbios_heaps_HeapMem_Module_GateProxy_enter__E                        
1001c2a1  ti_sysbios_heaps_HeapMem_Module_GateProxy_leave__E                        
1001c2a5  ti_sysbios_heaps_HeapMem_isBlocking__E                                    
1001c2a9  ti_sysbios_knl_Clock_TimerProxy_Module__startupDone__S                    
1001c2ad  ti_sysbios_knl_Clock_TimerProxy_getExpiredTicks__E                        
1001c2b1  ti_sysbios_knl_Clock_TimerProxy_getPeriod__E                              
1001c2b5  ti_sysbios_knl_Clock_delete                                               
1001c2b9  ti_sysbios_knl_Clock_destruct                                             
1001c2bd  ti_sysbios_knl_Clock_removeI__E                                           
1001c2c1  ti_sysbios_knl_Clock_setTimeout__E                                        
1001c2c5  ti_sysbios_knl_Mailbox_delete                                             
1001c2c9  ti_sysbios_knl_Mailbox_destruct                                           
1001c2cd  ti_sysbios_knl_Queue_delete                                               
1001c2d1  ti_sysbios_knl_Queue_destruct                                             
1001c2d5  ti_sysbios_knl_Queue_head__E                                              
1001c2d9  ti_sysbios_knl_Queue_next__E                                              
1001c2dd  ti_sysbios_knl_Semaphore_delete                                           
1001c2e1  ti_sysbios_knl_Semaphore_destruct                                         
1001c2e5  ti_sysbios_knl_Swi_delete                                                 
1001c2e9  ti_sysbios_knl_Swi_destruct                                               
1001c2ed  ti_sysbios_knl_Swi_postInit__I                                            
1001c2f1  ti_sysbios_knl_Task_SupportProxy_Module__startupDone__S                   
1001c2f5  ti_sysbios_knl_Task_SupportProxy_getStackAlignment__E                     
1001c2f9  ti_sysbios_knl_Task_SupportProxy_start__E                                 
1001c2fd  ti_sysbios_knl_Task_SupportProxy_swap__E                                  
1001c301  ti_sysbios_knl_Task_delete                                                
1001c305  ti_sysbios_knl_Task_destruct                                              
1001c309  ti_sysbios_knl_Task_startup__E                                            
1001c30d  xdc_runtime_Startup_startMods__I                                          
1001c405  xdc_runtime_Core_createObject__I                                          
1001c487  xdc_runtime_Error_policySpin__E                                           
1001c489  xdc_runtime_Memory_alloc__E                                               
1001c4f9  xdc_runtime_Core_deleteObject__I                                          
1001c559  xdc_runtime_Startup_exec__E                                               
1001c5a9  xdc_runtime_Assert_raise__I                                               
1001c5f1  xdc_runtime_Core_assignParams__I                                          
1001c639  xdc_runtime_Core_constructObject__I                                       
1001c681  xdc_runtime_System_atexit__E                                              
1001c6b9  xdc_runtime_System_processAtExit__E                                       
1001c6ed  xdc_runtime_Core_assignLabel__I                                           
1001c71d  xdc_runtime_Text_cordText__E                                              
1001c749  xdc_runtime_System_abort__E                                               
1001c769  xdc_runtime_Error_raiseX__E                                               
1001c785  xdc_runtime_Memory_valloc__E                                              
1001c7a1  xdc_runtime_Core_destructObject__I                                        
1001c7b9  xdc_runtime_Error_check__E                                                
1001c7d1  xdc_runtime_System_exit__E                                                
1001c7e9  xdc_runtime_Text_ropeText__E                                              
1001c801  xdc_runtime_Memory_free__E                                                
1001c811  xdc_runtime_SysCallback_abort__E                                          
1001c821  xdc_runtime_SysCallback_exit__E                                           
1001c831  xdc_runtime_Timestamp_SupportProxy_get32__E                               
1001c831  xdc_runtime_Timestamp_get32__E                                            
1001c841  xdc_runtime_Error_init__E                                                 
1001c84d  xdc_runtime_Memory_calloc__E                                              
1001c859  xdc_runtime_Memory_getMaxDefaultTypeAlign__E                              
1001c879  xdc_runtime_Gate_leaveSystem__E                                           
1001c87f  xdc_runtime_System_Module_startup__E                                      
1001c885  xdc_runtime_Gate_enterSystem__E                                           
1001c889  xdc_runtime_Memory_HeapProxy_alloc__E                                     
1001c88d  xdc_runtime_Memory_HeapProxy_free__E                                      
1001c891  xdc_runtime_System_Module_GateProxy_enter__E                              
1001c895  xdc_runtime_System_Module_GateProxy_leave__E                              
1001c899  xdc_runtime_System_abortSpin__E                                           
1001c89b  xdc_runtime_System_exitSpin__E                                            
1001c89d  ti_sysbios_family_arm_m3_Hwi_dispatch__I                                  
1001c96d  ti_sysbios_family_arm_m3_TaskSupport_buildTaskStack                       
1001c9b9  ti_sysbios_family_arm_m3_Hwi_initStacks__E                                
1001ca01  ti_sysbios_family_arm_m3_Hwi_excHandlerAsm__I                             
1001ca21  ti_sysbios_family_xxx_Hwi_switchAndRunFunc                                
1001ca3f  ti_sysbios_family_arm_m3_Hwi_pendSV__I                                    
1001ca57  ti_sysbios_family_arm_m3_Hwi_return                                       
1001ca59  ti_sysbios_family_arm_m3_TaskSupport_glue                                 
1001ca69  ti_sysbios_family_arm_m3_TaskSupport_swap__E                              
1001ca71  ti_sysbios_knl_Task_swapReturn                                            
1001ca9b  ti_sysbios_rom_cortexm_cc26xx_CC26xx_getRevision__E                       
20000000  ti_sysbios_family_arm_m3_Hwi_ramVectors                                   
20000100  ti_sysbios_knl_Task_Module__state__V                                      
20000144  ti_sysbios_family_arm_m3_Hwi_Module__state__V                             
20000178  ti_sysbios_knl_Clock_Module__state__V                                     
200001a4  ti_sysbios_BIOS_Module__state__V                                          
200001c8  ti_sysbios_knl_Swi_Module__state__V                                       
200001e4  ti_sysbios_family_arm_cc26xx_Timer_Module__state__V                       
200001ec  ti_sysbios_family_arm_cc26xx_TimestampProvider_Module__state__V           
200001f0  xdc_runtime_Startup_Module__state__V                                      
200001f8  xdc_runtime_System_Module__state__V                                       
20000200  xdc_runtime_Memory_Module__state__V                                       
20001d60  ti_sysbios_heaps_HeapMem_Instance_State_0_buf__A                          
200023e0  ti_sysbios_knl_Task_Instance_State_0_stack__A                             
200025e0  __CIOBUF_                                                                 
20002700  PIN_NumPins                                                               
20002760  PIN_HandleTable                                                           
200027dc  uartCC26XXObjects                                                         
200028ac  ti_sysbios_family_arm_m3_Hwi_dispatchTable                                
200029b8  driverlib_release_0_43243                                                 
20002dc8  linkDBNumConns                                                            
20002e80  gapRoleTask                                                               
20002ed0  multiConnInfo                                                             
20002f40  gapRoleTaskStack                                                          
200031ac  sbmTask                                                                   
200031fc  sbmTaskStack                                                              
20003480  __aeabi_stdin                                                             
20003484  __aeabi_stdout                                                            
20003488  __aeabi_stderr                                                            
2000348c  __TI_ft_end                                                               
20003490  __TI_tmpnams                                                              
20003530  _ftable                                                                   
200036f0  ti_sysbios_family_arm_cc26xx_Power_refCount                               
20003703  ti_sysbios_family_arm_cc26xx_Power_constraintCounts                       
20003708  ti_sysbios_family_arm_cc26xx_Power_resourceHandlers                       
20003714  ti_sysbios_family_arm_cc26xx_Timer_Module__root__V                        
2000371c  ti_sysbios_family_arm_m3_Hwi_Module__root__V                              
20003724  ti_sysbios_family_arm_m3_Hwi_Module_State_0_excActive__A                  
20003728  ti_sysbios_family_arm_m3_Hwi_Module_State_0_excContext__A                 
2000372c  ti_sysbios_family_arm_m3_Hwi_Module_State_0_excStack__A                   
20003730  ti_sysbios_gates_GateHwi_Module__root__V                                  
20003738  ti_sysbios_gates_GateHwi_Object__table__V                                 
2000373c  ti_sysbios_gates_GateMutex_Module__root__V                                
20003744  ti_sysbios_hal_Hwi_Module__root__V                                        
2000374c  ti_sysbios_heaps_HeapMem_Module__root__V                                  
20003754  ti_sysbios_heaps_HeapMem_Object__table__V                                 
2000376c  ti_sysbios_knl_Clock_Module__root__V                                      
20003774  ti_sysbios_knl_Event_Module__root__V                                      
2000377c  ti_sysbios_knl_Mailbox_Module__root__V                                    
20003784  ti_sysbios_knl_Queue_Module__root__V                                      
2000378c  ti_sysbios_knl_Semaphore_Module__root__V                                  
20003794  ti_sysbios_knl_Swi_Module__root__V                                        
2000379c  ti_sysbios_knl_Task_Module__root__V                                       
200037a4  ti_sysbios_knl_Task_Module_State_0_idleTask__A                            
200037a8  __xdc__init__addr                                                         
200037ac  heapmgrBlkMax                                                             
200037ae  heapmgrBlkCnt                                                             
200037b0  heapmgrBlkFree                                                            
200037b2  heapmgrMemAlo                                                             
200037b4  heapmgrMemMax                                                             
200037b6  heapmgrMemUB                                                              
200037b8  heapmgrMemFail                                                            
200037bc  ICall_dispatcher                                                          
200037c4  ICall_enterCriticalSection                                                
200037c8  ICall_leaveCriticalSection                                                
20003854  ti_sysbios_family_arm_cc26xx_Power_Module__state__V                       
200038c4  TSK_idle                                                                  
200038c4  ti_sysbios_knl_Task_Object__table__V                                      
20003910  ti_sysbios_family_arm_cc26xx_Timer_Object__table__V                       
20003958  BoardGpioInitTable                                                        
20003994  ti_sysbios_gates_GateMutex_Object__table__V                               
200039cc  rfRegTbl                                                                  
20003a00  ti_sysbios_family_arm_m3_Hwi_Object__table__V                             
20003a30  ti_sysbios_knl_Swi_Module_State_0_readyQ__A                               
20003a60  ti_sysbios_knl_Swi_Object__table__V                                       
20003a90  ti_sysbios_knl_Task_Module_State_0_readyQ__A                              
20003ac0  user0Cfg                                                                  
20003af8  lastAppOpcodeSent                                                         
20003afc  pfnBMAlloc                                                                
20003b00  pfnBMFree                                                                 
20003b0c  _lock                                                                     
20003b10  _unlock                                                                   
20003b14  __TI_cleanup_ptr                                                          
20003b18  __TI_dtors_ptr                                                            
20003b1c  xdc_runtime_Registry_Module__state__V                                     
20003b24  main_func_sp                                                              
20004074  __stack                                                                   
20004474  __STACK_END                                                               
20004474  __STACK_TOP                                                               
e000e000  ti_sysbios_family_arm_m3_Hwi_nvic                                         
ffffffff  __binit__                                                                 
ffffffff  __c_args__                                                                
ffffffff  binit                                                                     
UNDEFED   SHT$$INIT_ARRAY$$Base                                                     
UNDEFED   SHT$$INIT_ARRAY$$Limit                                                    
UNDEFED   ti_sysbios_BIOS_RtsGateProxy_Handle__label__S__mangled__                  
UNDEFED   ti_sysbios_BIOS_RtsGateProxy_Object__delete__S__mangled__                 
UNDEFED   ti_sysbios_BIOS_RtsGateProxy_Params__init__S__mangled__                   
UNDEFED   ti_sysbios_BIOS_RtsGateProxy_query__E__mangled__                          
UNDEFED   ti_sysbios_hal_Hwi_HwiProxy_Module__startupDone__S__mangled__             
UNDEFED   ti_sysbios_hal_Hwi_HwiProxy_Object__delete__S__mangled__                  
UNDEFED   ti_sysbios_hal_Hwi_HwiProxy_Params__init__S__mangled__                    
UNDEFED   ti_sysbios_hal_Hwi_HwiProxy_disableInterrupt__E__mangled__                
UNDEFED   ti_sysbios_hal_Hwi_HwiProxy_enableInterrupt__E__mangled__                 
UNDEFED   ti_sysbios_hal_Hwi_HwiProxy_getStackInfo__E__mangled__                    
UNDEFED   ti_sysbios_hal_Hwi_HwiProxy_startup__E__mangled__                         
UNDEFED   ti_sysbios_hal_Hwi_HwiProxy_switchFromBootStack__E__mangled__             
UNDEFED   ti_sysbios_hal_Hwi_disableInterrupt__E__mangled__                         
UNDEFED   ti_sysbios_hal_Hwi_enableInterrupt__E__mangled__                          
UNDEFED   ti_sysbios_hal_Hwi_getStackInfo__E__mangled__                             
UNDEFED   ti_sysbios_hal_Hwi_startup__E__mangled__                                  
UNDEFED   ti_sysbios_hal_Hwi_switchFromBootStack__E__mangled__                      
UNDEFED   ti_sysbios_heaps_HeapMem_Module_GateProxy_Handle__label__S__mangled__     
UNDEFED   ti_sysbios_heaps_HeapMem_Module_GateProxy_Object__delete__S__mangled__    
UNDEFED   ti_sysbios_heaps_HeapMem_Module_GateProxy_Params__init__S__mangled__      
UNDEFED   ti_sysbios_heaps_HeapMem_Module_GateProxy_query__E__mangled__             
UNDEFED   ti_sysbios_knl_Clock_TimerProxy_Module__startupDone__S__mangled__         
UNDEFED   ti_sysbios_knl_Clock_TimerProxy_startup__E__mangled__                     
UNDEFED   ti_sysbios_knl_Task_SupportProxy_Module__startupDone__S__mangled__        
UNDEFED   ti_sysbios_knl_Task_SupportProxy_getStackAlignment__E__mangled__          
UNDEFED   ti_sysbios_knl_Task_SupportProxy_start__E__mangled__                      
UNDEFED   ti_sysbios_knl_Task_SupportProxy_swap__E__mangled__                       
UNDEFED   xdc_runtime_Main_Module_GateProxy_Handle__label__S                        
UNDEFED   xdc_runtime_Main_Module_GateProxy_Object__delete__S                       
UNDEFED   xdc_runtime_Main_Module_GateProxy_query__E                                
UNDEFED   xdc_runtime_Memory_HeapProxy_Handle__label__S__mangled__                  
UNDEFED   xdc_runtime_Memory_HeapProxy_Object__delete__S__mangled__                 
UNDEFED   xdc_runtime_System_Module_GateProxy_Handle__label__S__mangled__           
UNDEFED   xdc_runtime_System_Module_GateProxy_Object__delete__S__mangled__          
UNDEFED   xdc_runtime_System_Module_GateProxy_query__E__mangled__                   
UNDEFED   xdc_runtime_Timestamp_SupportProxy_get64__E__mangled__                    
UNDEFED   xdc_runtime_Timestamp_SupportProxy_getFreq__E__mangled__                  
UNDEFED   xdc_runtime_Timestamp_get32__E__mangled__                                 
UNDEFED   xdc_runtime_Timestamp_get64__E__mangled__                                 
UNDEFED   xdc_runtime_Timestamp_getFreq__E__mangled__                               

[822 symbols]
